Archive member included to satisfy reference by file (symbol)

D:/APP/GCC-ARM/bin/../lib/gcc/arm-none-eabi/15.2.1/../../../../arm-none-eabi/lib/thumb/v7e-m+dp/hard\libg_nano.a(libc_a-exit.o)
                              D:/APP/GCC-ARM/bin/../lib/gcc/arm-none-eabi/15.2.1/../../../../arm-none-eabi/lib/thumb/v7e-m+dp/hard/crt0.o (exit)
D:/APP/GCC-ARM/bin/../lib/gcc/arm-none-eabi/15.2.1/../../../../arm-none-eabi/lib/thumb/v7e-m+dp/hard\libg_nano.a(libc_a-findfp.o)
                              D:/APP/GCC-ARM/bin/../lib/gcc/arm-none-eabi/15.2.1/../../../../arm-none-eabi/lib/thumb/v7e-m+dp/hard\libg_nano.a(libc_a-exit.o) (__stdio_exit_handler)
D:/APP/GCC-ARM/bin/../lib/gcc/arm-none-eabi/15.2.1/../../../../arm-none-eabi/lib/thumb/v7e-m+dp/hard\libg_nano.a(libc_a-fwalk.o)
                              D:/APP/GCC-ARM/bin/../lib/gcc/arm-none-eabi/15.2.1/../../../../arm-none-eabi/lib/thumb/v7e-m+dp/hard\libg_nano.a(libc_a-findfp.o) (_fwalk_sglue)
D:/APP/GCC-ARM/bin/../lib/gcc/arm-none-eabi/15.2.1/../../../../arm-none-eabi/lib/thumb/v7e-m+dp/hard\libg_nano.a(libc_a-stdio.o)
                              D:/APP/GCC-ARM/bin/../lib/gcc/arm-none-eabi/15.2.1/../../../../arm-none-eabi/lib/thumb/v7e-m+dp/hard\libg_nano.a(libc_a-findfp.o) (__sread)
D:/APP/GCC-ARM/bin/../lib/gcc/arm-none-eabi/15.2.1/../../../../arm-none-eabi/lib/thumb/v7e-m+dp/hard\libg_nano.a(libc_a-memset.o)
                              D:/APP/GCC-ARM/bin/../lib/gcc/arm-none-eabi/15.2.1/../../../../arm-none-eabi/lib/thumb/v7e-m+dp/hard/crt0.o (memset)
D:/APP/GCC-ARM/bin/../lib/gcc/arm-none-eabi/15.2.1/../../../../arm-none-eabi/lib/thumb/v7e-m+dp/hard\libg_nano.a(libc_a-closer.o)
                              D:/APP/GCC-ARM/bin/../lib/gcc/arm-none-eabi/15.2.1/../../../../arm-none-eabi/lib/thumb/v7e-m+dp/hard\libg_nano.a(libc_a-stdio.o) (_close_r)
D:/APP/GCC-ARM/bin/../lib/gcc/arm-none-eabi/15.2.1/../../../../arm-none-eabi/lib/thumb/v7e-m+dp/hard\libg_nano.a(libc_a-reent.o)
                              D:/APP/GCC-ARM/bin/../lib/gcc/arm-none-eabi/15.2.1/../../../../arm-none-eabi/lib/thumb/v7e-m+dp/hard\libg_nano.a(libc_a-closer.o) (errno)
D:/APP/GCC-ARM/bin/../lib/gcc/arm-none-eabi/15.2.1/../../../../arm-none-eabi/lib/thumb/v7e-m+dp/hard\libg_nano.a(libc_a-impure.o)
                              D:/APP/GCC-ARM/bin/../lib/gcc/arm-none-eabi/15.2.1/../../../../arm-none-eabi/lib/thumb/v7e-m+dp/hard\libg_nano.a(libc_a-reent.o) (_impure_ptr)
D:/APP/GCC-ARM/bin/../lib/gcc/arm-none-eabi/15.2.1/../../../../arm-none-eabi/lib/thumb/v7e-m+dp/hard\libg_nano.a(libc_a-lseekr.o)
                              D:/APP/GCC-ARM/bin/../lib/gcc/arm-none-eabi/15.2.1/../../../../arm-none-eabi/lib/thumb/v7e-m+dp/hard\libg_nano.a(libc_a-stdio.o) (_lseek_r)
D:/APP/GCC-ARM/bin/../lib/gcc/arm-none-eabi/15.2.1/../../../../arm-none-eabi/lib/thumb/v7e-m+dp/hard\libg_nano.a(libc_a-readr.o)
                              D:/APP/GCC-ARM/bin/../lib/gcc/arm-none-eabi/15.2.1/../../../../arm-none-eabi/lib/thumb/v7e-m+dp/hard\libg_nano.a(libc_a-stdio.o) (_read_r)
D:/APP/GCC-ARM/bin/../lib/gcc/arm-none-eabi/15.2.1/../../../../arm-none-eabi/lib/thumb/v7e-m+dp/hard\libg_nano.a(libc_a-writer.o)
                              D:/APP/GCC-ARM/bin/../lib/gcc/arm-none-eabi/15.2.1/../../../../arm-none-eabi/lib/thumb/v7e-m+dp/hard\libg_nano.a(libc_a-stdio.o) (_write_r)
D:/APP/GCC-ARM/bin/../lib/gcc/arm-none-eabi/15.2.1/../../../../arm-none-eabi/lib/thumb/v7e-m+dp/hard\libg_nano.a(libc_a-init.o)
                              D:/APP/GCC-ARM/bin/../lib/gcc/arm-none-eabi/15.2.1/../../../../arm-none-eabi/lib/thumb/v7e-m+dp/hard/crt0.o (__libc_init_array)
D:/APP/GCC-ARM/bin/../lib/gcc/arm-none-eabi/15.2.1/../../../../arm-none-eabi/lib/thumb/v7e-m+dp/hard\libg_nano.a(libc_a-lock.o)
                              D:/APP/GCC-ARM/bin/../lib/gcc/arm-none-eabi/15.2.1/../../../../arm-none-eabi/lib/thumb/v7e-m+dp/hard\libg_nano.a(libc_a-findfp.o) (__retarget_lock_init_recursive)
D:/APP/GCC-ARM/bin/../lib/gcc/arm-none-eabi/15.2.1/../../../../arm-none-eabi/lib/thumb/v7e-m+dp/hard\libg_nano.a(libc_a-freer.o)
                              D:/APP/GCC-ARM/bin/../lib/gcc/arm-none-eabi/15.2.1/../../../../arm-none-eabi/lib/thumb/v7e-m+dp/hard\libg_nano.a(libc_a-reent.o) (_free_r)
D:/APP/GCC-ARM/bin/../lib/gcc/arm-none-eabi/15.2.1/../../../../arm-none-eabi/lib/thumb/v7e-m+dp/hard\libg_nano.a(libc_a-mallocr.o)
                              D:/APP/GCC-ARM/bin/../lib/gcc/arm-none-eabi/15.2.1/../../../../arm-none-eabi/lib/thumb/v7e-m+dp/hard\libg_nano.a(libc_a-findfp.o) (_malloc_r)
D:/APP/GCC-ARM/bin/../lib/gcc/arm-none-eabi/15.2.1/../../../../arm-none-eabi/lib/thumb/v7e-m+dp/hard\libg_nano.a(libc_a-mlock.o)
                              D:/APP/GCC-ARM/bin/../lib/gcc/arm-none-eabi/15.2.1/../../../../arm-none-eabi/lib/thumb/v7e-m+dp/hard\libg_nano.a(libc_a-freer.o) (__malloc_lock)
D:/APP/GCC-ARM/bin/../lib/gcc/arm-none-eabi/15.2.1/../../../../arm-none-eabi/lib/thumb/v7e-m+dp/hard\libg_nano.a(libc_a-fflush.o)
                              D:/APP/GCC-ARM/bin/../lib/gcc/arm-none-eabi/15.2.1/../../../../arm-none-eabi/lib/thumb/v7e-m+dp/hard\libg_nano.a(libc_a-findfp.o) (_fflush_r)
D:/APP/GCC-ARM/bin/../lib/gcc/arm-none-eabi/15.2.1/../../../../arm-none-eabi/lib/thumb/v7e-m+dp/hard\libg_nano.a(libc_a-sbrkr.o)
                              D:/APP/GCC-ARM/bin/../lib/gcc/arm-none-eabi/15.2.1/../../../../arm-none-eabi/lib/thumb/v7e-m+dp/hard\libg_nano.a(libc_a-mallocr.o) (_sbrk_r)

Discarded input sections

 .text          0x00000000        0x0 D:/APP/GCC-ARM/bin/../lib/gcc/arm-none-eabi/15.2.1/thumb/v7e-m+dp/hard/crti.o
 .data          0x00000000        0x0 D:/APP/GCC-ARM/bin/../lib/gcc/arm-none-eabi/15.2.1/thumb/v7e-m+dp/hard/crti.o
 .bss           0x00000000        0x0 D:/APP/GCC-ARM/bin/../lib/gcc/arm-none-eabi/15.2.1/thumb/v7e-m+dp/hard/crti.o
 .text          0x00000000        0x0 D:/APP/GCC-ARM/bin/../lib/gcc/arm-none-eabi/15.2.1/thumb/v7e-m+dp/hard/crtbegin.o
 .data          0x00000000        0x0 D:/APP/GCC-ARM/bin/../lib/gcc/arm-none-eabi/15.2.1/thumb/v7e-m+dp/hard/crtbegin.o
 .bss           0x00000000        0x0 D:/APP/GCC-ARM/bin/../lib/gcc/arm-none-eabi/15.2.1/thumb/v7e-m+dp/hard/crtbegin.o
 .rodata.all_implied_fbits
                0x00000000       0x24 D:/APP/GCC-ARM/bin/../lib/gcc/arm-none-eabi/15.2.1/thumb/v7e-m+dp/hard/crtbegin.o
 .data.__dso_handle
                0x00000000        0x4 D:/APP/GCC-ARM/bin/../lib/gcc/arm-none-eabi/15.2.1/thumb/v7e-m+dp/hard/crtbegin.o
 .text          0x00000000       0x7c D:/APP/GCC-ARM/bin/../lib/gcc/arm-none-eabi/15.2.1/../../../../arm-none-eabi/lib/thumb/v7e-m+dp/hard/crt0.o
 .data          0x00000000        0x0 D:/APP/GCC-ARM/bin/../lib/gcc/arm-none-eabi/15.2.1/../../../../arm-none-eabi/lib/thumb/v7e-m+dp/hard/crt0.o
 .bss           0x00000000        0x0 D:/APP/GCC-ARM/bin/../lib/gcc/arm-none-eabi/15.2.1/../../../../arm-none-eabi/lib/thumb/v7e-m+dp/hard/crt0.o
 .ARM.extab     0x00000000        0x0 D:/APP/GCC-ARM/bin/../lib/gcc/arm-none-eabi/15.2.1/../../../../arm-none-eabi/lib/thumb/v7e-m+dp/hard/crt0.o
 .ARM.exidx     0x00000000       0x10 D:/APP/GCC-ARM/bin/../lib/gcc/arm-none-eabi/15.2.1/../../../../arm-none-eabi/lib/thumb/v7e-m+dp/hard/crt0.o
 .debug_line_str
                0x00000000       0xd6 D:/APP/GCC-ARM/bin/../lib/gcc/arm-none-eabi/15.2.1/../../../../arm-none-eabi/lib/thumb/v7e-m+dp/hard/crt0.o
 .ARM.attributes
                0x00000000       0x1e D:/APP/GCC-ARM/bin/../lib/gcc/arm-none-eabi/15.2.1/../../../../arm-none-eabi/lib/thumb/v7e-m+dp/hard/crt0.o
 .text          0x00000000       0x14 CMakeFiles/SensorConcentrator_boot.dir/startup_stm32f767xx.s.obj
 .data          0x00000000        0x0 CMakeFiles/SensorConcentrator_boot.dir/startup_stm32f767xx.s.obj
 .bss           0x00000000        0x0 CMakeFiles/SensorConcentrator_boot.dir/startup_stm32f767xx.s.obj
 .group         0x00000000        0xc CMakeFiles/SensorConcentrator_boot.dir/Core/Src/main_boot.c.obj
 .group         0x00000000        0xc CMakeFiles/SensorConcentrator_boot.dir/Core/Src/main_boot.c.obj
 .group         0x00000000        0xc CMakeFiles/SensorConcentrator_boot.dir/Core/Src/main_boot.c.obj
 .group         0x00000000        0xc CMakeFiles/SensorConcentrator_boot.dir/Core/Src/main_boot.c.obj
 .group         0x00000000        0xc CMakeFiles/SensorConcentrator_boot.dir/Core/Src/main_boot.c.obj
 .group         0x00000000        0xc CMakeFiles/SensorConcentrator_boot.dir/Core/Src/main_boot.c.obj
 .group         0x00000000        0xc CMakeFiles/SensorConcentrator_boot.dir/Core/Src/main_boot.c.obj
 .group         0x00000000        0xc CMakeFiles/SensorConcentrator_boot.dir/Core/Src/main_boot.c.obj
 .group         0x00000000        0xc CMakeFiles/SensorConcentrator_boot.dir/Core/Src/main_boot.c.obj
 .group         0x00000000        0xc CMakeFiles/SensorConcentrator_boot.dir/Core/Src/main_boot.c.obj
 .group         0x00000000        0xc CMakeFiles/SensorConcentrator_boot.dir/Core/Src/main_boot.c.obj
 .group         0x00000000        0xc CMakeFiles/SensorConcentrator_boot.dir/Core/Src/main_boot.c.obj
 .group         0x00000000        0xc CMakeFiles/SensorConcentrator_boot.dir/Core/Src/main_boot.c.obj
 .group         0x00000000        0xc CMakeFiles/SensorConcentrator_boot.dir/Core/Src/main_boot.c.obj
 .group         0x00000000        0xc CMakeFiles/SensorConcentrator_boot.dir/Core/Src/main_boot.c.obj
 .group         0x00000000        0xc CMakeFiles/SensorConcentrator_boot.dir/Core/Src/main_boot.c.obj
 .group         0x00000000        0xc CMakeFiles/SensorConcentrator_boot.dir/Core/Src/main_boot.c.obj
 .group         0x00000000        0xc CMakeFiles/SensorConcentrator_boot.dir/Core/Src/main_boot.c.obj
 .group         0x00000000        0xc CMakeFiles/SensorConcentrator_boot.dir/Core/Src/main_boot.c.obj
 .group         0x00000000        0xc CMakeFiles/SensorConcentrator_boot.dir/Core/Src/main_boot.c.obj
 .group         0x00000000        0xc CMakeFiles/SensorConcentrator_boot.dir/Core/Src/main_boot.c.obj
 .group         0x00000000        0xc CMakeFiles/SensorConcentrator_boot.dir/Core/Src/main_boot.c.obj
 .group         0x00000000        0xc CMakeFiles/SensorConcentrator_boot.dir/Core/Src/main_boot.c.obj
 .group         0x00000000        0xc CMakeFiles/SensorConcentrator_boot.dir/Core/Src/main_boot.c.obj
 .group         0x00000000        0xc CMakeFiles/SensorConcentrator_boot.dir/Core/Src/main_boot.c.obj
 .group         0x00000000        0xc CMakeFiles/SensorConcentrator_boot.dir/Core/Src/main_boot.c.obj
 .group         0x00000000        0xc CMakeFiles/SensorConcentrator_boot.dir/Core/Src/main_boot.c.obj
 .group         0x00000000        0xc CMakeFiles/SensorConcentrator_boot.dir/Core/Src/main_boot.c.obj
 .group         0x00000000        0xc CMakeFiles/SensorConcentrator_boot.dir/Core/Src/main_boot.c.obj
 .group         0x00000000        0xc CMakeFiles/SensorConcentrator_boot.dir/Core/Src/main_boot.c.obj
 .text          0x00000000        0x0 CMakeFiles/SensorConcentrator_boot.dir/Core/Src/main_boot.c.obj
 .data          0x00000000        0x0 CMakeFiles/SensorConcentrator_boot.dir/Core/Src/main_boot.c.obj
 .bss           0x00000000        0x0 CMakeFiles/SensorConcentrator_boot.dir/Core/Src/main_boot.c.obj
 .group         0x00000000        0xc CMakeFiles/SensorConcentrator_boot.dir/Core/Src/boot_crc.c.obj
 .group         0x00000000        0xc CMakeFiles/SensorConcentrator_boot.dir/Core/Src/boot_crc.c.obj
 .group         0x00000000        0xc CMakeFiles/SensorConcentrator_boot.dir/Core/Src/boot_crc.c.obj
 .group         0x00000000        0xc CMakeFiles/SensorConcentrator_boot.dir/Core/Src/boot_crc.c.obj
 .group         0x00000000        0xc CMakeFiles/SensorConcentrator_boot.dir/Core/Src/boot_crc.c.obj
 .group         0x00000000        0xc CMakeFiles/SensorConcentrator_boot.dir/Core/Src/boot_crc.c.obj
 .group         0x00000000        0xc CMakeFiles/SensorConcentrator_boot.dir/Core/Src/boot_crc.c.obj
 .group         0x00000000        0xc CMakeFiles/SensorConcentrator_boot.dir/Core/Src/boot_crc.c.obj
 .text          0x00000000        0x0 CMakeFiles/SensorConcentrator_boot.dir/Core/Src/boot_crc.c.obj
 .data          0x00000000        0x0 CMakeFiles/SensorConcentrator_boot.dir/Core/Src/boot_crc.c.obj
 .bss           0x00000000        0x0 CMakeFiles/SensorConcentrator_boot.dir/Core/Src/boot_crc.c.obj
 .debug_macro   0x00000000      0xaf6 CMakeFiles/SensorConcentrator_boot.dir/Core/Src/boot_crc.c.obj
 .debug_macro   0x00000000       0x22 CMakeFiles/SensorConcentrator_boot.dir/Core/Src/boot_crc.c.obj
 .debug_macro   0x00000000       0x8e CMakeFiles/SensorConcentrator_boot.dir/Core/Src/boot_crc.c.obj
 .debug_macro   0x00000000       0x51 CMakeFiles/SensorConcentrator_boot.dir/Core/Src/boot_crc.c.obj
 .debug_macro   0x00000000      0x103 CMakeFiles/SensorConcentrator_boot.dir/Core/Src/boot_crc.c.obj
 .debug_macro   0x00000000       0x6a CMakeFiles/SensorConcentrator_boot.dir/Core/Src/boot_crc.c.obj
 .debug_macro   0x00000000      0x1df CMakeFiles/SensorConcentrator_boot.dir/Core/Src/boot_crc.c.obj
 .debug_macro   0x00000000      0x190 CMakeFiles/SensorConcentrator_boot.dir/Core/Src/boot_crc.c.obj
 .group         0x00000000        0xc CMakeFiles/SensorConcentrator_boot.dir/Core/Src/boot_uart.c.obj
 .group         0x00000000        0xc CMakeFiles/SensorConcentrator_boot.dir/Core/Src/boot_uart.c.obj
 .group         0x00000000        0xc CMakeFiles/SensorConcentrator_boot.dir/Core/Src/boot_uart.c.obj
 .group         0x00000000        0xc CMakeFiles/SensorConcentrator_boot.dir/Core/Src/boot_uart.c.obj
 .group         0x00000000        0xc CMakeFiles/SensorConcentrator_boot.dir/Core/Src/boot_uart.c.obj
 .group         0x00000000        0xc CMakeFiles/SensorConcentrator_boot.dir/Core/Src/boot_uart.c.obj
 .group         0x00000000        0xc CMakeFiles/SensorConcentrator_boot.dir/Core/Src/boot_uart.c.obj
 .group         0x00000000        0xc CMakeFiles/SensorConcentrator_boot.dir/Core/Src/boot_uart.c.obj
 .group         0x00000000        0xc CMakeFiles/SensorConcentrator_boot.dir/Core/Src/boot_uart.c.obj
 .group         0x00000000        0xc CMakeFiles/SensorConcentrator_boot.dir/Core/Src/boot_uart.c.obj
 .group         0x00000000        0xc CMakeFiles/SensorConcentrator_boot.dir/Core/Src/boot_uart.c.obj
 .group         0x00000000        0xc CMakeFiles/SensorConcentrator_boot.dir/Core/Src/boot_uart.c.obj
 .group         0x00000000        0xc CMakeFiles/SensorConcentrator_boot.dir/Core/Src/boot_uart.c.obj
 .group         0x00000000        0xc CMakeFiles/SensorConcentrator_boot.dir/Core/Src/boot_uart.c.obj
 .group         0x00000000        0xc CMakeFiles/SensorConcentrator_boot.dir/Core/Src/boot_uart.c.obj
 .group         0x00000000        0xc CMakeFiles/SensorConcentrator_boot.dir/Core/Src/boot_uart.c.obj
 .text          0x00000000        0x0 CMakeFiles/SensorConcentrator_boot.dir/Core/Src/boot_uart.c.obj
 .data          0x00000000        0x0 CMakeFiles/SensorConcentrator_boot.dir/Core/Src/boot_uart.c.obj
 .bss           0x00000000        0x0 CMakeFiles/SensorConcentrator_boot.dir/Core/Src/boot_uart.c.obj
 .debug_macro   0x00000000      0xaf6 CMakeFiles/SensorConcentrator_boot.dir/Core/Src/boot_uart.c.obj
 .debug_macro   0x00000000       0x22 CMakeFiles/SensorConcentrator_boot.dir/Core/Src/boot_uart.c.obj
 .debug_macro   0x00000000       0x8e CMakeFiles/SensorConcentrator_boot.dir/Core/Src/boot_uart.c.obj
 .debug_macro   0x00000000       0x51 CMakeFiles/SensorConcentrator_boot.dir/Core/Src/boot_uart.c.obj
 .debug_macro   0x00000000      0x103 CMakeFiles/SensorConcentrator_boot.dir/Core/Src/boot_uart.c.obj
 .debug_macro   0x00000000       0x6a CMakeFiles/SensorConcentrator_boot.dir/Core/Src/boot_uart.c.obj
 .debug_macro   0x00000000      0x1df CMakeFiles/SensorConcentrator_boot.dir/Core/Src/boot_uart.c.obj
 .debug_macro   0x00000000       0x3b CMakeFiles/SensorConcentrator_boot.dir/Core/Src/boot_uart.c.obj
 .debug_macro   0x00000000       0x1c CMakeFiles/SensorConcentrator_boot.dir/Core/Src/boot_uart.c.obj
 .debug_macro   0x00000000       0x22 CMakeFiles/SensorConcentrator_boot.dir/Core/Src/boot_uart.c.obj
 .debug_macro   0x00000000       0xd9 CMakeFiles/SensorConcentrator_boot.dir/Core/Src/boot_uart.c.obj
 .debug_macro   0x00000000     0x12cd CMakeFiles/SensorConcentrator_boot.dir/Core/Src/boot_uart.c.obj
 .debug_macro   0x00000000      0x11f CMakeFiles/SensorConcentrator_boot.dir/Core/Src/boot_uart.c.obj
 .debug_macro   0x00000000       0x19 CMakeFiles/SensorConcentrator_boot.dir/Core/Src/boot_uart.c.obj
 .debug_macro   0x00000000    0x1aa23 CMakeFiles/SensorConcentrator_boot.dir/Core/Src/boot_uart.c.obj
 .group         0x00000000        0xc CMakeFiles/SensorConcentrator_boot.dir/Core/Src/system_stm32f7xx.c.obj
 .group         0x00000000        0xc CMakeFiles/SensorConcentrator_boot.dir/Core/Src/system_stm32f7xx.c.obj
 .group         0x00000000        0xc CMakeFiles/SensorConcentrator_boot.dir/Core/Src/system_stm32f7xx.c.obj
 .group         0x00000000        0xc CMakeFiles/SensorConcentrator_boot.dir/Core/Src/system_stm32f7xx.c.obj
 .group         0x00000000        0xc CMakeFiles/SensorConcentrator_boot.dir/Core/Src/system_stm32f7xx.c.obj
 .group         0x00000000        0xc CMakeFiles/SensorConcentrator_boot.dir/Core/Src/system_stm32f7xx.c.obj
 .group         0x00000000        0xc CMakeFiles/SensorConcentrator_boot.dir/Core/Src/system_stm32f7xx.c.obj
 .group         0x00000000        0xc CMakeFiles/SensorConcentrator_boot.dir/Core/Src/system_stm32f7xx.c.obj
 .group         0x00000000        0xc CMakeFiles/SensorConcentrator_boot.dir/Core/Src/system_stm32f7xx.c.obj
 .group         0x00000000        0xc CMakeFiles/SensorConcentrator_boot.dir/Core/Src/system_stm32f7xx.c.obj
 .group         0x00000000        0xc CMakeFiles/SensorConcentrator_boot.dir/Core/Src/system_stm32f7xx.c.obj
 .group         0x00000000        0xc CMakeFiles/SensorConcentrator_boot.dir/Core/Src/system_stm32f7xx.c.obj
 .group         0x00000000        0xc CMakeFiles/SensorConcentrator_boot.dir/Core/Src/system_stm32f7xx.c.obj
 .group         0x00000000        0xc CMakeFiles/SensorConcentrator_boot.dir/Core/Src/system_stm32f7xx.c.obj
 .group         0x00000000        0xc CMakeFiles/SensorConcentrator_boot.dir/Core/Src/system_stm32f7xx.c.obj
 .text          0x00000000        0x0 CMakeFiles/SensorConcentrator_boot.dir/Core/Src/system_stm32f7xx.c.obj
 .data          0x00000000        0x0 CMakeFiles/SensorConcentrator_boot.dir/Core/Src/system_stm32f7xx.c.obj
 .bss           0x00000000        0x0 CMakeFiles/SensorConcentrator_boot.dir/Core/Src/system_stm32f7xx.c.obj
 .data.SystemCoreClock
                0x00000000        0x4 CMakeFiles/SensorConcentrator_boot.dir/Core/Src/system_stm32f7xx.c.obj
 .text.SystemCoreClockUpdate
                0x00000000       0x1c CMakeFiles/SensorConcentrator_boot.dir/Core/Src/system_stm32f7xx.c.obj
 .debug_macro   0x00000000      0xaf6 CMakeFiles/SensorConcentrator_boot.dir/Core/Src/system_stm32f7xx.c.obj
 .debug_macro   0x00000000       0x3b CMakeFiles/SensorConcentrator_boot.dir/Core/Src/system_stm32f7xx.c.obj
 .debug_macro   0x00000000       0x22 CMakeFiles/SensorConcentrator_boot.dir/Core/Src/system_stm32f7xx.c.obj
 .debug_macro   0x00000000       0x8e CMakeFiles/SensorConcentrator_boot.dir/Core/Src/system_stm32f7xx.c.obj
 .debug_macro   0x00000000       0x51 CMakeFiles/SensorConcentrator_boot.dir/Core/Src/system_stm32f7xx.c.obj
 .debug_macro   0x00000000      0x103 CMakeFiles/SensorConcentrator_boot.dir/Core/Src/system_stm32f7xx.c.obj
 .debug_macro   0x00000000       0x6a CMakeFiles/SensorConcentrator_boot.dir/Core/Src/system_stm32f7xx.c.obj
 .debug_macro   0x00000000      0x1df CMakeFiles/SensorConcentrator_boot.dir/Core/Src/system_stm32f7xx.c.obj
 .debug_macro   0x00000000       0x1c CMakeFiles/SensorConcentrator_boot.dir/Core/Src/system_stm32f7xx.c.obj
 .debug_macro   0x00000000       0x22 CMakeFiles/SensorConcentrator_boot.dir/Core/Src/system_stm32f7xx.c.obj
 .debug_macro   0x00000000       0xd9 CMakeFiles/SensorConcentrator_boot.dir/Core/Src/system_stm32f7xx.c.obj
 .debug_macro   0x00000000     0x12cd CMakeFiles/SensorConcentrator_boot.dir/Core/Src/system_stm32f7xx.c.obj
 .debug_macro   0x00000000      0x11f CMakeFiles/SensorConcentrator_boot.dir/Core/Src/system_stm32f7xx.c.obj
 .debug_macro   0x00000000       0x19 CMakeFiles/SensorConcentrator_boot.dir/Core/Src/system_stm32f7xx.c.obj
 .debug_macro   0x00000000    0x1aa23 CMakeFiles/SensorConcentrator_boot.dir/Core/Src/system_stm32f7xx.c.obj
 .text          0x00000000        0x0 D:/APP/GCC-ARM/bin/../lib/gcc/arm-none-eabi/15.2.1/../../../../arm-none-eabi/lib/thumb/v7e-m+dp/hard\libg_nano.a(libc_a-exit.o)
 .data          0x00000000        0x0 D:/APP/GCC-ARM/bin/../lib/gcc/arm-none-eabi/15.2.1/../../../../arm-none-eabi/lib/thumb/v7e-m+dp/hard\libg_nano.a(libc_a-exit.o)
 .bss           0x00000000        0x0 D:/APP/GCC-ARM/bin/../lib/gcc/arm-none-eabi/15.2.1/../../../../arm-none-eabi/lib/thumb/v7e-m+dp/hard\libg_nano.a(libc_a-exit.o)
 .text.exit     0x00000000       0x24 D:/APP/GCC-ARM/bin/../lib/gcc/arm-none-eabi/15.2.1/../../../../arm-none-eabi/lib/thumb/v7e-m+dp/hard\libg_nano.a(libc_a-exit.o)
 .debug_frame   0x00000000       0x28 D:/APP/GCC-ARM/bin/../lib/gcc/arm-none-eabi/15.2.1/../../../../arm-none-eabi/lib/thumb/v7e-m+dp/hard\libg_nano.a(libc_a-exit.o)
 .ARM.attributes
                0x00000000       0x32 D:/APP/GCC-ARM/bin/../lib/gcc/arm-none-eabi/15.2.1/../../../../arm-none-eabi/lib/thumb/v7e-m+dp/hard\libg_nano.a(libc_a-exit.o)
 .text          0x00000000        0x0 D:/APP/GCC-ARM/bin/../lib/gcc/arm-none-eabi/15.2.1/../../../../arm-none-eabi/lib/thumb/v7e-m+dp/hard\libg_nano.a(libc_a-findfp.o)
 .data          0x00000000        0x0 D:/APP/GCC-ARM/bin/../lib/gcc/arm-none-eabi/15.2.1/../../../../arm-none-eabi/lib/thumb/v7e-m+dp/hard\libg_nano.a(libc_a-findfp.o)
 .bss           0x00000000        0x0 D:/APP/GCC-ARM/bin/../lib/gcc/arm-none-eabi/15.2.1/../../../../arm-none-eabi/lib/thumb/v7e-m+dp/hard\libg_nano.a(libc_a-findfp.o)
 .text.std      0x00000000       0x6c D:/APP/GCC-ARM/bin/../lib/gcc/arm-none-eabi/15.2.1/../../../../arm-none-eabi/lib/thumb/v7e-m+dp/hard\libg_nano.a(libc_a-findfp.o)
 .text.stdio_exit_handler
                0x00000000       0x18 D:/APP/GCC-ARM/bin/../lib/gcc/arm-none-eabi/15.2.1/../../../../arm-none-eabi/lib/thumb/v7e-m+dp/hard\libg_nano.a(libc_a-findfp.o)
 .text.cleanup_stdio
                0x00000000       0x40 D:/APP/GCC-ARM/bin/../lib/gcc/arm-none-eabi/15.2.1/../../../../arm-none-eabi/lib/thumb/v7e-m+dp/hard\libg_nano.a(libc_a-findfp.o)
 .text.__fp_lock
                0x00000000       0x18 D:/APP/GCC-ARM/bin/../lib/gcc/arm-none-eabi/15.2.1/../../../../arm-none-eabi/lib/thumb/v7e-m+dp/hard\libg_nano.a(libc_a-findfp.o)
 .text.__fp_unlock
                0x00000000       0x18 D:/APP/GCC-ARM/bin/../lib/gcc/arm-none-eabi/15.2.1/../../../../arm-none-eabi/lib/thumb/v7e-m+dp/hard\libg_nano.a(libc_a-findfp.o)
 .text.global_stdio_init.part.0
                0x00000000       0x40 D:/APP/GCC-ARM/bin/../lib/gcc/arm-none-eabi/15.2.1/../../../../arm-none-eabi/lib/thumb/v7e-m+dp/hard\libg_nano.a(libc_a-findfp.o)
 .text.__sfp_lock_acquire
                0x00000000        0xc D:/APP/GCC-ARM/bin/../lib/gcc/arm-none-eabi/15.2.1/../../../../arm-none-eabi/lib/thumb/v7e-m+dp/hard\libg_nano.a(libc_a-findfp.o)
 .text.__sfp_lock_release
                0x00000000        0xc D:/APP/GCC-ARM/bin/../lib/gcc/arm-none-eabi/15.2.1/../../../../arm-none-eabi/lib/thumb/v7e-m+dp/hard\libg_nano.a(libc_a-findfp.o)
 .text.__sfp    0x00000000       0xa4 D:/APP/GCC-ARM/bin/../lib/gcc/arm-none-eabi/15.2.1/../../../../arm-none-eabi/lib/thumb/v7e-m+dp/hard\libg_nano.a(libc_a-findfp.o)
 .text.__sinit  0x00000000       0x30 D:/APP/GCC-ARM/bin/../lib/gcc/arm-none-eabi/15.2.1/../../../../arm-none-eabi/lib/thumb/v7e-m+dp/hard\libg_nano.a(libc_a-findfp.o)
 .text.__fp_lock_all
                0x00000000       0x1c D:/APP/GCC-ARM/bin/../lib/gcc/arm-none-eabi/15.2.1/../../../../arm-none-eabi/lib/thumb/v7e-m+dp/hard\libg_nano.a(libc_a-findfp.o)
 .text.__fp_unlock_all
                0x00000000       0x1c D:/APP/GCC-ARM/bin/../lib/gcc/arm-none-eabi/15.2.1/../../../../arm-none-eabi/lib/thumb/v7e-m+dp/hard\libg_nano.a(libc_a-findfp.o)
 .data.__sglue  0x00000000        0xc D:/APP/GCC-ARM/bin/../lib/gcc/arm-none-eabi/15.2.1/../../../../arm-none-eabi/lib/thumb/v7e-m+dp/hard\libg_nano.a(libc_a-findfp.o)
 .bss.__sf      0x00000000      0x138 D:/APP/GCC-ARM/bin/../lib/gcc/arm-none-eabi/15.2.1/../../../../arm-none-eabi/lib/thumb/v7e-m+dp/hard\libg_nano.a(libc_a-findfp.o)
 .bss.__stdio_exit_handler
                0x00000000        0x4 D:/APP/GCC-ARM/bin/../lib/gcc/arm-none-eabi/15.2.1/../../../../arm-none-eabi/lib/thumb/v7e-m+dp/hard\libg_nano.a(libc_a-findfp.o)
 .debug_frame   0x00000000      0x144 D:/APP/GCC-ARM/bin/../lib/gcc/arm-none-eabi/15.2.1/../../../../arm-none-eabi/lib/thumb/v7e-m+dp/hard\libg_nano.a(libc_a-findfp.o)
 .ARM.attributes
                0x00000000       0x32 D:/APP/GCC-ARM/bin/../lib/gcc/arm-none-eabi/15.2.1/../../../../arm-none-eabi/lib/thumb/v7e-m+dp/hard\libg_nano.a(libc_a-findfp.o)
 .text          0x00000000        0x0 D:/APP/GCC-ARM/bin/../lib/gcc/arm-none-eabi/15.2.1/../../../../arm-none-eabi/lib/thumb/v7e-m+dp/hard\libg_nano.a(libc_a-fwalk.o)
 .data          0x00000000        0x0 D:/APP/GCC-ARM/bin/../lib/gcc/arm-none-eabi/15.2.1/../../../../arm-none-eabi/lib/thumb/v7e-m+dp/hard\libg_nano.a(libc_a-fwalk.o)
 .bss           0x00000000        0x0 D:/APP/GCC-ARM/bin/../lib/gcc/arm-none-eabi/15.2.1/../../../../arm-none-eabi/lib/thumb/v7e-m+dp/hard\libg_nano.a(libc_a-fwalk.o)
 .text._fwalk_sglue
                0x00000000       0x3a D:/APP/GCC-ARM/bin/../lib/gcc/arm-none-eabi/15.2.1/../../../../arm-none-eabi/lib/thumb/v7e-m+dp/hard\libg_nano.a(libc_a-fwalk.o)
 .debug_frame   0x00000000       0x34 D:/APP/GCC-ARM/bin/../lib/gcc/arm-none-eabi/15.2.1/../../../../arm-none-eabi/lib/thumb/v7e-m+dp/hard\libg_nano.a(libc_a-fwalk.o)
 .ARM.attributes
                0x00000000       0x32 D:/APP/GCC-ARM/bin/../lib/gcc/arm-none-eabi/15.2.1/../../../../arm-none-eabi/lib/thumb/v7e-m+dp/hard\libg_nano.a(libc_a-fwalk.o)
 .text          0x00000000        0x0 D:/APP/GCC-ARM/bin/../lib/gcc/arm-none-eabi/15.2.1/../../../../arm-none-eabi/lib/thumb/v7e-m+dp/hard\libg_nano.a(libc_a-stdio.o)
 .data          0x00000000        0x0 D:/APP/GCC-ARM/bin/../lib/gcc/arm-none-eabi/15.2.1/../../../../arm-none-eabi/lib/thumb/v7e-m+dp/hard\libg_nano.a(libc_a-stdio.o)
 .bss           0x00000000        0x0 D:/APP/GCC-ARM/bin/../lib/gcc/arm-none-eabi/15.2.1/../../../../arm-none-eabi/lib/thumb/v7e-m+dp/hard\libg_nano.a(libc_a-stdio.o)
 .text.__sread  0x00000000       0x22 D:/APP/GCC-ARM/bin/../lib/gcc/arm-none-eabi/15.2.1/../../../../arm-none-eabi/lib/thumb/v7e-m+dp/hard\libg_nano.a(libc_a-stdio.o)
 .text.__seofread
                0x00000000        0x4 D:/APP/GCC-ARM/bin/../lib/gcc/arm-none-eabi/15.2.1/../../../../arm-none-eabi/lib/thumb/v7e-m+dp/hard\libg_nano.a(libc_a-stdio.o)
 .text.__swrite
                0x00000000       0x38 D:/APP/GCC-ARM/bin/../lib/gcc/arm-none-eabi/15.2.1/../../../../arm-none-eabi/lib/thumb/v7e-m+dp/hard\libg_nano.a(libc_a-stdio.o)
 .text.__sseek  0x00000000       0x26 D:/APP/GCC-ARM/bin/../lib/gcc/arm-none-eabi/15.2.1/../../../../arm-none-eabi/lib/thumb/v7e-m+dp/hard\libg_nano.a(libc_a-stdio.o)
 .text.__sclose
                0x00000000        0x8 D:/APP/GCC-ARM/bin/../lib/gcc/arm-none-eabi/15.2.1/../../../../arm-none-eabi/lib/thumb/v7e-m+dp/hard\libg_nano.a(libc_a-stdio.o)
 .debug_frame   0x00000000       0x88 D:/APP/GCC-ARM/bin/../lib/gcc/arm-none-eabi/15.2.1/../../../../arm-none-eabi/lib/thumb/v7e-m+dp/hard\libg_nano.a(libc_a-stdio.o)
 .ARM.attributes
                0x00000000       0x32 D:/APP/GCC-ARM/bin/../lib/gcc/arm-none-eabi/15.2.1/../../../../arm-none-eabi/lib/thumb/v7e-m+dp/hard\libg_nano.a(libc_a-stdio.o)
 .text          0x00000000        0x0 D:/APP/GCC-ARM/bin/../lib/gcc/arm-none-eabi/15.2.1/../../../../arm-none-eabi/lib/thumb/v7e-m+dp/hard\libg_nano.a(libc_a-memset.o)
 .data          0x00000000        0x0 D:/APP/GCC-ARM/bin/../lib/gcc/arm-none-eabi/15.2.1/../../../../arm-none-eabi/lib/thumb/v7e-m+dp/hard\libg_nano.a(libc_a-memset.o)
 .bss           0x00000000        0x0 D:/APP/GCC-ARM/bin/../lib/gcc/arm-none-eabi/15.2.1/../../../../arm-none-eabi/lib/thumb/v7e-m+dp/hard\libg_nano.a(libc_a-memset.o)
 .text.memset   0x00000000       0x10 D:/APP/GCC-ARM/bin/../lib/gcc/arm-none-eabi/15.2.1/../../../../arm-none-eabi/lib/thumb/v7e-m+dp/hard\libg_nano.a(libc_a-memset.o)
 .debug_frame   0x00000000       0x20 D:/APP/GCC-ARM/bin/../lib/gcc/arm-none-eabi/15.2.1/../../../../arm-none-eabi/lib/thumb/v7e-m+dp/hard\libg_nano.a(libc_a-memset.o)
 .ARM.attributes
                0x00000000       0x32 D:/APP/GCC-ARM/bin/../lib/gcc/arm-none-eabi/15.2.1/../../../../arm-none-eabi/lib/thumb/v7e-m+dp/hard\libg_nano.a(libc_a-memset.o)
 .text          0x00000000        0x0 D:/APP/GCC-ARM/bin/../lib/gcc/arm-none-eabi/15.2.1/../../../../arm-none-eabi/lib/thumb/v7e-m+dp/hard\libg_nano.a(libc_a-closer.o)
 .data          0x00000000        0x0 D:/APP/GCC-ARM/bin/../lib/gcc/arm-none-eabi/15.2.1/../../../../arm-none-eabi/lib/thumb/v7e-m+dp/hard\libg_nano.a(libc_a-closer.o)
 .bss           0x00000000        0x0 D:/APP/GCC-ARM/bin/../lib/gcc/arm-none-eabi/15.2.1/../../../../arm-none-eabi/lib/thumb/v7e-m+dp/hard\libg_nano.a(libc_a-closer.o)
 .text._close_r
                0x00000000       0x20 D:/APP/GCC-ARM/bin/../lib/gcc/arm-none-eabi/15.2.1/../../../../arm-none-eabi/lib/thumb/v7e-m+dp/hard\libg_nano.a(libc_a-closer.o)
 .debug_frame   0x00000000       0x2c D:/APP/GCC-ARM/bin/../lib/gcc/arm-none-eabi/15.2.1/../../../../arm-none-eabi/lib/thumb/v7e-m+dp/hard\libg_nano.a(libc_a-closer.o)
 .ARM.attributes
                0x00000000       0x32 D:/APP/GCC-ARM/bin/../lib/gcc/arm-none-eabi/15.2.1/../../../../arm-none-eabi/lib/thumb/v7e-m+dp/hard\libg_nano.a(libc_a-closer.o)
 .text          0x00000000        0x0 D:/APP/GCC-ARM/bin/../lib/gcc/arm-none-eabi/15.2.1/../../../../arm-none-eabi/lib/thumb/v7e-m+dp/hard\libg_nano.a(libc_a-reent.o)
 .data          0x00000000        0x0 D:/APP/GCC-ARM/bin/../lib/gcc/arm-none-eabi/15.2.1/../../../../arm-none-eabi/lib/thumb/v7e-m+dp/hard\libg_nano.a(libc_a-reent.o)
 .bss           0x00000000        0x0 D:/APP/GCC-ARM/bin/../lib/gcc/arm-none-eabi/15.2.1/../../../../arm-none-eabi/lib/thumb/v7e-m+dp/hard\libg_nano.a(libc_a-reent.o)
 .text._reclaim_reent
                0x00000000       0xbc D:/APP/GCC-ARM/bin/../lib/gcc/arm-none-eabi/15.2.1/../../../../arm-none-eabi/lib/thumb/v7e-m+dp/hard\libg_nano.a(libc_a-reent.o)
 .bss.errno     0x00000000        0x4 D:/APP/GCC-ARM/bin/../lib/gcc/arm-none-eabi/15.2.1/../../../../arm-none-eabi/lib/thumb/v7e-m+dp/hard\libg_nano.a(libc_a-reent.o)
 .debug_frame   0x00000000       0x38 D:/APP/GCC-ARM/bin/../lib/gcc/arm-none-eabi/15.2.1/../../../../arm-none-eabi/lib/thumb/v7e-m+dp/hard\libg_nano.a(libc_a-reent.o)
 .ARM.attributes
                0x00000000       0x32 D:/APP/GCC-ARM/bin/../lib/gcc/arm-none-eabi/15.2.1/../../../../arm-none-eabi/lib/thumb/v7e-m+dp/hard\libg_nano.a(libc_a-reent.o)
 .text          0x00000000        0x0 D:/APP/GCC-ARM/bin/../lib/gcc/arm-none-eabi/15.2.1/../../../../arm-none-eabi/lib/thumb/v7e-m+dp/hard\libg_nano.a(libc_a-impure.o)
 .data          0x00000000        0x0 D:/APP/GCC-ARM/bin/../lib/gcc/arm-none-eabi/15.2.1/../../../../arm-none-eabi/lib/thumb/v7e-m+dp/hard\libg_nano.a(libc_a-impure.o)
 .bss           0x00000000        0x0 D:/APP/GCC-ARM/bin/../lib/gcc/arm-none-eabi/15.2.1/../../../../arm-none-eabi/lib/thumb/v7e-m+dp/hard\libg_nano.a(libc_a-impure.o)
 .data._impure_ptr
                0x00000000        0x4 D:/APP/GCC-ARM/bin/../lib/gcc/arm-none-eabi/15.2.1/../../../../arm-none-eabi/lib/thumb/v7e-m+dp/hard\libg_nano.a(libc_a-impure.o)
 .data._impure_data
                0x00000000       0x4c D:/APP/GCC-ARM/bin/../lib/gcc/arm-none-eabi/15.2.1/../../../../arm-none-eabi/lib/thumb/v7e-m+dp/hard\libg_nano.a(libc_a-impure.o)
 .ARM.attributes
                0x00000000       0x32 D:/APP/GCC-ARM/bin/../lib/gcc/arm-none-eabi/15.2.1/../../../../arm-none-eabi/lib/thumb/v7e-m+dp/hard\libg_nano.a(libc_a-impure.o)
 .text          0x00000000        0x0 D:/APP/GCC-ARM/bin/../lib/gcc/arm-none-eabi/15.2.1/../../../../arm-none-eabi/lib/thumb/v7e-m+dp/hard\libg_nano.a(libc_a-lseekr.o)
 .data          0x00000000        0x0 D:/APP/GCC-ARM/bin/../lib/gcc/arm-none-eabi/15.2.1/../../../../arm-none-eabi/lib/thumb/v7e-m+dp/hard\libg_nano.a(libc_a-lseekr.o)
 .bss           0x00000000        0x0 D:/APP/GCC-ARM/bin/../lib/gcc/arm-none-eabi/15.2.1/../../../../arm-none-eabi/lib/thumb/v7e-m+dp/hard\libg_nano.a(libc_a-lseekr.o)
 .text._lseek_r
                0x00000000       0x24 D:/APP/GCC-ARM/bin/../lib/gcc/arm-none-eabi/15.2.1/../../../../arm-none-eabi/lib/thumb/v7e-m+dp/hard\libg_nano.a(libc_a-lseekr.o)
 .debug_frame   0x00000000       0x2c D:/APP/GCC-ARM/bin/../lib/gcc/arm-none-eabi/15.2.1/../../../../arm-none-eabi/lib/thumb/v7e-m+dp/hard\libg_nano.a(libc_a-lseekr.o)
 .ARM.attributes
                0x00000000       0x32 D:/APP/GCC-ARM/bin/../lib/gcc/arm-none-eabi/15.2.1/../../../../arm-none-eabi/lib/thumb/v7e-m+dp/hard\libg_nano.a(libc_a-lseekr.o)
 .text          0x00000000        0x0 D:/APP/GCC-ARM/bin/../lib/gcc/arm-none-eabi/15.2.1/../../../../arm-none-eabi/lib/thumb/v7e-m+dp/hard\libg_nano.a(libc_a-readr.o)
 .data          0x00000000        0x0 D:/APP/GCC-ARM/bin/../lib/gcc/arm-none-eabi/15.2.1/../../../../arm-none-eabi/lib/thumb/v7e-m+dp/hard\libg_nano.a(libc_a-readr.o)
 .bss           0x00000000        0x0 D:/APP/GCC-ARM/bin/../lib/gcc/arm-none-eabi/15.2.1/../../../../arm-none-eabi/lib/thumb/v7e-m+dp/hard\libg_nano.a(libc_a-readr.o)
 .text._read_r  0x00000000       0x24 D:/APP/GCC-ARM/bin/../lib/gcc/arm-none-eabi/15.2.1/../../../../arm-none-eabi/lib/thumb/v7e-m+dp/hard\libg_nano.a(libc_a-readr.o)
 .debug_frame   0x00000000       0x2c D:/APP/GCC-ARM/bin/../lib/gcc/arm-none-eabi/15.2.1/../../../../arm-none-eabi/lib/thumb/v7e-m+dp/hard\libg_nano.a(libc_a-readr.o)
 .ARM.attributes
                0x00000000       0x32 D:/APP/GCC-ARM/bin/../lib/gcc/arm-none-eabi/15.2.1/../../../../arm-none-eabi/lib/thumb/v7e-m+dp/hard\libg_nano.a(libc_a-readr.o)
 .text          0x00000000        0x0 D:/APP/GCC-ARM/bin/../lib/gcc/arm-none-eabi/15.2.1/../../../../arm-none-eabi/lib/thumb/v7e-m+dp/hard\libg_nano.a(libc_a-writer.o)
 .data          0x00000000        0x0 D:/APP/GCC-ARM/bin/../lib/gcc/arm-none-eabi/15.2.1/../../../../arm-none-eabi/lib/thumb/v7e-m+dp/hard\libg_nano.a(libc_a-writer.o)
 .bss           0x00000000        0x0 D:/APP/GCC-ARM/bin/../lib/gcc/arm-none-eabi/15.2.1/../../../../arm-none-eabi/lib/thumb/v7e-m+dp/hard\libg_nano.a(libc_a-writer.o)
 .text._write_r
                0x00000000       0x24 D:/APP/GCC-ARM/bin/../lib/gcc/arm-none-eabi/15.2.1/../../../../arm-none-eabi/lib/thumb/v7e-m+dp/hard\libg_nano.a(libc_a-writer.o)
 .debug_frame   0x00000000       0x2c D:/APP/GCC-ARM/bin/../lib/gcc/arm-none-eabi/15.2.1/../../../../arm-none-eabi/lib/thumb/v7e-m+dp/hard\libg_nano.a(libc_a-writer.o)
 .ARM.attributes
                0x00000000       0x32 D:/APP/GCC-ARM/bin/../lib/gcc/arm-none-eabi/15.2.1/../../../../arm-none-eabi/lib/thumb/v7e-m+dp/hard\libg_nano.a(libc_a-writer.o)
 .text          0x00000000        0x0 D:/APP/GCC-ARM/bin/../lib/gcc/arm-none-eabi/15.2.1/../../../../arm-none-eabi/lib/thumb/v7e-m+dp/hard\libg_nano.a(libc_a-init.o)
 .data          0x00000000        0x0 D:/APP/GCC-ARM/bin/../lib/gcc/arm-none-eabi/15.2.1/../../../../arm-none-eabi/lib/thumb/v7e-m+dp/hard\libg_nano.a(libc_a-init.o)
 .bss           0x00000000        0x0 D:/APP/GCC-ARM/bin/../lib/gcc/arm-none-eabi/15.2.1/../../../../arm-none-eabi/lib/thumb/v7e-m+dp/hard\libg_nano.a(libc_a-init.o)
 .text          0x00000000        0x0 D:/APP/GCC-ARM/bin/../lib/gcc/arm-none-eabi/15.2.1/../../../../arm-none-eabi/lib/thumb/v7e-m+dp/hard\libg_nano.a(libc_a-lock.o)
 .data          0x00000000        0x0 D:/APP/GCC-ARM/bin/../lib/gcc/arm-none-eabi/15.2.1/../../../../arm-none-eabi/lib/thumb/v7e-m+dp/hard\libg_nano.a(libc_a-lock.o)
 .bss           0x00000000        0x0 D:/APP/GCC-ARM/bin/../lib/gcc/arm-none-eabi/15.2.1/../../../../arm-none-eabi/lib/thumb/v7e-m+dp/hard\libg_nano.a(libc_a-lock.o)
 .text.__retarget_lock_init
                0x00000000        0x2 D:/APP/GCC-ARM/bin/../lib/gcc/arm-none-eabi/15.2.1/../../../../arm-none-eabi/lib/thumb/v7e-m+dp/hard\libg_nano.a(libc_a-lock.o)
 .text.__retarget_lock_init_recursive
                0x00000000        0x2 D:/APP/GCC-ARM/bin/../lib/gcc/arm-none-eabi/15.2.1/../../../../arm-none-eabi/lib/thumb/v7e-m+dp/hard\libg_nano.a(libc_a-lock.o)
 .text.__retarget_lock_close
                0x00000000        0x2 D:/APP/GCC-ARM/bin/../lib/gcc/arm-none-eabi/15.2.1/../../../../arm-none-eabi/lib/thumb/v7e-m+dp/hard\libg_nano.a(libc_a-lock.o)
 .text.__retarget_lock_close_recursive
                0x00000000        0x2 D:/APP/GCC-ARM/bin/../lib/gcc/arm-none-eabi/15.2.1/../../../../arm-none-eabi/lib/thumb/v7e-m+dp/hard\libg_nano.a(libc_a-lock.o)
 .text.__retarget_lock_acquire
                0x00000000        0x2 D:/APP/GCC-ARM/bin/../lib/gcc/arm-none-eabi/15.2.1/../../../../arm-none-eabi/lib/thumb/v7e-m+dp/hard\libg_nano.a(libc_a-lock.o)
 .text.__retarget_lock_acquire_recursive
                0x00000000        0x2 D:/APP/GCC-ARM/bin/../lib/gcc/arm-none-eabi/15.2.1/../../../../arm-none-eabi/lib/thumb/v7e-m+dp/hard\libg_nano.a(libc_a-lock.o)
 .text.__retarget_lock_try_acquire
                0x00000000        0x4 D:/APP/GCC-ARM/bin/../lib/gcc/arm-none-eabi/15.2.1/../../../../arm-none-eabi/lib/thumb/v7e-m+dp/hard\libg_nano.a(libc_a-lock.o)
 .text.__retarget_lock_try_acquire_recursive
                0x00000000        0x4 D:/APP/GCC-ARM/bin/../lib/gcc/arm-none-eabi/15.2.1/../../../../arm-none-eabi/lib/thumb/v7e-m+dp/hard\libg_nano.a(libc_a-lock.o)
 .text.__retarget_lock_release
                0x00000000        0x2 D:/APP/GCC-ARM/bin/../lib/gcc/arm-none-eabi/15.2.1/../../../../arm-none-eabi/lib/thumb/v7e-m+dp/hard\libg_nano.a(libc_a-lock.o)
 .text.__retarget_lock_release_recursive
                0x00000000        0x2 D:/APP/GCC-ARM/bin/../lib/gcc/arm-none-eabi/15.2.1/../../../../arm-none-eabi/lib/thumb/v7e-m+dp/hard\libg_nano.a(libc_a-lock.o)
 .bss.__lock___arc4random_mutex
                0x00000000        0x1 D:/APP/GCC-ARM/bin/../lib/gcc/arm-none-eabi/15.2.1/../../../../arm-none-eabi/lib/thumb/v7e-m+dp/hard\libg_nano.a(libc_a-lock.o)
 .bss.__lock___dd_hash_mutex
                0x00000000        0x1 D:/APP/GCC-ARM/bin/../lib/gcc/arm-none-eabi/15.2.1/../../../../arm-none-eabi/lib/thumb/v7e-m+dp/hard\libg_nano.a(libc_a-lock.o)
 .bss.__lock___tz_mutex
                0x00000000        0x1 D:/APP/GCC-ARM/bin/../lib/gcc/arm-none-eabi/15.2.1/../../../../arm-none-eabi/lib/thumb/v7e-m+dp/hard\libg_nano.a(libc_a-lock.o)
 .bss.__lock___env_recursive_mutex
                0x00000000        0x1 D:/APP/GCC-ARM/bin/../lib/gcc/arm-none-eabi/15.2.1/../../../../arm-none-eabi/lib/thumb/v7e-m+dp/hard\libg_nano.a(libc_a-lock.o)
 .bss.__lock___malloc_recursive_mutex
                0x00000000        0x1 D:/APP/GCC-ARM/bin/../lib/gcc/arm-none-eabi/15.2.1/../../../../arm-none-eabi/lib/thumb/v7e-m+dp/hard\libg_nano.a(libc_a-lock.o)
 .bss.__lock___at_quick_exit_mutex
                0x00000000        0x1 D:/APP/GCC-ARM/bin/../lib/gcc/arm-none-eabi/15.2.1/../../../../arm-none-eabi/lib/thumb/v7e-m+dp/hard\libg_nano.a(libc_a-lock.o)
 .bss.__lock___atexit_recursive_mutex
                0x00000000        0x1 D:/APP/GCC-ARM/bin/../lib/gcc/arm-none-eabi/15.2.1/../../../../arm-none-eabi/lib/thumb/v7e-m+dp/hard\libg_nano.a(libc_a-lock.o)
 .bss.__lock___sfp_recursive_mutex
                0x00000000        0x1 D:/APP/GCC-ARM/bin/../lib/gcc/arm-none-eabi/15.2.1/../../../../arm-none-eabi/lib/thumb/v7e-m+dp/hard\libg_nano.a(libc_a-lock.o)
 .debug_frame   0x00000000       0xb0 D:/APP/GCC-ARM/bin/../lib/gcc/arm-none-eabi/15.2.1/../../../../arm-none-eabi/lib/thumb/v7e-m+dp/hard\libg_nano.a(libc_a-lock.o)
 .ARM.attributes
                0x00000000       0x32 D:/APP/GCC-ARM/bin/../lib/gcc/arm-none-eabi/15.2.1/../../../../arm-none-eabi/lib/thumb/v7e-m+dp/hard\libg_nano.a(libc_a-lock.o)
 .text          0x00000000        0x0 D:/APP/GCC-ARM/bin/../lib/gcc/arm-none-eabi/15.2.1/../../../../arm-none-eabi/lib/thumb/v7e-m+dp/hard\libg_nano.a(libc_a-freer.o)
 .data          0x00000000        0x0 D:/APP/GCC-ARM/bin/../lib/gcc/arm-none-eabi/15.2.1/../../../../arm-none-eabi/lib/thumb/v7e-m+dp/hard\libg_nano.a(libc_a-freer.o)
 .bss           0x00000000        0x0 D:/APP/GCC-ARM/bin/../lib/gcc/arm-none-eabi/15.2.1/../../../../arm-none-eabi/lib/thumb/v7e-m+dp/hard\libg_nano.a(libc_a-freer.o)
 .text._free_r  0x00000000       0x98 D:/APP/GCC-ARM/bin/../lib/gcc/arm-none-eabi/15.2.1/../../../../arm-none-eabi/lib/thumb/v7e-m+dp/hard\libg_nano.a(libc_a-freer.o)
 .debug_frame   0x00000000       0x38 D:/APP/GCC-ARM/bin/../lib/gcc/arm-none-eabi/15.2.1/../../../../arm-none-eabi/lib/thumb/v7e-m+dp/hard\libg_nano.a(libc_a-freer.o)
 .ARM.attributes
                0x00000000       0x32 D:/APP/GCC-ARM/bin/../lib/gcc/arm-none-eabi/15.2.1/../../../../arm-none-eabi/lib/thumb/v7e-m+dp/hard\libg_nano.a(libc_a-freer.o)
 .text          0x00000000        0x0 D:/APP/GCC-ARM/bin/../lib/gcc/arm-none-eabi/15.2.1/../../../../arm-none-eabi/lib/thumb/v7e-m+dp/hard\libg_nano.a(libc_a-mallocr.o)
 .data          0x00000000        0x0 D:/APP/GCC-ARM/bin/../lib/gcc/arm-none-eabi/15.2.1/../../../../arm-none-eabi/lib/thumb/v7e-m+dp/hard\libg_nano.a(libc_a-mallocr.o)
 .bss           0x00000000        0x0 D:/APP/GCC-ARM/bin/../lib/gcc/arm-none-eabi/15.2.1/../../../../arm-none-eabi/lib/thumb/v7e-m+dp/hard\libg_nano.a(libc_a-mallocr.o)
 .text.sbrk_aligned
                0x00000000       0x44 D:/APP/GCC-ARM/bin/../lib/gcc/arm-none-eabi/15.2.1/../../../../arm-none-eabi/lib/thumb/v7e-m+dp/hard\libg_nano.a(libc_a-mallocr.o)
 .text._malloc_r
                0x00000000       0xf8 D:/APP/GCC-ARM/bin/../lib/gcc/arm-none-eabi/15.2.1/../../../../arm-none-eabi/lib/thumb/v7e-m+dp/hard\libg_nano.a(libc_a-mallocr.o)
 .bss.__malloc_sbrk_start
                0x00000000        0x4 D:/APP/GCC-ARM/bin/../lib/gcc/arm-none-eabi/15.2.1/../../../../arm-none-eabi/lib/thumb/v7e-m+dp/hard\libg_nano.a(libc_a-mallocr.o)
 .bss.__malloc_free_list
                0x00000000        0x4 D:/APP/GCC-ARM/bin/../lib/gcc/arm-none-eabi/15.2.1/../../../../arm-none-eabi/lib/thumb/v7e-m+dp/hard\libg_nano.a(libc_a-mallocr.o)
 .debug_frame   0x00000000       0x50 D:/APP/GCC-ARM/bin/../lib/gcc/arm-none-eabi/15.2.1/../../../../arm-none-eabi/lib/thumb/v7e-m+dp/hard\libg_nano.a(libc_a-mallocr.o)
 .ARM.attributes
                0x00000000       0x32 D:/APP/GCC-ARM/bin/../lib/gcc/arm-none-eabi/15.2.1/../../../../arm-none-eabi/lib/thumb/v7e-m+dp/hard\libg_nano.a(libc_a-mallocr.o)
 .text          0x00000000        0x0 D:/APP/GCC-ARM/bin/../lib/gcc/arm-none-eabi/15.2.1/../../../../arm-none-eabi/lib/thumb/v7e-m+dp/hard\libg_nano.a(libc_a-mlock.o)
 .data          0x00000000        0x0 D:/APP/GCC-ARM/bin/../lib/gcc/arm-none-eabi/15.2.1/../../../../arm-none-eabi/lib/thumb/v7e-m+dp/hard\libg_nano.a(libc_a-mlock.o)
 .bss           0x00000000        0x0 D:/APP/GCC-ARM/bin/../lib/gcc/arm-none-eabi/15.2.1/../../../../arm-none-eabi/lib/thumb/v7e-m+dp/hard\libg_nano.a(libc_a-mlock.o)
 .text.__malloc_lock
                0x00000000        0xc D:/APP/GCC-ARM/bin/../lib/gcc/arm-none-eabi/15.2.1/../../../../arm-none-eabi/lib/thumb/v7e-m+dp/hard\libg_nano.a(libc_a-mlock.o)
 .text.__malloc_unlock
                0x00000000        0xc D:/APP/GCC-ARM/bin/../lib/gcc/arm-none-eabi/15.2.1/../../../../arm-none-eabi/lib/thumb/v7e-m+dp/hard\libg_nano.a(libc_a-mlock.o)
 .debug_frame   0x00000000       0x30 D:/APP/GCC-ARM/bin/../lib/gcc/arm-none-eabi/15.2.1/../../../../arm-none-eabi/lib/thumb/v7e-m+dp/hard\libg_nano.a(libc_a-mlock.o)
 .ARM.attributes
                0x00000000       0x32 D:/APP/GCC-ARM/bin/../lib/gcc/arm-none-eabi/15.2.1/../../../../arm-none-eabi/lib/thumb/v7e-m+dp/hard\libg_nano.a(libc_a-mlock.o)
 .text          0x00000000        0x0 D:/APP/GCC-ARM/bin/../lib/gcc/arm-none-eabi/15.2.1/../../../../arm-none-eabi/lib/thumb/v7e-m+dp/hard\libg_nano.a(libc_a-fflush.o)
 .data          0x00000000        0x0 D:/APP/GCC-ARM/bin/../lib/gcc/arm-none-eabi/15.2.1/../../../../arm-none-eabi/lib/thumb/v7e-m+dp/hard\libg_nano.a(libc_a-fflush.o)
 .bss           0x00000000        0x0 D:/APP/GCC-ARM/bin/../lib/gcc/arm-none-eabi/15.2.1/../../../../arm-none-eabi/lib/thumb/v7e-m+dp/hard\libg_nano.a(libc_a-fflush.o)
 .text.__sflush_r
                0x00000000      0x100 D:/APP/GCC-ARM/bin/../lib/gcc/arm-none-eabi/15.2.1/../../../../arm-none-eabi/lib/thumb/v7e-m+dp/hard\libg_nano.a(libc_a-fflush.o)
 .text._fflush_r
                0x00000000       0x50 D:/APP/GCC-ARM/bin/../lib/gcc/arm-none-eabi/15.2.1/../../../../arm-none-eabi/lib/thumb/v7e-m+dp/hard\libg_nano.a(libc_a-fflush.o)
 .text.fflush   0x00000000       0x28 D:/APP/GCC-ARM/bin/../lib/gcc/arm-none-eabi/15.2.1/../../../../arm-none-eabi/lib/thumb/v7e-m+dp/hard\libg_nano.a(libc_a-fflush.o)
 .debug_frame   0x00000000       0x5c D:/APP/GCC-ARM/bin/../lib/gcc/arm-none-eabi/15.2.1/../../../../arm-none-eabi/lib/thumb/v7e-m+dp/hard\libg_nano.a(libc_a-fflush.o)
 .ARM.attributes
                0x00000000       0x32 D:/APP/GCC-ARM/bin/../lib/gcc/arm-none-eabi/15.2.1/../../../../arm-none-eabi/lib/thumb/v7e-m+dp/hard\libg_nano.a(libc_a-fflush.o)
 .text          0x00000000        0x0 D:/APP/GCC-ARM/bin/../lib/gcc/arm-none-eabi/15.2.1/../../../../arm-none-eabi/lib/thumb/v7e-m+dp/hard\libg_nano.a(libc_a-sbrkr.o)
 .data          0x00000000        0x0 D:/APP/GCC-ARM/bin/../lib/gcc/arm-none-eabi/15.2.1/../../../../arm-none-eabi/lib/thumb/v7e-m+dp/hard\libg_nano.a(libc_a-sbrkr.o)
 .bss           0x00000000        0x0 D:/APP/GCC-ARM/bin/../lib/gcc/arm-none-eabi/15.2.1/../../../../arm-none-eabi/lib/thumb/v7e-m+dp/hard\libg_nano.a(libc_a-sbrkr.o)
 .text._sbrk_r  0x00000000       0x20 D:/APP/GCC-ARM/bin/../lib/gcc/arm-none-eabi/15.2.1/../../../../arm-none-eabi/lib/thumb/v7e-m+dp/hard\libg_nano.a(libc_a-sbrkr.o)
 .debug_frame   0x00000000       0x2c D:/APP/GCC-ARM/bin/../lib/gcc/arm-none-eabi/15.2.1/../../../../arm-none-eabi/lib/thumb/v7e-m+dp/hard\libg_nano.a(libc_a-sbrkr.o)
 .ARM.attributes
                0x00000000       0x32 D:/APP/GCC-ARM/bin/../lib/gcc/arm-none-eabi/15.2.1/../../../../arm-none-eabi/lib/thumb/v7e-m+dp/hard\libg_nano.a(libc_a-sbrkr.o)
 .text          0x00000000        0x0 D:/APP/GCC-ARM/bin/../lib/gcc/arm-none-eabi/15.2.1/thumb/v7e-m+dp/hard/crtend.o
 .data          0x00000000        0x0 D:/APP/GCC-ARM/bin/../lib/gcc/arm-none-eabi/15.2.1/thumb/v7e-m+dp/hard/crtend.o
 .bss           0x00000000        0x0 D:/APP/GCC-ARM/bin/../lib/gcc/arm-none-eabi/15.2.1/thumb/v7e-m+dp/hard/crtend.o
 .rodata.all_implied_fbits
                0x00000000       0x24 D:/APP/GCC-ARM/bin/../lib/gcc/arm-none-eabi/15.2.1/thumb/v7e-m+dp/hard/crtend.o
 .eh_frame      0x00000000        0x4 D:/APP/GCC-ARM/bin/../lib/gcc/arm-none-eabi/15.2.1/thumb/v7e-m+dp/hard/crtend.o
 .text          0x00000000        0x0 D:/APP/GCC-ARM/bin/../lib/gcc/arm-none-eabi/15.2.1/thumb/v7e-m+dp/hard/crtn.o
 .data          0x00000000        0x0 D:/APP/GCC-ARM/bin/../lib/gcc/arm-none-eabi/15.2.1/thumb/v7e-m+dp/hard/crtn.o
 .bss           0x00000000        0x0 D:/APP/GCC-ARM/bin/../lib/gcc/arm-none-eabi/15.2.1/thumb/v7e-m+dp/hard/crtn.o

Memory Configuration

Name             Origin             Length             Attributes
FLASH            0x08000000         0x00020000         xr
RAM              0x20020000         0x00060000         xrw
*default*        0x00000000         0xffffffff

Linker script and memory map

LOAD D:/APP/GCC-ARM/bin/../lib/gcc/arm-none-eabi/15.2.1/thumb/v7e-m+dp/hard/crti.o
LOAD D:/APP/GCC-ARM/bin/../lib/gcc/arm-none-eabi/15.2.1/thumb/v7e-m+dp/hard/crtbegin.o
LOAD D:/APP/GCC-ARM/bin/../lib/gcc/arm-none-eabi/15.2.1/../../../../arm-none-eabi/lib/thumb/v7e-m+dp/hard/crt0.o
LOAD CMakeFiles/SensorConcentrator_boot.dir/startup_stm32f767xx.s.obj
LOAD CMakeFiles/SensorConcentrator_boot.dir/Core/Src/main_boot.c.obj
LOAD CMakeFiles/SensorConcentrator_boot.dir/Core/Src/boot_crc.c.obj
LOAD CMakeFiles/SensorConcentrator_boot.dir/Core/Src/boot_uart.c.obj
LOAD CMakeFiles/SensorConcentrator_boot.dir/Core/Src/system_stm32f7xx.c.obj
LOAD D:/APP/GCC-ARM/bin/../lib/gcc/arm-none-eabi/15.2.1/../../../../arm-none-eabi/lib/thumb/v7e-m+dp/hard\libm.a
START GROUP
LOAD D:/APP/GCC-ARM/bin/../lib/gcc/arm-none-eabi/15.2.1/thumb/v7e-m+dp/hard\libgcc.a
LOAD D:/APP/GCC-ARM/bin/../lib/gcc/arm-none-eabi/15.2.1/../../../../arm-none-eabi/lib/thumb/v7e-m+dp/hard\libg_nano.a
LOAD D:/APP/GCC-ARM/bin/../lib/gcc/arm-none-eabi/15.2.1/../../../../arm-none-eabi/lib/thumb/v7e-m+dp/hard\libc_nano.a
END GROUP
START GROUP
LOAD D:/APP/GCC-ARM/bin/../lib/gcc/arm-none-eabi/15.2.1/thumb/v7e-m+dp/hard\libgcc.a
LOAD D:/APP/GCC-ARM/bin/../lib/gcc/arm-none-eabi/15.2.1/../../../../arm-none-eabi/lib/thumb/v7e-m+dp/hard\libc_nano.a
END GROUP
LOAD D:/APP/GCC-ARM/bin/../lib/gcc/arm-none-eabi/15.2.1/thumb/v7e-m+dp/hard/crtend.o
LOAD D:/APP/GCC-ARM/bin/../lib/gcc/arm-none-eabi/15.2.1/thumb/v7e-m+dp/hard/crtn.o
                0x20080000                        _estack = (ORIGIN (RAM) + LENGTH (RAM))
                0x00000400                        _Min_Heap_Size = 0x400
                0x00000800                        _Min_Stack_Size = 0x800

.isr_vector     0x08000000      0x1f8
                0x08000000                        . = ALIGN (0x4)
 *(.isr_vector)
 .isr_vector    0x08000000      0x1f8 CMakeFiles/SensorConcentrator_boot.dir/startup_stm32f767xx.s.obj
                0x08000000                g_pfnVectors
                0x080001f8                        . = ALIGN (0x4)

.text           0x080001f8     0x1048
                0x080001f8                        . = ALIGN (0x4)
 *(.text)
 *(.text*)
 .text.deregister_tm_clones
                0x080001f8       0x1c D:/APP/GCC-ARM/bin/../lib/gcc/arm-none-eabi/15.2.1/thumb/v7e-m+dp/hard/crtbegin.o
 .text.register_tm_clones
                0x08000214       0x24 D:/APP/GCC-ARM/bin/../lib/gcc/arm-none-eabi/15.2.1/thumb/v7e-m+dp/hard/crtbegin.o
 .text.__do_global_dtors_aux
                0x08000238       0x28 D:/APP/GCC-ARM/bin/../lib/gcc/arm-none-eabi/15.2.1/thumb/v7e-m+dp/hard/crtbegin.o
 .text.frame_dummy
                0x08000260       0x24 D:/APP/GCC-ARM/bin/../lib/gcc/arm-none-eabi/15.2.1/thumb/v7e-m+dp/hard/crtbegin.o
 .text.Reset_Handler
                0x08000284       0x50 CMakeFiles/SensorConcentrator_boot.dir/startup_stm32f767xx.s.obj
                0x08000284                Reset_Handler
 .text.Default_Handler
                0x080002d4        0x2 CMakeFiles/SensorConcentrator_boot.dir/startup_stm32f767xx.s.obj
                0x080002d4                RTC_Alarm_IRQHandler
                0x080002d4                EXTI2_IRQHandler
                0x080002d4                TIM8_CC_IRQHandler
                0x080002d4                DebugMon_Handler
                0x080002d4                UART8_IRQHandler
                0x080002d4                SPI4_IRQHandler
                0x080002d4                TIM1_CC_IRQHandler
                0x080002d4                DMA2_Stream5_IRQHandler
                0x080002d4                HardFault_Handler
                0x080002d4                JPEG_IRQHandler
                0x080002d4                DMA1_Stream5_IRQHandler
                0x080002d4                SysTick_Handler
                0x080002d4                CAN3_RX1_IRQHandler
                0x080002d4                PVD_IRQHandler
                0x080002d4                TAMP_STAMP_IRQHandler
                0x080002d4                PendSV_Handler
                0x080002d4                NMI_Handler
                0x080002d4                CAN2_RX1_IRQHandler
                0x080002d4                EXTI3_IRQHandler
                0x080002d4                TIM8_TRG_COM_TIM14_IRQHandler
                0x080002d4                DFSDM1_FLT1_IRQHandler
                0x080002d4                TIM1_UP_TIM10_IRQHandler
                0x080002d4                TIM8_UP_TIM13_IRQHandler
                0x080002d4                I2C3_ER_IRQHandler
                0x080002d4                DFSDM1_FLT2_IRQHandler
                0x080002d4                EXTI0_IRQHandler
                0x080002d4                I2C2_EV_IRQHandler
                0x080002d4                DMA1_Stream2_IRQHandler
                0x080002d4                CAN1_RX0_IRQHandler
                0x080002d4                FPU_IRQHandler
                0x080002d4                OTG_HS_WKUP_IRQHandler
                0x080002d4                CAN3_SCE_IRQHandler
                0x080002d4                UsageFault_Handler
                0x080002d4                LTDC_ER_IRQHandler
                0x080002d4                CAN2_SCE_IRQHandler
                0x080002d4                DMA2_Stream2_IRQHandler
                0x080002d4                SPI1_IRQHandler
                0x080002d4                TIM6_DAC_IRQHandler
                0x080002d4                TIM1_BRK_TIM9_IRQHandler
                0x080002d4                DCMI_IRQHandler
                0x080002d4                CAN2_RX0_IRQHandler
                0x080002d4                DMA2_Stream3_IRQHandler
                0x080002d4                SAI2_IRQHandler
                0x080002d4                DFSDM1_FLT3_IRQHandler
                0x080002d4                USART6_IRQHandler
                0x080002d4                CAN3_RX0_IRQHandler
                0x080002d4                USART3_IRQHandler
                0x080002d4                CAN1_RX1_IRQHandler
                0x080002d4                UART5_IRQHandler
                0x080002d4                DMA2_Stream0_IRQHandler
                0x080002d4                TIM4_IRQHandler
                0x080002d4                QUADSPI_IRQHandler
                0x080002d4                I2C1_EV_IRQHandler
                0x080002d4                DMA1_Stream6_IRQHandler
                0x080002d4                DMA1_Stream1_IRQHandler
                0x080002d4                UART4_IRQHandler
                0x080002d4                TIM3_IRQHandler
                0x080002d4                RCC_IRQHandler
                0x080002d4                TIM8_BRK_TIM12_IRQHandler
                0x080002d4                Default_Handler
                0x080002d4                CEC_IRQHandler
                0x080002d4                EXTI15_10_IRQHandler
                0x080002d4                ADC_IRQHandler
                0x080002d4                DMA1_Stream7_IRQHandler
                0x080002d4                SPI5_IRQHandler
                0x080002d4                TIM7_IRQHandler
                0x080002d4                SDMMC1_IRQHandler
                0x080002d4                CAN2_TX_IRQHandler
                0x080002d4                TIM5_IRQHandler
                0x080002d4                DMA2_Stream7_IRQHandler
                0x080002d4                I2C3_EV_IRQHandler
                0x080002d4                EXTI9_5_IRQHandler
                0x080002d4                RTC_WKUP_IRQHandler
                0x080002d4                LTDC_IRQHandler
                0x080002d4                ETH_WKUP_IRQHandler
                0x080002d4                SPDIF_RX_IRQHandler
                0x080002d4                SPI2_IRQHandler
                0x080002d4                OTG_HS_EP1_IN_IRQHandler
                0x080002d4                MemManage_Handler
                0x080002d4                DMA1_Stream0_IRQHandler
                0x080002d4                CAN1_TX_IRQHandler
                0x080002d4                SVC_Handler
                0x080002d4                EXTI4_IRQHandler
                0x080002d4                RNG_IRQHandler
                0x080002d4                ETH_IRQHandler
                0x080002d4                OTG_HS_EP1_OUT_IRQHandler
                0x080002d4                WWDG_IRQHandler
                0x080002d4                SPI6_IRQHandler
                0x080002d4                MDIOS_IRQHandler
                0x080002d4                I2C4_EV_IRQHandler
                0x080002d4                CAN3_TX_IRQHandler
                0x080002d4                TIM2_IRQHandler
                0x080002d4                OTG_FS_WKUP_IRQHandler
                0x080002d4                TIM1_TRG_COM_TIM11_IRQHandler
                0x080002d4                OTG_HS_IRQHandler
                0x080002d4                DMA2D_IRQHandler
                0x080002d4                EXTI1_IRQHandler
                0x080002d4                SDMMC2_IRQHandler
                0x080002d4                UART7_IRQHandler
                0x080002d4                USART2_IRQHandler
                0x080002d4                DFSDM1_FLT0_IRQHandler
                0x080002d4                I2C2_ER_IRQHandler
                0x080002d4                DMA2_Stream1_IRQHandler
                0x080002d4                CAN1_SCE_IRQHandler
                0x080002d4                FLASH_IRQHandler
                0x080002d4                DMA2_Stream4_IRQHandler
                0x080002d4                BusFault_Handler
                0x080002d4                USART1_IRQHandler
                0x080002d4                OTG_FS_IRQHandler
                0x080002d4                SPI3_IRQHandler
                0x080002d4                DMA1_Stream4_IRQHandler
                0x080002d4                I2C1_ER_IRQHandler
                0x080002d4                FMC_IRQHandler
                0x080002d4                LPTIM1_IRQHandler
                0x080002d4                I2C4_ER_IRQHandler
                0x080002d4                DMA2_Stream6_IRQHandler
                0x080002d4                SAI1_IRQHandler
                0x080002d4                DMA1_Stream3_IRQHandler
 *fill*         0x080002d6        0x2 
 .text.boot_kick_iwdg
                0x080002d8       0x18 CMakeFiles/SensorConcentrator_boot.dir/Core/Src/main_boot.c.obj
 .text.state_str
                0x080002f0       0x74 CMakeFiles/SensorConcentrator_boot.dir/Core/Src/main_boot.c.obj
 .text.print_reset_cause
                0x08000364       0xa4 CMakeFiles/SensorConcentrator_boot.dir/Core/Src/main_boot.c.obj
 .text.calc_crc
                0x08000408       0x20 CMakeFiles/SensorConcentrator_boot.dir/Core/Src/main_boot.c.obj
 .text.write_meta
                0x08000428      0x1e0 CMakeFiles/SensorConcentrator_boot.dir/Core/Src/main_boot.c.obj
 .text.burn_app
                0x08000608      0x26c CMakeFiles/SensorConcentrator_boot.dir/Core/Src/main_boot.c.obj
 .text.do_update
                0x08000874      0x14c CMakeFiles/SensorConcentrator_boot.dir/Core/Src/main_boot.c.obj
 .text.app_valid
                0x080009c0       0x64 CMakeFiles/SensorConcentrator_boot.dir/Core/Src/main_boot.c.obj
 .text.JumpToApp
                0x08000a24       0x38 CMakeFiles/SensorConcentrator_boot.dir/Core/Src/main_boot.c.obj
 .text.main     0x08000a5c      0x1bc CMakeFiles/SensorConcentrator_boot.dir/Core/Src/main_boot.c.obj
                0x08000a5c                main
 .text.boot_calc_crc32
                0x08000c18       0x54 CMakeFiles/SensorConcentrator_boot.dir/Core/Src/boot_crc.c.obj
                0x08000c18                boot_calc_crc32
 .text.de_high  0x08000c6c       0x18 CMakeFiles/SensorConcentrator_boot.dir/Core/Src/boot_uart.c.obj
 .text.de_low   0x08000c84       0x18 CMakeFiles/SensorConcentrator_boot.dir/Core/Src/boot_uart.c.obj
 .text.uart_putc_raw
                0x08000c9c       0x2c CMakeFiles/SensorConcentrator_boot.dir/Core/Src/boot_uart.c.obj
 .text.uart_wait_tc
                0x08000cc8       0x20 CMakeFiles/SensorConcentrator_boot.dir/Core/Src/boot_uart.c.obj
 .text.boot_uart_init
                0x08000ce8      0x100 CMakeFiles/SensorConcentrator_boot.dir/Core/Src/boot_uart.c.obj
                0x08000ce8                boot_uart_init
 .text.emit_str
                0x08000de8       0x2a CMakeFiles/SensorConcentrator_boot.dir/Core/Src/boot_uart.c.obj
 .text.emit_uint
                0x08000e12       0xc4 CMakeFiles/SensorConcentrator_boot.dir/Core/Src/boot_uart.c.obj
 *fill*         0x08000ed6        0x2 
 .text.boot_printf
                0x08000ed8      0x204 CMakeFiles/SensorConcentrator_boot.dir/Core/Src/boot_uart.c.obj
                0x08000ed8                boot_printf
 .text.boot_dump_flash_sr
                0x080010dc       0xb8 CMakeFiles/SensorConcentrator_boot.dir/Core/Src/boot_uart.c.obj
                0x080010dc                boot_dump_flash_sr
 .text.SystemInit
                0x08001194       0x20 CMakeFiles/SensorConcentrator_boot.dir/Core/Src/system_stm32f7xx.c.obj
                0x08001194                SystemInit
 .text.__libc_init_array
                0x080011b4       0x48 D:/APP/GCC-ARM/bin/../lib/gcc/arm-none-eabi/15.2.1/../../../../arm-none-eabi/lib/thumb/v7e-m+dp/hard\libg_nano.a(libc_a-init.o)
                0x080011b4                __libc_init_array
 *(.glue_7)
 .glue_7        0x080011fc        0x0 linker stubs
 *(.glue_7t)
 .glue_7t       0x080011fc        0x0 linker stubs
 *(.eh_frame)
 .eh_frame      0x080011fc        0x0 D:/APP/GCC-ARM/bin/../lib/gcc/arm-none-eabi/15.2.1/thumb/v7e-m+dp/hard/crtbegin.o
 *(.init)
 .init          0x080011fc        0x4 D:/APP/GCC-ARM/bin/../lib/gcc/arm-none-eabi/15.2.1/thumb/v7e-m+dp/hard/crti.o
                0x080011fc                _init
 .init          0x08001200        0x8 D:/APP/GCC-ARM/bin/../lib/gcc/arm-none-eabi/15.2.1/thumb/v7e-m+dp/hard/crtn.o
 *(.fini)
 .fini          0x08001208        0x4 D:/APP/GCC-ARM/bin/../lib/gcc/arm-none-eabi/15.2.1/thumb/v7e-m+dp/hard/crti.o
                0x08001208                _fini
 .fini          0x0800120c        0x8 D:/APP/GCC-ARM/bin/../lib/gcc/arm-none-eabi/15.2.1/thumb/v7e-m+dp/hard/crtn.o
 *fill*         0x08001214        0x4 
 .fini.__stub   0x08001218       0x28 linker stubs
                0x08001240                        . = ALIGN (0x4)
                0x08001240                        _etext = .

.vfp11_veneer   0x08001240        0x0
 .vfp11_veneer  0x08001240        0x0 linker stubs

.v4_bx          0x08001240        0x0
 .v4_bx         0x08001240        0x0 linker stubs

.iplt           0x08001240        0x0
 .iplt          0x08001240        0x0 D:/APP/GCC-ARM/bin/../lib/gcc/arm-none-eabi/15.2.1/thumb/v7e-m+dp/hard/crtbegin.o

.rodata         0x08001240      0xb54
                0x08001240                        . = ALIGN (0x4)
 *(.rodata)
 .rodata        0x08001240      0x6f3 CMakeFiles/SensorConcentrator_boot.dir/Core/Src/main_boot.c.obj
 *fill*         0x08001933        0x1 
 .rodata        0x08001934       0x5a CMakeFiles/SensorConcentrator_boot.dir/Core/Src/boot_uart.c.obj
 *(.rodata*)
 *fill*         0x0800198e        0x2 
 .rodata.app_snb.0
                0x08001990        0x3 CMakeFiles/SensorConcentrator_boot.dir/Core/Src/main_boot.c.obj
 *fill*         0x08001993        0x1 
 .rodata.crc32_table
                0x08001994      0x400 CMakeFiles/SensorConcentrator_boot.dir/Core/Src/boot_crc.c.obj
                0x08001d94                        . = ALIGN (0x4)

.ARM.extab      0x08001d94        0x0
                0x08001d94                        . = ALIGN (0x4)
 *(.ARM.extab* .gnu.linkonce.armextab.*)
                0x08001d94                        . = ALIGN (0x4)

.ARM            0x08001d94        0x0
                0x08001d94                        . = ALIGN (0x4)
                0x08001d94                        __exidx_start = .
 *(.ARM.exidx*)
                0x08001d94                        __exidx_end = .
                0x08001d94                        . = ALIGN (0x4)

.preinit_array  0x08001d94        0x0
                0x08001d94                        . = ALIGN (0x4)
                0x08001d94                        PROVIDE (__preinit_array_start = .)
 *(.preinit_array*)
                0x08001d94                        PROVIDE (__preinit_array_end = .)
                0x08001d94                        . = ALIGN (0x4)

.init_array     0x08001d94        0x4
                0x08001d94                        . = ALIGN (0x4)
                0x08001d94                        PROVIDE (__init_array_start = .)
 *(SORT_BY_NAME(.init_array.*))
 *(.init_array*)
 .init_array    0x08001d94        0x4 D:/APP/GCC-ARM/bin/../lib/gcc/arm-none-eabi/15.2.1/thumb/v7e-m+dp/hard/crtbegin.o
                0x08001d98                        PROVIDE (__init_array_end = .)
                0x08001d98                        . = ALIGN (0x4)

.fini_array     0x08001d98        0x4
                0x08001d98                        . = ALIGN (0x4)
                [!provide]                        PROVIDE (__fini_array_start = .)
 *(SORT_BY_NAME(.fini_array.*))
 *(.fini_array*)
 .fini_array    0x08001d98        0x4 D:/APP/GCC-ARM/bin/../lib/gcc/arm-none-eabi/15.2.1/thumb/v7e-m+dp/hard/crtbegin.o
                [!provide]                        PROVIDE (__fini_array_end = .)
                0x08001d9c                        . = ALIGN (0x4)
                0x08001d9c                        _sidata = LOADADDR (.data)

.data           0x20020000      0x1cc load address 0x08001d9c
                0x20020000                        . = ALIGN (0x4)
                0x20020000                        _sdata = .
 *(.data)
 *(.data*)
 *(.RamFunc)
 .RamFunc       0x20020000      0x1cc CMakeFiles/SensorConcentrator_boot.dir/Core/Src/main_boot.c.obj
 *(.RamFunc*)
                0x200201cc                        . = ALIGN (0x4)
                0x200201cc                        _edata = .

.rel.dyn        0x200201cc        0x0 load address 0x08001f68
 .rel.iplt      0x200201cc        0x0 D:/APP/GCC-ARM/bin/../lib/gcc/arm-none-eabi/15.2.1/thumb/v7e-m+dp/hard/crtbegin.o

.tm_clone_table
                0x200201cc        0x0 load address 0x08001f68
 .tm_clone_table
                0x200201cc        0x0 D:/APP/GCC-ARM/bin/../lib/gcc/arm-none-eabi/15.2.1/thumb/v7e-m+dp/hard/crtbegin.o
 .tm_clone_table
                0x200201cc        0x0 D:/APP/GCC-ARM/bin/../lib/gcc/arm-none-eabi/15.2.1/thumb/v7e-m+dp/hard/crtend.o

.igot.plt       0x200201cc        0x0 load address 0x08001f68
 .igot.plt      0x200201cc        0x0 D:/APP/GCC-ARM/bin/../lib/gcc/arm-none-eabi/15.2.1/thumb/v7e-m+dp/hard/crtbegin.o
                0x200201cc                        . = ALIGN (0x4)

.bss            0x200201cc       0x20 load address 0x08001f68
                0x200201cc                        _sbss = .
                0x200201cc                        __bss_start__ = _sbss
 *(.bss)
 *(.bss*)
 .bss.completed.1
                0x200201cc        0x1 D:/APP/GCC-ARM/bin/../lib/gcc/arm-none-eabi/15.2.1/thumb/v7e-m+dp/hard/crtbegin.o
 *fill*         0x200201cd        0x3 
 .bss.object.0  0x200201d0       0x18 D:/APP/GCC-ARM/bin/../lib/gcc/arm-none-eabi/15.2.1/thumb/v7e-m+dp/hard/crtbegin.o
 .bss.s_inited  0x200201e8        0x1 CMakeFiles/SensorConcentrator_boot.dir/Core/Src/boot_uart.c.obj
 *(COMMON)
                0x200201ec                        . = ALIGN (0x4)
 *fill*         0x200201e9        0x3 
                0x200201ec                        _ebss = .
                0x200201ec                        __bss_end__ = _ebss

._user_heap_stack
                0x200201ec      0xc04 load address 0x08001f68
                0x200201f0                        . = ALIGN (0x8)
 *fill*         0x200201ec        0x4 
                [!provide]                        PROVIDE (end = .)
                [!provide]                        PROVIDE (_end = .)
                0x200205f0                        . = (. + _Min_Heap_Size)
 *fill*         0x200201f0      0x400 
                0x20020df0                        . = (. + _Min_Stack_Size)
 *fill*         0x200205f0      0x800 
                0x20020df0                        . = ALIGN (0x8)

/DISCARD/
 libc.a(*)
 libm.a(*)
 libgcc.a(*)
OUTPUT(SensorConcentrator_boot.elf elf32-littlearm)
LOAD linker stubs
LOAD D:/APP/GCC-ARM/bin/../lib/gcc/arm-none-eabi/15.2.1/../../../../arm-none-eabi/lib/thumb/v7e-m+dp/hard\libc.a
LOAD D:/APP/GCC-ARM/bin/../lib/gcc/arm-none-eabi/15.2.1/../../../../arm-none-eabi/lib/thumb/v7e-m+dp/hard\libm.a
LOAD D:/APP/GCC-ARM/bin/../lib/gcc/arm-none-eabi/15.2.1/thumb/v7e-m+dp/hard\libgcc.a

.ARM.attributes
                0x00000000       0x2e
 .ARM.attributes
                0x00000000       0x20 D:/APP/GCC-ARM/bin/../lib/gcc/arm-none-eabi/15.2.1/thumb/v7e-m+dp/hard/crti.o
 .ARM.attributes
                0x00000020       0x32 D:/APP/GCC-ARM/bin/../lib/gcc/arm-none-eabi/15.2.1/thumb/v7e-m+dp/hard/crtbegin.o
 .ARM.attributes
                0x00000052       0x21 CMakeFiles/SensorConcentrator_boot.dir/startup_stm32f767xx.s.obj
 .ARM.attributes
                0x00000073       0x32 CMakeFiles/SensorConcentrator_boot.dir/Core/Src/main_boot.c.obj
 .ARM.attributes
                0x000000a5       0x32 CMakeFiles/SensorConcentrator_boot.dir/Core/Src/boot_crc.c.obj
 .ARM.attributes
                0x000000d7       0x32 CMakeFiles/SensorConcentrator_boot.dir/Core/Src/boot_uart.c.obj
 .ARM.attributes
                0x00000109       0x32 CMakeFiles/SensorConcentrator_boot.dir/Core/Src/system_stm32f7xx.c.obj
 .ARM.attributes
                0x0000013b       0x32 D:/APP/GCC-ARM/bin/../lib/gcc/arm-none-eabi/15.2.1/../../../../arm-none-eabi/lib/thumb/v7e-m+dp/hard\libg_nano.a(libc_a-init.o)
 .ARM.attributes
                0x0000016d       0x32 D:/APP/GCC-ARM/bin/../lib/gcc/arm-none-eabi/15.2.1/thumb/v7e-m+dp/hard/crtend.o
 .ARM.attributes
                0x0000019f       0x20 D:/APP/GCC-ARM/bin/../lib/gcc/arm-none-eabi/15.2.1/thumb/v7e-m+dp/hard/crtn.o

.comment        0x00000000       0x45
 .comment       0x00000000       0x45 CMakeFiles/SensorConcentrator_boot.dir/Core/Src/main_boot.c.obj
                                 0x46 (size before relaxing)
 .comment       0x00000045        0x0 CMakeFiles/SensorConcentrator_boot.dir/Core/Src/boot_crc.c.obj
                                 0x46 (size before relaxing)
 .comment       0x00000045        0x0 CMakeFiles/SensorConcentrator_boot.dir/Core/Src/boot_uart.c.obj
                                 0x46 (size before relaxing)
 .comment       0x00000045        0x0 CMakeFiles/SensorConcentrator_boot.dir/Core/Src/system_stm32f7xx.c.obj
                                 0x46 (size before relaxing)

.debug_line     0x00000000     0x1505
 .debug_line    0x00000000       0x7a CMakeFiles/SensorConcentrator_boot.dir/startup_stm32f767xx.s.obj
 .debug_line    0x0000007a      0x96d CMakeFiles/SensorConcentrator_boot.dir/Core/Src/main_boot.c.obj
 .debug_line    0x000009e7      0x1f0 CMakeFiles/SensorConcentrator_boot.dir/Core/Src/boot_crc.c.obj
 .debug_line    0x00000bd7      0x686 CMakeFiles/SensorConcentrator_boot.dir/Core/Src/boot_uart.c.obj
 .debug_line    0x0000125d      0x2a8 CMakeFiles/SensorConcentrator_boot.dir/Core/Src/system_stm32f7xx.c.obj

.debug_line_str
                0x00000000       0x62
 .debug_line_str
                0x00000000       0x62 CMakeFiles/SensorConcentrator_boot.dir/startup_stm32f767xx.s.obj

.debug_info     0x00000000     0x188d
 .debug_info    0x00000000       0x30 CMakeFiles/SensorConcentrator_boot.dir/startup_stm32f767xx.s.obj
 .debug_info    0x00000030      0xd3e CMakeFiles/SensorConcentrator_boot.dir/Core/Src/main_boot.c.obj
 .debug_info    0x00000d6e      0x141 CMakeFiles/SensorConcentrator_boot.dir/Core/Src/boot_crc.c.obj
 .debug_info    0x00000eaf      0x5c8 CMakeFiles/SensorConcentrator_boot.dir/Core/Src/boot_uart.c.obj
 .debug_info    0x00001477      0x416 CMakeFiles/SensorConcentrator_boot.dir/Core/Src/system_stm32f7xx.c.obj

.debug_abbrev   0x00000000      0x708
 .debug_abbrev  0x00000000       0x24 CMakeFiles/SensorConcentrator_boot.dir/startup_stm32f767xx.s.obj
 .debug_abbrev  0x00000024      0x383 CMakeFiles/SensorConcentrator_boot.dir/Core/Src/main_boot.c.obj
 .debug_abbrev  0x000003a7       0xc6 CMakeFiles/SensorConcentrator_boot.dir/Core/Src/boot_crc.c.obj
 .debug_abbrev  0x0000046d      0x1ac CMakeFiles/SensorConcentrator_boot.dir/Core/Src/boot_uart.c.obj
 .debug_abbrev  0x00000619       0xef CMakeFiles/SensorConcentrator_boot.dir/Core/Src/system_stm32f7xx.c.obj

.debug_aranges  0x00000000      0x170
 .debug_aranges
                0x00000000       0x28 CMakeFiles/SensorConcentrator_boot.dir/startup_stm32f767xx.s.obj
 .debug_aranges
                0x00000028       0xa0 CMakeFiles/SensorConcentrator_boot.dir/Core/Src/main_boot.c.obj
 .debug_aranges
                0x000000c8       0x20 CMakeFiles/SensorConcentrator_boot.dir/Core/Src/boot_crc.c.obj
 .debug_aranges
                0x000000e8       0x60 CMakeFiles/SensorConcentrator_boot.dir/Core/Src/boot_uart.c.obj
 .debug_aranges
                0x00000148       0x28 CMakeFiles/SensorConcentrator_boot.dir/Core/Src/system_stm32f7xx.c.obj

.debug_str      0x00000000    0xa64cf
 .debug_str     0x00000000    0xa64cf CMakeFiles/SensorConcentrator_boot.dir/startup_stm32f767xx.s.obj
                                 0x7e (size before relaxing)
 .debug_str     0x000a64cf        0x0 CMakeFiles/SensorConcentrator_boot.dir/Core/Src/main_boot.c.obj
                              0xa6370 (size before relaxing)
 .debug_str     0x000a64cf        0x0 CMakeFiles/SensorConcentrator_boot.dir/Core/Src/boot_crc.c.obj
                               0x41e2 (size before relaxing)
 .debug_str     0x000a64cf        0x0 CMakeFiles/SensorConcentrator_boot.dir/Core/Src/boot_uart.c.obj
                              0xa30d5 (size before relaxing)
 .debug_str     0x000a64cf        0x0 CMakeFiles/SensorConcentrator_boot.dir/Core/Src/system_stm32f7xx.c.obj
                              0xa2e79 (size before relaxing)

.debug_rnglists
                0x00000000      0x105
 .debug_rnglists
                0x00000000       0x19 CMakeFiles/SensorConcentrator_boot.dir/startup_stm32f767xx.s.obj
 .debug_rnglists
                0x00000019       0x79 CMakeFiles/SensorConcentrator_boot.dir/Core/Src/main_boot.c.obj
 .debug_rnglists
                0x00000092       0x13 CMakeFiles/SensorConcentrator_boot.dir/Core/Src/boot_crc.c.obj
 .debug_rnglists
                0x000000a5       0x47 CMakeFiles/SensorConcentrator_boot.dir/Core/Src/boot_uart.c.obj
 .debug_rnglists
                0x000000ec       0x19 CMakeFiles/SensorConcentrator_boot.dir/Core/Src/system_stm32f7xx.c.obj

.debug_macro    0x00000000    0x1dca8
 .debug_macro   0x00000000      0x1d9 CMakeFiles/SensorConcentrator_boot.dir/Core/Src/main_boot.c.obj
 .debug_macro   0x000001d9      0xaf6 CMakeFiles/SensorConcentrator_boot.dir/Core/Src/main_boot.c.obj
 .debug_macro   0x00000ccf       0x3b CMakeFiles/SensorConcentrator_boot.dir/Core/Src/main_boot.c.obj
 .debug_macro   0x00000d0a       0x22 CMakeFiles/SensorConcentrator_boot.dir/Core/Src/main_boot.c.obj
 .debug_macro   0x00000d2c       0x8e CMakeFiles/SensorConcentrator_boot.dir/Core/Src/main_boot.c.obj
 .debug_macro   0x00000dba       0x51 CMakeFiles/SensorConcentrator_boot.dir/Core/Src/main_boot.c.obj
 .debug_macro   0x00000e0b      0x103 CMakeFiles/SensorConcentrator_boot.dir/Core/Src/main_boot.c.obj
 .debug_macro   0x00000f0e       0x6a CMakeFiles/SensorConcentrator_boot.dir/Core/Src/main_boot.c.obj
 .debug_macro   0x00000f78      0x1df CMakeFiles/SensorConcentrator_boot.dir/Core/Src/main_boot.c.obj
 .debug_macro   0x00001157       0x1c CMakeFiles/SensorConcentrator_boot.dir/Core/Src/main_boot.c.obj
 .debug_macro   0x00001173       0x22 CMakeFiles/SensorConcentrator_boot.dir/Core/Src/main_boot.c.obj
 .debug_macro   0x00001195       0xd9 CMakeFiles/SensorConcentrator_boot.dir/Core/Src/main_boot.c.obj
 .debug_macro   0x0000126e     0x12cd CMakeFiles/SensorConcentrator_boot.dir/Core/Src/main_boot.c.obj
 .debug_macro   0x0000253b      0x11f CMakeFiles/SensorConcentrator_boot.dir/Core/Src/main_boot.c.obj
 .debug_macro   0x0000265a       0x19 CMakeFiles/SensorConcentrator_boot.dir/Core/Src/main_boot.c.obj
 .debug_macro   0x00002673    0x1aa23 CMakeFiles/SensorConcentrator_boot.dir/Core/Src/main_boot.c.obj
 .debug_macro   0x0001d096       0x7b CMakeFiles/SensorConcentrator_boot.dir/Core/Src/main_boot.c.obj
 .debug_macro   0x0001d111       0x29 CMakeFiles/SensorConcentrator_boot.dir/Core/Src/main_boot.c.obj
 .debug_macro   0x0001d13a       0x3c CMakeFiles/SensorConcentrator_boot.dir/Core/Src/main_boot.c.obj
 .debug_macro   0x0001d176       0x34 CMakeFiles/SensorConcentrator_boot.dir/Core/Src/main_boot.c.obj
 .debug_macro   0x0001d1aa      0x190 CMakeFiles/SensorConcentrator_boot.dir/Core/Src/main_boot.c.obj
 .debug_macro   0x0001d33a      0x364 CMakeFiles/SensorConcentrator_boot.dir/Core/Src/main_boot.c.obj
 .debug_macro   0x0001d69e       0x16 CMakeFiles/SensorConcentrator_boot.dir/Core/Src/main_boot.c.obj
 .debug_macro   0x0001d6b4       0x4a CMakeFiles/SensorConcentrator_boot.dir/Core/Src/main_boot.c.obj
 .debug_macro   0x0001d6fe       0x34 CMakeFiles/SensorConcentrator_boot.dir/Core/Src/main_boot.c.obj
 .debug_macro   0x0001d732       0x10 CMakeFiles/SensorConcentrator_boot.dir/Core/Src/main_boot.c.obj
 .debug_macro   0x0001d742       0x58 CMakeFiles/SensorConcentrator_boot.dir/Core/Src/main_boot.c.obj
 .debug_macro   0x0001d79a      0x1e5 CMakeFiles/SensorConcentrator_boot.dir/Core/Src/main_boot.c.obj
 .debug_macro   0x0001d97f       0x10 CMakeFiles/SensorConcentrator_boot.dir/Core/Src/main_boot.c.obj
 .debug_macro   0x0001d98f       0x3c CMakeFiles/SensorConcentrator_boot.dir/Core/Src/main_boot.c.obj
 .debug_macro   0x0001d9cb       0x52 CMakeFiles/SensorConcentrator_boot.dir/Core/Src/main_boot.c.obj
 .debug_macro   0x0001da1d       0x76 CMakeFiles/SensorConcentrator_boot.dir/Core/Src/boot_crc.c.obj
 .debug_macro   0x0001da93      0x100 CMakeFiles/SensorConcentrator_boot.dir/Core/Src/boot_uart.c.obj
 .debug_macro   0x0001db93       0x58 CMakeFiles/SensorConcentrator_boot.dir/Core/Src/boot_uart.c.obj
 .debug_macro   0x0001dbeb       0xbd CMakeFiles/SensorConcentrator_boot.dir/Core/Src/system_stm32f7xx.c.obj

.debug_frame    0x00000000      0x4a8
 .debug_frame   0x00000000      0x28c CMakeFiles/SensorConcentrator_boot.dir/Core/Src/main_boot.c.obj
 .debug_frame   0x0000028c       0x38 CMakeFiles/SensorConcentrator_boot.dir/Core/Src/boot_crc.c.obj
 .debug_frame   0x000002c4      0x168 CMakeFiles/SensorConcentrator_boot.dir/Core/Src/boot_uart.c.obj
 .debug_frame   0x0000042c       0x50 CMakeFiles/SensorConcentrator_boot.dir/Core/Src/system_stm32f7xx.c.obj
 .debug_frame   0x0000047c       0x2c D:/APP/GCC-ARM/bin/../lib/gcc/arm-none-eabi/15.2.1/../../../../arm-none-eabi/lib/thumb/v7e-m+dp/hard\libg_nano.a(libc_a-init.o)
