D:/Desktop/SensorConcentrator/UserCode/Drivers/ETH/net_comm_task.c:81:6:GenerateDeviceSNFromUID	96	static
D:/Desktop/SensorConcentrator/UserCode/Drivers/ETH/net_comm_task.c:103:6:Lwip_SNTP_Init	16	static
D:/Desktop/SensorConcentrator/UserCode/Drivers/ETH/net_comm_task.c:111:5:_write	32	static
D:/Desktop/SensorConcentrator/UserCode/Drivers/ETH/net_comm_task.c:134:6:print_local_ip	24	static
D:/Desktop/SensorConcentrator/UserCode/Drivers/ETH/net_comm_task.c:143:8:init_net_db	16	static
D:/Desktop/SensorConcentrator/UserCode/Drivers/ETH/net_comm_task.c:161:8:init_reboot_db	16	static
D:/Desktop/SensorConcentrator/UserCode/Drivers/ETH/net_comm_task.c:177:13:reboot_save_persistent_info	112	static
D:/Desktop/SensorConcentrator/UserCode/Drivers/ETH/net_comm_task.c:208:9:reboot_load_persistent_info	112	static
D:/Desktop/SensorConcentrator/UserCode/Drivers/ETH/net_comm_task.c:245:13:reboot_clear_persistent_info	8	static
D:/Desktop/SensorConcentrator/UserCode/Drivers/ETH/net_comm_task.c:265:15:sensorhub_write_mode	16	static
D:/Desktop/SensorConcentrator/UserCode/Drivers/ETH/net_comm_task.c:282:9:sensorhub_get_mode	16	static
D:/Desktop/SensorConcentrator/UserCode/Drivers/ETH/net_comm_task.c:289:13:sensor_mode_save_flash	32	static
D:/Desktop/SensorConcentrator/UserCode/Drivers/ETH/net_comm_task.c:300:13:sensor_mode_load_flash	40	static
D:/Desktop/SensorConcentrator/UserCode/Drivers/ETH/net_comm_task.c:320:6:reboot_result_check_and_report	80	static
D:/Desktop/SensorConcentrator/UserCode/Drivers/ETH/net_comm_task.c:337:6:net_config_init	56	static
D:/Desktop/SensorConcentrator/UserCode/Drivers/ETH/net_comm_task.c:402:6:net_config_save	32	static
D:/Desktop/SensorConcentrator/UserCode/Drivers/ETH/net_comm_task.c:418:6:NTP_Force_Refresh	8	static
D:/Desktop/SensorConcentrator/UserCode/Drivers/ETH/net_comm_task.c:435:13:stamp_to_time	88	static
D:/Desktop/SensorConcentrator/UserCode/Drivers/ETH/net_comm_task.c:464:13:udp_discovery_pcb_destroy	8	static
D:/Desktop/SensorConcentrator/UserCode/Drivers/ETH/net_comm_task.c:480:15:udp_discovery_pcb_create	16	static
D:/Desktop/SensorConcentrator/UserCode/Drivers/ETH/net_comm_task.c:524:6:Udp_discover_task	1544	static
D:/Desktop/SensorConcentrator/UserCode/Drivers/ETH/net_comm_task.c:642:6:uint64_to_str_2	56	static
D:/Desktop/SensorConcentrator/UserCode/Drivers/ETH/net_comm_task.c:667:6:uint64_to_str	56	static
D:/Desktop/SensorConcentrator/UserCode/Drivers/ETH/net_comm_task.c:687:13:udp_send_device_online	456	static
D:/Desktop/SensorConcentrator/UserCode/Drivers/ETH/net_comm_task.c:808:13:udp_msg_process	720	static
D:/Desktop/SensorConcentrator/UserCode/Drivers/ETH/net_comm_task.c:1141:13:udp_recv_callback	1560	static
D:/Desktop/SensorConcentrator/UserCode/Drivers/ETH/net_comm_task.c:1173:13:safe_tcp_close	24	static
D:/Desktop/SensorConcentrator/UserCode/Drivers/ETH/net_comm_task.c:1245:6:Tcp_client_task	72	static
D:/Desktop/SensorConcentrator/UserCode/Drivers/ETH/net_comm_task.c:1424:13:tcp_error_callback	16	static
D:/Desktop/SensorConcentrator/UserCode/Drivers/ETH/net_comm_task.c:1437:14:tcp_connected_cb	24	static
D:/Desktop/SensorConcentrator/UserCode/Drivers/ETH/net_comm_task.c:1498:14:tcp_recv_cb	32	static
D:/Desktop/SensorConcentrator/UserCode/Drivers/ETH/net_comm_task.c:1529:12:cJSON_KeyCompare	32	static
D:/Desktop/SensorConcentrator/UserCode/Drivers/ETH/net_comm_task.c:1546:13:cJSON_SortObjectRecursive	40	static
D:/Desktop/SensorConcentrator/UserCode/Drivers/ETH/net_comm_task.c:1603:13:tcp_parse_cmd	616	static
D:/Desktop/SensorConcentrator/UserCode/Drivers/ETH/net_comm_task.c:2023:13:tcp_send_register	408	static
D:/Desktop/SensorConcentrator/UserCode/Drivers/ETH/net_comm_task.c:2096:6:tcp_send_device_reboot_ack	352	static
D:/Desktop/SensorConcentrator/UserCode/Drivers/ETH/net_comm_task.c:2165:6:tcp_send_upgrade_start_ack	352	static
D:/Desktop/SensorConcentrator/UserCode/Drivers/ETH/net_comm_task.c:2228:6:tcp_send_device_reboot_result	352	static
D:/Desktop/SensorConcentrator/UserCode/Drivers/ETH/net_comm_task.c:2291:6:tcp_send_sensor_data	344	static
D:/Desktop/SensorConcentrator/UserCode/Drivers/ETH/net_comm_task.c:2376:13:tcp_send_mode_set_resp	344	static
D:/Desktop/SensorConcentrator/UserCode/Drivers/ETH/net_comm_task.c:2442:6:TimeSyncTask	256	static
D:/Desktop/SensorConcentrator/UserCode/Drivers/ETH/net_comm_task.c:2530:6:vRebootTask	88	static,ignoring_inline_asm
D:/Desktop/SensorConcentrator/UserCode/Drivers/ETH/net_comm_task.c:2575:6:tcp_sender_task	2112	static
