D:/Desktop/SensorConcentrator/cmake/stm32cubemx/../../Drivers/CMSIS/Include/core_cm7.h:2464:22:SCB_InvalidateDCache_by_Addr	32	static,ignoring_inline_asm
D:/Desktop/SensorConcentrator/LWIP/Target/ethernetif.c:170:6:HAL_ETH_RxCpltCallback	16	static
D:/Desktop/SensorConcentrator/LWIP/Target/ethernetif.c:179:6:HAL_ETH_TxCpltCallback	16	static
D:/Desktop/SensorConcentrator/LWIP/Target/ethernetif.c:188:6:HAL_ETH_ErrorCallback	16	static
D:/Desktop/SensorConcentrator/LWIP/Target/ethernetif.c:206:13:lan8742_restart_autonego	16	static
D:/Desktop/SensorConcentrator/LWIP/Target/ethernetif.c:231:13:low_level_init	224	static
D:/Desktop/SensorConcentrator/LWIP/Target/ethernetif.c:431:14:low_level_output	80	static
D:/Desktop/SensorConcentrator/LWIP/Target/ethernetif.c:503:22:low_level_input	24	static
D:/Desktop/SensorConcentrator/LWIP/Target/ethernetif.c:524:13:ethernetif_input	24	static
D:/Desktop/SensorConcentrator/LWIP/Target/ethernetif.c:581:7:ethernetif_init	16	static
D:/Desktop/SensorConcentrator/LWIP/Target/ethernetif.c:632:6:pbuf_free_custom	24	static
D:/Desktop/SensorConcentrator/LWIP/Target/ethernetif.c:655:7:sys_now	8	static
D:/Desktop/SensorConcentrator/LWIP/Target/ethernetif.c:668:6:HAL_ETH_MspInit	64	static
D:/Desktop/SensorConcentrator/LWIP/Target/ethernetif.c:723:6:HAL_ETH_MspDeInit	16	static
D:/Desktop/SensorConcentrator/LWIP/Target/ethernetif.c:767:9:ETH_PHY_IO_Init	8	static
D:/Desktop/SensorConcentrator/LWIP/Target/ethernetif.c:784:9:ETH_PHY_IO_DeInit	4	static
D:/Desktop/SensorConcentrator/LWIP/Target/ethernetif.c:796:9:ETH_PHY_IO_ReadReg	24	static
D:/Desktop/SensorConcentrator/LWIP/Target/ethernetif.c:813:9:ETH_PHY_IO_WriteReg	24	static
D:/Desktop/SensorConcentrator/LWIP/Target/ethernetif.c:827:9:ETH_PHY_IO_GetTick	8	static
D:/Desktop/SensorConcentrator/LWIP/Target/ethernetif.c:837:6:ethernet_link_thread	256	static
D:/Desktop/SensorConcentrator/LWIP/Target/ethernetif.c:1024:6:HAL_ETH_RxAllocateCallback	32	static
D:/Desktop/SensorConcentrator/LWIP/Target/ethernetif.c:1046:6:HAL_ETH_RxLinkCallback	40	static
D:/Desktop/SensorConcentrator/LWIP/Target/ethernetif.c:1086:6:HAL_ETH_TxFreeCallback	16	static
D:/Desktop/SensorConcentrator/LWIP/Target/ethernetif.c:1104:6:RMII_Thread	16	static
