D:/Desktop/SensorConcentrator/UserCode/Drivers/Clock/rtc_cluck.c:18:6:refresh_rtc_time	8	static
D:/Desktop/SensorConcentrator/UserCode/Drivers/Clock/rtc_cluck.c:29:6:UnixMs_To_RTC	96	static
D:/Desktop/SensorConcentrator/UserCode/Drivers/Clock/rtc_cluck.c:75:10:Get_Unix_Second	16	static
D:/Desktop/SensorConcentrator/UserCode/Drivers/Clock/rtc_cluck.c:86:10:RTC_To_UnixMs	120	static
D:/Desktop/SensorConcentrator/UserCode/Drivers/Clock/rtc_cluck.c:119:6:Unix_To_Time	64	static
D:/Desktop/SensorConcentrator/UserCode/Drivers/Clock/rtc_cluck.c:145:10:Time_To_Unix	48	static
