D:/Desktop/SensorConcentrator/UserCode/Drivers/RS485/debug_uart.c:35:6:DebugUart_Init	8	static
D:/Desktop/SensorConcentrator/UserCode/Drivers/RS485/debug_uart.c:57:13:debug_uart_send	16	static
D:/Desktop/SensorConcentrator/UserCode/Drivers/RS485/debug_uart.c:68:6:DebugUart_Flush	16	static
D:/Desktop/SensorConcentrator/UserCode/Drivers/RS485/debug_uart.c:82:13:debug_putc	16	static
D:/Desktop/SensorConcentrator/UserCode/Drivers/RS485/debug_uart.c:102:27:__io_putchar	16	static
D:/Desktop/SensorConcentrator/UserCode/Drivers/RS485/debug_uart.c:113:10:_write_r	32	static
D:/Desktop/SensorConcentrator/UserCode/Drivers/RS485/debug_uart.c:130:6:DebugUart_DumpHex	32	static
D:/Desktop/SensorConcentrator/UserCode/Drivers/RS485/debug_uart.c:145:6:DebugUart_Panic	24	static
D:/Desktop/SensorConcentrator/UserCode/Drivers/RS485/debug_uart.c:156:6:DebugUart_PanicHex	64	static
