D:/Desktop/SensorConcentrator/cmake/stm32cubemx/../../Drivers/CMSIS/Include/core_cm7.h:2229:22:SCB_EnableICache	4	static,ignoring_inline_asm
D:/Desktop/SensorConcentrator/cmake/stm32cubemx/../../Drivers/CMSIS/Include/core_cm7.h:2281:22:SCB_EnableDCache	24	static,ignoring_inline_asm
D:/Desktop/SensorConcentrator/Core/Src/main.c:72:5:main	8	static
D:/Desktop/SensorConcentrator/Core/Src/main.c:147:6:SystemClock_Config	88	static
D:/Desktop/SensorConcentrator/Core/Src/main.c:207:6:MPU_Config	24	static
D:/Desktop/SensorConcentrator/Core/Src/main.c:242:6:HAL_TIM_PeriodElapsedCallback	16	static
D:/Desktop/SensorConcentrator/Core/Src/main.c:260:6:Error_Handler	4	static,ignoring_inline_asm
