D:/Desktop/SensorConcentrator/cmake/stm32cubemx/../../Drivers/CMSIS/Include/core_cm7.h:2464:22:SCB_InvalidateDCache_by_Addr	32	static,ignoring_inline_asm
D:/Desktop/SensorConcentrator/LWIP/Target/ethernetif.c:172:6:HAL_ETH_RxCpltCallback	16	static
D:/Desktop/SensorConcentrator/LWIP/Target/ethernetif.c:181:6:HAL_ETH_TxCpltCallback	16	static
D:/Desktop/SensorConcentrator/LWIP/Target/ethernetif.c:190:6:HAL_ETH_ErrorCallback	16	static
D:/Desktop/SensorConcentrator/LWIP/Target/ethernetif.c:208:13:lan8742_restart_autonego	16	static
D:/Desktop/SensorConcentrator/LWIP/Target/ethernetif.c:233:13:low_level_init	224	static
D:/Desktop/SensorConcentrator/LWIP/Target/ethernetif.c:433:14:low_level_output	80	static
D:/Desktop/SensorConcentrator/LWIP/Target/ethernetif.c:505:22:low_level_input	24	static
D:/Desktop/SensorConcentrator/LWIP/Target/ethernetif.c:526:13:ethernetif_input	24	static
D:/Desktop/SensorConcentrator/LWIP/Target/ethernetif.c:583:7:ethernetif_init	16	static
D:/Desktop/SensorConcentrator/LWIP/Target/ethernetif.c:634:6:pbuf_free_custom	24	static
D:/Desktop/SensorConcentrator/LWIP/Target/ethernetif.c:657:7:sys_now	8	static
D:/Desktop/SensorConcentrator/LWIP/Target/ethernetif.c:670:6:HAL_ETH_MspInit	64	static
D:/Desktop/SensorConcentrator/LWIP/Target/ethernetif.c:725:6:HAL_ETH_MspDeInit	16	static
D:/Desktop/SensorConcentrator/LWIP/Target/ethernetif.c:769:9:ETH_PHY_IO_Init	8	static
D:/Desktop/SensorConcentrator/LWIP/Target/ethernetif.c:786:9:ETH_PHY_IO_DeInit	4	static
D:/Desktop/SensorConcentrator/LWIP/Target/ethernetif.c:798:9:ETH_PHY_IO_ReadReg	24	static
D:/Desktop/SensorConcentrator/LWIP/Target/ethernetif.c:815:9:ETH_PHY_IO_WriteReg	24	static
D:/Desktop/SensorConcentrator/LWIP/Target/ethernetif.c:829:9:ETH_PHY_IO_GetTick	8	static
D:/Desktop/SensorConcentrator/LWIP/Target/ethernetif.c:839:6:ethernet_link_thread	256	static
D:/Desktop/SensorConcentrator/LWIP/Target/ethernetif.c:1026:6:HAL_ETH_RxAllocateCallback	32	static
D:/Desktop/SensorConcentrator/LWIP/Target/ethernetif.c:1048:6:HAL_ETH_RxLinkCallback	40	static
D:/Desktop/SensorConcentrator/LWIP/Target/ethernetif.c:1088:6:HAL_ETH_TxFreeCallback	16	static
D:/Desktop/SensorConcentrator/LWIP/Target/ethernetif.c:1106:6:RMII_Thread	16	static
