D:/Desktop/SensorConcentrator/cmake/stm32cubemx/../../Drivers/CMSIS/Include/core_cm7.h:2464:22:SCB_InvalidateDCache_by_Addr	32	static,ignoring_inline_asm
D:/Desktop/SensorConcentrator/LWIP/Target/ethernetif.c:161:6:HAL_ETH_RxCpltCallback	16	static
D:/Desktop/SensorConcentrator/LWIP/Target/ethernetif.c:170:6:HAL_ETH_TxCpltCallback	16	static
D:/Desktop/SensorConcentrator/LWIP/Target/ethernetif.c:179:6:HAL_ETH_ErrorCallback	16	static
D:/Desktop/SensorConcentrator/LWIP/Target/ethernetif.c:201:13:low_level_init	224	static
D:/Desktop/SensorConcentrator/LWIP/Target/ethernetif.c:383:14:low_level_output	80	static
D:/Desktop/SensorConcentrator/LWIP/Target/ethernetif.c:455:22:low_level_input	24	static
D:/Desktop/SensorConcentrator/LWIP/Target/ethernetif.c:476:13:ethernetif_input	24	static
D:/Desktop/SensorConcentrator/LWIP/Target/ethernetif.c:533:7:ethernetif_init	16	static
D:/Desktop/SensorConcentrator/LWIP/Target/ethernetif.c:584:6:pbuf_free_custom	24	static
D:/Desktop/SensorConcentrator/LWIP/Target/ethernetif.c:607:7:sys_now	8	static
D:/Desktop/SensorConcentrator/LWIP/Target/ethernetif.c:620:6:HAL_ETH_MspInit	64	static
D:/Desktop/SensorConcentrator/LWIP/Target/ethernetif.c:675:6:HAL_ETH_MspDeInit	16	static
D:/Desktop/SensorConcentrator/LWIP/Target/ethernetif.c:719:9:ETH_PHY_IO_Init	8	static
D:/Desktop/SensorConcentrator/LWIP/Target/ethernetif.c:736:9:ETH_PHY_IO_DeInit	4	static
D:/Desktop/SensorConcentrator/LWIP/Target/ethernetif.c:748:9:ETH_PHY_IO_ReadReg	24	static
D:/Desktop/SensorConcentrator/LWIP/Target/ethernetif.c:765:9:ETH_PHY_IO_WriteReg	24	static
D:/Desktop/SensorConcentrator/LWIP/Target/ethernetif.c:779:9:ETH_PHY_IO_GetTick	8	static
D:/Desktop/SensorConcentrator/LWIP/Target/ethernetif.c:789:6:ethernet_link_thread	136	static
D:/Desktop/SensorConcentrator/LWIP/Target/ethernetif.c:859:6:HAL_ETH_RxAllocateCallback	32	static
D:/Desktop/SensorConcentrator/LWIP/Target/ethernetif.c:881:6:HAL_ETH_RxLinkCallback	40	static
D:/Desktop/SensorConcentrator/LWIP/Target/ethernetif.c:921:6:HAL_ETH_TxFreeCallback	16	static
D:/Desktop/SensorConcentrator/LWIP/Target/ethernetif.c:934:6:RMII_Thread	16	static
