D:/Desktop/SensorConcentrator/Core/Src/stm32f7xx_it.c:60:13:Fault_Dump	64	static,ignoring_inline_asm
D:/Desktop/SensorConcentrator/Core/Src/stm32f7xx_it.c:134:6:NMI_Handler	4	static
D:/Desktop/SensorConcentrator/Core/Src/stm32f7xx_it.c:149:6:HardFault_Handler	8	static
D:/Desktop/SensorConcentrator/Core/Src/stm32f7xx_it.c:164:6:MemManage_Handler	8	static
D:/Desktop/SensorConcentrator/Core/Src/stm32f7xx_it.c:179:6:BusFault_Handler	8	static
D:/Desktop/SensorConcentrator/Core/Src/stm32f7xx_it.c:194:6:UsageFault_Handler	8	static
D:/Desktop/SensorConcentrator/Core/Src/stm32f7xx_it.c:209:6:DebugMon_Handler	4	static
D:/Desktop/SensorConcentrator/Core/Src/stm32f7xx_it.c:229:6:DMA1_Stream0_IRQHandler	8	static
D:/Desktop/SensorConcentrator/Core/Src/stm32f7xx_it.c:243:6:DMA1_Stream1_IRQHandler	8	static
D:/Desktop/SensorConcentrator/Core/Src/stm32f7xx_it.c:257:6:DMA1_Stream2_IRQHandler	8	static
D:/Desktop/SensorConcentrator/Core/Src/stm32f7xx_it.c:271:6:DMA1_Stream3_IRQHandler	8	static
D:/Desktop/SensorConcentrator/Core/Src/stm32f7xx_it.c:285:6:DMA1_Stream4_IRQHandler	8	static
D:/Desktop/SensorConcentrator/Core/Src/stm32f7xx_it.c:299:6:DMA1_Stream5_IRQHandler	8	static
D:/Desktop/SensorConcentrator/Core/Src/stm32f7xx_it.c:313:6:DMA1_Stream6_IRQHandler	8	static
D:/Desktop/SensorConcentrator/Core/Src/stm32f7xx_it.c:327:6:USART1_IRQHandler	8	static
D:/Desktop/SensorConcentrator/Core/Src/stm32f7xx_it.c:341:6:USART2_IRQHandler	8	static
D:/Desktop/SensorConcentrator/Core/Src/stm32f7xx_it.c:355:6:USART3_IRQHandler	8	static
D:/Desktop/SensorConcentrator/Core/Src/stm32f7xx_it.c:369:6:DMA1_Stream7_IRQHandler	8	static
D:/Desktop/SensorConcentrator/Core/Src/stm32f7xx_it.c:383:6:UART4_IRQHandler	8	static
D:/Desktop/SensorConcentrator/Core/Src/stm32f7xx_it.c:397:6:UART5_IRQHandler	8	static
D:/Desktop/SensorConcentrator/Core/Src/stm32f7xx_it.c:411:6:TIM7_IRQHandler	8	static
D:/Desktop/SensorConcentrator/Core/Src/stm32f7xx_it.c:425:6:DMA2_Stream1_IRQHandler	8	static
D:/Desktop/SensorConcentrator/Core/Src/stm32f7xx_it.c:439:6:DMA2_Stream2_IRQHandler	8	static
D:/Desktop/SensorConcentrator/Core/Src/stm32f7xx_it.c:453:6:ETH_IRQHandler	8	static
D:/Desktop/SensorConcentrator/Core/Src/stm32f7xx_it.c:467:6:DMA2_Stream6_IRQHandler	8	static
D:/Desktop/SensorConcentrator/Core/Src/stm32f7xx_it.c:481:6:DMA2_Stream7_IRQHandler	8	static
D:/Desktop/SensorConcentrator/Core/Src/stm32f7xx_it.c:495:6:USART6_IRQHandler	8	static
D:/Desktop/SensorConcentrator/Core/Src/stm32f7xx_it.c:509:6:UART7_IRQHandler	8	static
D:/Desktop/SensorConcentrator/Core/Src/stm32f7xx_it.c:523:6:UART8_IRQHandler	8	static
