D:/Desktop/SensorConcentrator/cmake/stm32cubemx/../../Drivers/CMSIS/Include/core_cm7.h:2464:22:SCB_InvalidateDCache_by_Addr	32	static,ignoring_inline_asm
D:/Desktop/SensorConcentrator/LWIP/Target/ethernetif.c:172:6:HAL_ETH_RxCpltCallback	16	static
D:/Desktop/SensorConcentrator/LWIP/Target/ethernetif.c:181:6:HAL_ETH_TxCpltCallback	16	static
D:/Desktop/SensorConcentrator/LWIP/Target/ethernetif.c:190:6:HAL_ETH_ErrorCallback	16	static
D:/Desktop/SensorConcentrator/LWIP/Target/ethernetif.c:212:13:low_level_init	224	static
D:/Desktop/SensorConcentrator/LWIP/Target/ethernetif.c:409:14:low_level_output	80	static
D:/Desktop/SensorConcentrator/LWIP/Target/ethernetif.c:481:22:low_level_input	24	static
D:/Desktop/SensorConcentrator/LWIP/Target/ethernetif.c:502:13:ethernetif_input	24	static
D:/Desktop/SensorConcentrator/LWIP/Target/ethernetif.c:559:7:ethernetif_init	16	static
D:/Desktop/SensorConcentrator/LWIP/Target/ethernetif.c:610:6:pbuf_free_custom	24	static
D:/Desktop/SensorConcentrator/LWIP/Target/ethernetif.c:633:7:sys_now	8	static
D:/Desktop/SensorConcentrator/LWIP/Target/ethernetif.c:646:6:HAL_ETH_MspInit	64	static
D:/Desktop/SensorConcentrator/LWIP/Target/ethernetif.c:701:6:HAL_ETH_MspDeInit	16	static
D:/Desktop/SensorConcentrator/LWIP/Target/ethernetif.c:745:9:ETH_PHY_IO_Init	8	static
D:/Desktop/SensorConcentrator/LWIP/Target/ethernetif.c:762:9:ETH_PHY_IO_DeInit	4	static
D:/Desktop/SensorConcentrator/LWIP/Target/ethernetif.c:774:9:ETH_PHY_IO_ReadReg	24	static
D:/Desktop/SensorConcentrator/LWIP/Target/ethernetif.c:791:9:ETH_PHY_IO_WriteReg	24	static
D:/Desktop/SensorConcentrator/LWIP/Target/ethernetif.c:805:9:ETH_PHY_IO_GetTick	8	static
D:/Desktop/SensorConcentrator/LWIP/Target/ethernetif.c:815:6:ethernet_link_thread	144	static
D:/Desktop/SensorConcentrator/LWIP/Target/ethernetif.c:924:6:HAL_ETH_RxAllocateCallback	32	static
D:/Desktop/SensorConcentrator/LWIP/Target/ethernetif.c:946:6:HAL_ETH_RxLinkCallback	40	static
D:/Desktop/SensorConcentrator/LWIP/Target/ethernetif.c:986:6:HAL_ETH_TxFreeCallback	16	static
D:/Desktop/SensorConcentrator/LWIP/Target/ethernetif.c:1004:6:RMII_Thread	16	static
