D:/Desktop/SensorConcentrator/UserCode/Drivers/ETH/net_comm_task.c:79:6:GenerateDeviceSNFromUID	96	static
D:/Desktop/SensorConcentrator/UserCode/Drivers/ETH/net_comm_task.c:101:6:Lwip_SNTP_Init	16	static
D:/Desktop/SensorConcentrator/UserCode/Drivers/ETH/net_comm_task.c:109:5:_write	32	static
D:/Desktop/SensorConcentrator/UserCode/Drivers/ETH/net_comm_task.c:132:6:print_local_ip	24	static
D:/Desktop/SensorConcentrator/UserCode/Drivers/ETH/net_comm_task.c:141:8:init_net_db	16	static
D:/Desktop/SensorConcentrator/UserCode/Drivers/ETH/net_comm_task.c:159:8:init_reboot_db	16	static
D:/Desktop/SensorConcentrator/UserCode/Drivers/ETH/net_comm_task.c:175:13:reboot_save_persistent_info	112	static
D:/Desktop/SensorConcentrator/UserCode/Drivers/ETH/net_comm_task.c:206:9:reboot_load_persistent_info	112	static
D:/Desktop/SensorConcentrator/UserCode/Drivers/ETH/net_comm_task.c:243:13:reboot_clear_persistent_info	8	static
D:/Desktop/SensorConcentrator/UserCode/Drivers/ETH/net_comm_task.c:261:15:sensorhub_write_mode	24	static
D:/Desktop/SensorConcentrator/UserCode/Drivers/ETH/net_comm_task.c:285:9:sensorhub_get_mode	16	static
D:/Desktop/SensorConcentrator/UserCode/Drivers/ETH/net_comm_task.c:292:13:sensor_mode_save_flash	32	static
D:/Desktop/SensorConcentrator/UserCode/Drivers/ETH/net_comm_task.c:303:13:sensor_mode_load_flash	40	static
D:/Desktop/SensorConcentrator/UserCode/Drivers/ETH/net_comm_task.c:323:6:reboot_result_check_and_report	80	static
D:/Desktop/SensorConcentrator/UserCode/Drivers/ETH/net_comm_task.c:340:6:net_config_init	56	static
D:/Desktop/SensorConcentrator/UserCode/Drivers/ETH/net_comm_task.c:405:6:net_config_save	32	static
D:/Desktop/SensorConcentrator/UserCode/Drivers/ETH/net_comm_task.c:421:6:NTP_Force_Refresh	8	static
D:/Desktop/SensorConcentrator/UserCode/Drivers/ETH/net_comm_task.c:438:13:stamp_to_time	88	static
D:/Desktop/SensorConcentrator/UserCode/Drivers/ETH/net_comm_task.c:467:13:udp_discovery_pcb_destroy	8	static
D:/Desktop/SensorConcentrator/UserCode/Drivers/ETH/net_comm_task.c:483:15:udp_discovery_pcb_create	16	static
D:/Desktop/SensorConcentrator/UserCode/Drivers/ETH/net_comm_task.c:527:6:Udp_discover_task	1544	static
D:/Desktop/SensorConcentrator/UserCode/Drivers/ETH/net_comm_task.c:667:6:uint64_to_str_2	56	static
D:/Desktop/SensorConcentrator/UserCode/Drivers/ETH/net_comm_task.c:692:6:uint64_to_str	56	static
D:/Desktop/SensorConcentrator/UserCode/Drivers/ETH/net_comm_task.c:712:13:udp_send_device_online	456	static
D:/Desktop/SensorConcentrator/UserCode/Drivers/ETH/net_comm_task.c:833:13:udp_msg_process	720	static
D:/Desktop/SensorConcentrator/UserCode/Drivers/ETH/net_comm_task.c:1166:13:udp_recv_callback	1560	static
D:/Desktop/SensorConcentrator/UserCode/Drivers/ETH/net_comm_task.c:1198:13:safe_tcp_close	24	static
D:/Desktop/SensorConcentrator/UserCode/Drivers/ETH/net_comm_task.c:1269:6:Tcp_client_task	64	static
D:/Desktop/SensorConcentrator/UserCode/Drivers/ETH/net_comm_task.c:1437:13:tcp_error_callback	16	static
D:/Desktop/SensorConcentrator/UserCode/Drivers/ETH/net_comm_task.c:1450:14:tcp_connected_cb	24	static
D:/Desktop/SensorConcentrator/UserCode/Drivers/ETH/net_comm_task.c:1508:14:tcp_recv_cb	32	static
D:/Desktop/SensorConcentrator/UserCode/Drivers/ETH/net_comm_task.c:1534:13:tcp_parse_cmd	560	static
D:/Desktop/SensorConcentrator/UserCode/Drivers/ETH/net_comm_task.c:1872:13:tcp_send_register	408	static
D:/Desktop/SensorConcentrator/UserCode/Drivers/ETH/net_comm_task.c:1945:6:tcp_send_device_reboot_ack	352	static
D:/Desktop/SensorConcentrator/UserCode/Drivers/ETH/net_comm_task.c:2014:6:tcp_send_upgrade_start_ack	352	static
D:/Desktop/SensorConcentrator/UserCode/Drivers/ETH/net_comm_task.c:2077:6:tcp_send_device_reboot_result	352	static
D:/Desktop/SensorConcentrator/UserCode/Drivers/ETH/net_comm_task.c:2140:6:tcp_send_sensor_data	344	static
D:/Desktop/SensorConcentrator/UserCode/Drivers/ETH/net_comm_task.c:2225:13:tcp_send_mode_set_resp	344	static
D:/Desktop/SensorConcentrator/UserCode/Drivers/ETH/net_comm_task.c:2291:6:TimeSyncTask	256	static
D:/Desktop/SensorConcentrator/UserCode/Drivers/ETH/net_comm_task.c:2379:6:vRebootTask	88	static,ignoring_inline_asm
D:/Desktop/SensorConcentrator/UserCode/Drivers/ETH/net_comm_task.c:2424:6:tcp_sender_task	2112	static
