[1/95] Building C object CMakeFiles/SensorConcentrator.dir/LWIP/App/lwip.c.obj
[2/95] Building C object CMakeFiles/SensorConcentrator.dir/Core/Src/main.c.obj
[3/95] Building C object CMakeFiles/SensorConcentrator.dir/LWIP/Target/ethernetif.c.obj
[4/95] Building C object CMakeFiles/SensorConcentrator.dir/Core/Src/freertos.c.obj
[5/95] Building C object CMakeFiles/SensorConcentrator.dir/Core/Src/sysmem.c.obj
[6/95] Building C object CMakeFiles/SensorConcentrator.dir/Core/Src/syscalls.c.obj
[7/95] Building C object CMakeFiles/SensorConcentrator.dir/UserCode/Drivers/RS485/sensor_hub.c.obj
[8/95] Building C object CMakeFiles/SensorConcentrator.dir/UserCode/Drivers/ETH/net_comm_task.c.obj
[9/95] Building C object CMakeFiles/SensorConcentrator.dir/UserCode/Drivers/ota/ota.c.obj
[10/95] Building C object CMakeFiles/SensorConcentrator.dir/UserCode/Logic/main_logic.c.obj
[11/95] Building C object cmake/stm32cubemx/CMakeFiles/LwIP.dir/__/__/Middlewares/Third_Party/LwIP/src/netif/ppp/auth.c.obj
[12/95] Building C object CMakeFiles/SensorConcentrator.dir/UserCode/Logic/msg_queue.c.obj
[13/95] Building C object cmake/stm32cubemx/CMakeFiles/LwIP.dir/__/__/Middlewares/Third_Party/LwIP/src/netif/ppp/ccp.c.obj
[14/95] Building C object cmake/stm32cubemx/CMakeFiles/LwIP.dir/__/__/Middlewares/Third_Party/LwIP/src/netif/ppp/chap_ms.c.obj
[15/95] Building C object cmake/stm32cubemx/CMakeFiles/LwIP.dir/__/__/Middlewares/Third_Party/LwIP/src/netif/ppp/chap-md5.c.obj
[16/95] Building C object cmake/stm32cubemx/CMakeFiles/LwIP.dir/__/__/Middlewares/Third_Party/LwIP/src/netif/ppp/chap-new.c.obj
[17/95] Building C object cmake/stm32cubemx/CMakeFiles/LwIP.dir/__/__/Middlewares/Third_Party/LwIP/src/netif/ppp/demand.c.obj
[18/95] Building C object cmake/stm32cubemx/CMakeFiles/LwIP.dir/__/__/Middlewares/Third_Party/LwIP/src/netif/ppp/eap.c.obj
[19/95] Building C object cmake/stm32cubemx/CMakeFiles/LwIP.dir/__/__/Middlewares/Third_Party/LwIP/src/netif/ppp/eui64.c.obj
[20/95] Building C object cmake/stm32cubemx/CMakeFiles/LwIP.dir/__/__/Middlewares/Third_Party/LwIP/src/netif/ppp/fsm.c.obj
[21/95] Building C object cmake/stm32cubemx/CMakeFiles/LwIP.dir/__/__/Middlewares/Third_Party/LwIP/src/netif/ppp/ipcp.c.obj
[22/95] Building C object cmake/stm32cubemx/CMakeFiles/LwIP.dir/__/__/Middlewares/Third_Party/LwIP/src/netif/ppp/ipv6cp.c.obj
[23/95] Building C object cmake/stm32cubemx/CMakeFiles/LwIP.dir/__/__/Middlewares/Third_Party/LwIP/src/netif/ppp/lcp.c.obj
[24/95] Building C object cmake/stm32cubemx/CMakeFiles/LwIP.dir/__/__/Middlewares/Third_Party/LwIP/src/netif/ppp/magic.c.obj
[25/95] Building C object cmake/stm32cubemx/CMakeFiles/LwIP.dir/__/__/Middlewares/Third_Party/LwIP/src/netif/ppp/mppe.c.obj
[26/95] Building C object cmake/stm32cubemx/CMakeFiles/LwIP.dir/__/__/Middlewares/Third_Party/LwIP/src/netif/ppp/multilink.c.obj
[27/95] Building C object cmake/stm32cubemx/CMakeFiles/LwIP.dir/__/__/Middlewares/Third_Party/LwIP/src/netif/ppp/ppp.c.obj
[28/95] Building C object cmake/stm32cubemx/CMakeFiles/LwIP.dir/__/__/Middlewares/Third_Party/LwIP/src/netif/ppp/pppapi.c.obj
[29/95] Building C object cmake/stm32cubemx/CMakeFiles/LwIP.dir/__/__/Middlewares/Third_Party/LwIP/src/netif/ppp/pppcrypt.c.obj
[30/95] Building C object cmake/stm32cubemx/CMakeFiles/LwIP.dir/__/__/Middlewares/Third_Party/LwIP/src/netif/ppp/pppoe.c.obj
[31/95] Building C object cmake/stm32cubemx/CMakeFiles/LwIP.dir/__/__/Middlewares/Third_Party/LwIP/src/netif/ppp/pppol2tp.c.obj
[32/95] Building C object cmake/stm32cubemx/CMakeFiles/LwIP.dir/__/__/Middlewares/Third_Party/LwIP/src/netif/ppp/pppos.c.obj
[33/95] Building C object cmake/stm32cubemx/CMakeFiles/LwIP.dir/__/__/Middlewares/Third_Party/LwIP/src/netif/ppp/upap.c.obj
[34/95] Building C object cmake/stm32cubemx/CMakeFiles/LwIP.dir/__/__/Middlewares/Third_Party/LwIP/src/netif/ppp/utils.c.obj
[35/95] Building C object cmake/stm32cubemx/CMakeFiles/LwIP.dir/__/__/Middlewares/Third_Party/LwIP/src/netif/ppp/vj.c.obj
[36/95] Building C object cmake/stm32cubemx/CMakeFiles/LwIP.dir/__/__/Middlewares/Third_Party/LwIP/src/netif/bridgeif.c.obj
[37/95] Building C object cmake/stm32cubemx/CMakeFiles/LwIP.dir/__/__/Middlewares/Third_Party/LwIP/src/netif/bridgeif_fdb.c.obj
[38/95] Building C object cmake/stm32cubemx/CMakeFiles/LwIP.dir/__/__/Middlewares/Third_Party/LwIP/src/netif/lowpan6.c.obj
[39/95] Building C object cmake/stm32cubemx/CMakeFiles/LwIP.dir/__/__/Middlewares/Third_Party/LwIP/src/netif/ethernet.c.obj
[40/95] Building C object cmake/stm32cubemx/CMakeFiles/LwIP.dir/__/__/Middlewares/Third_Party/LwIP/src/netif/lowpan6_ble.c.obj
[41/95] Building C object cmake/stm32cubemx/CMakeFiles/LwIP.dir/__/__/Middlewares/Third_Party/LwIP/src/netif/lowpan6_common.c.obj
[42/95] Building C object cmake/stm32cubemx/CMakeFiles/LwIP.dir/__/__/Middlewares/Third_Party/LwIP/src/netif/zepif.c.obj
[43/95] Building C object cmake/stm32cubemx/CMakeFiles/LwIP.dir/__/__/Middlewares/Third_Party/LwIP/src/netif/ppp/ecp.c.obj
[44/95] Building C object cmake/stm32cubemx/CMakeFiles/LwIP.dir/__/__/Middlewares/Third_Party/LwIP/src/netif/slipif.c.obj
[45/95] Building C object cmake/stm32cubemx/CMakeFiles/LwIP.dir/__/__/Middlewares/Third_Party/LwIP/src/api/api_lib.c.obj
[46/95] Building C object cmake/stm32cubemx/CMakeFiles/LwIP.dir/__/__/Middlewares/Third_Party/LwIP/src/api/api_msg.c.obj
[47/95] Building C object cmake/stm32cubemx/CMakeFiles/LwIP.dir/__/__/Middlewares/Third_Party/LwIP/src/api/err.c.obj
[48/95] Building C object cmake/stm32cubemx/CMakeFiles/LwIP.dir/__/__/Middlewares/Third_Party/LwIP/src/api/if_api.c.obj
[49/95] Building C object cmake/stm32cubemx/CMakeFiles/LwIP.dir/__/__/Middlewares/Third_Party/LwIP/src/api/netbuf.c.obj
[50/95] Building C object cmake/stm32cubemx/CMakeFiles/LwIP.dir/__/__/Middlewares/Third_Party/LwIP/src/api/netdb.c.obj
[51/95] Building C object cmake/stm32cubemx/CMakeFiles/LwIP.dir/__/__/Middlewares/Third_Party/LwIP/src/api/netifapi.c.obj
[52/95] Building C object cmake/stm32cubemx/CMakeFiles/LwIP.dir/__/__/Middlewares/Third_Party/LwIP/src/api/tcpip.c.obj
[53/95] Building C object cmake/stm32cubemx/CMakeFiles/LwIP.dir/__/__/Middlewares/Third_Party/LwIP/src/api/sockets.c.obj
[54/95] Building C object cmake/stm32cubemx/CMakeFiles/LwIP.dir/__/__/Middlewares/Third_Party/LwIP/src/core/altcp.c.obj
[55/95] Building C object cmake/stm32cubemx/CMakeFiles/LwIP.dir/__/__/Middlewares/Third_Party/LwIP/src/core/altcp_alloc.c.obj
[56/95] Building C object cmake/stm32cubemx/CMakeFiles/LwIP.dir/__/__/Middlewares/Third_Party/LwIP/src/core/altcp_tcp.c.obj
[57/95] Building C object cmake/stm32cubemx/CMakeFiles/LwIP.dir/__/__/Middlewares/Third_Party/LwIP/src/core/def.c.obj
[58/95] Building C object cmake/stm32cubemx/CMakeFiles/LwIP.dir/__/__/Middlewares/Third_Party/LwIP/src/core/dns.c.obj
[59/95] Building C object cmake/stm32cubemx/CMakeFiles/LwIP.dir/__/__/Middlewares/Third_Party/LwIP/src/core/inet_chksum.c.obj
[60/95] Building C object cmake/stm32cubemx/CMakeFiles/LwIP.dir/__/__/Middlewares/Third_Party/LwIP/src/core/ip.c.obj
[61/95] Building C object cmake/stm32cubemx/CMakeFiles/LwIP.dir/__/__/Middlewares/Third_Party/LwIP/src/core/init.c.obj
[62/95] Building C object cmake/stm32cubemx/CMakeFiles/LwIP.dir/__/__/Middlewares/Third_Party/LwIP/src/core/mem.c.obj
[63/95] Building C object cmake/stm32cubemx/CMakeFiles/LwIP.dir/__/__/Middlewares/Third_Party/LwIP/src/core/memp.c.obj
[64/95] Building C object cmake/stm32cubemx/CMakeFiles/LwIP.dir/__/__/Middlewares/Third_Party/LwIP/src/core/netif.c.obj
[65/95] Building C object cmake/stm32cubemx/CMakeFiles/LwIP.dir/__/__/Middlewares/Third_Party/LwIP/src/core/pbuf.c.obj
[66/95] Building C object cmake/stm32cubemx/CMakeFiles/LwIP.dir/__/__/Middlewares/Third_Party/LwIP/src/core/raw.c.obj
[67/95] Building C object cmake/stm32cubemx/CMakeFiles/LwIP.dir/__/__/Middlewares/Third_Party/LwIP/src/core/stats.c.obj
[68/95] Building C object cmake/stm32cubemx/CMakeFiles/LwIP.dir/__/__/Middlewares/Third_Party/LwIP/src/core/sys.c.obj
[69/95] Building C object cmake/stm32cubemx/CMakeFiles/LwIP.dir/__/__/Middlewares/Third_Party/LwIP/src/core/tcp.c.obj
[70/95] Building C object cmake/stm32cubemx/CMakeFiles/LwIP.dir/__/__/Middlewares/Third_Party/LwIP/src/core/tcp_in.c.obj
[71/95] Building C object cmake/stm32cubemx/CMakeFiles/LwIP.dir/__/__/Middlewares/Third_Party/LwIP/src/core/tcp_out.c.obj
[72/95] Building C object cmake/stm32cubemx/CMakeFiles/LwIP.dir/__/__/Middlewares/Third_Party/LwIP/src/core/timeouts.c.obj
[73/95] Building C object cmake/stm32cubemx/CMakeFiles/LwIP.dir/__/__/Middlewares/Third_Party/LwIP/src/core/udp.c.obj
[74/95] Building C object cmake/stm32cubemx/CMakeFiles/LwIP.dir/__/__/Middlewares/Third_Party/LwIP/src/core/ipv4/autoip.c.obj
[75/95] Building C object cmake/stm32cubemx/CMakeFiles/LwIP.dir/__/__/Middlewares/Third_Party/LwIP/src/core/ipv4/dhcp.c.obj
[76/95] Building C object cmake/stm32cubemx/CMakeFiles/LwIP.dir/__/__/Middlewares/Third_Party/LwIP/src/core/ipv4/icmp.c.obj
[77/95] Building C object cmake/stm32cubemx/CMakeFiles/LwIP.dir/__/__/Middlewares/Third_Party/LwIP/src/core/ipv4/etharp.c.obj
[78/95] Building C object cmake/stm32cubemx/CMakeFiles/LwIP.dir/__/__/Middlewares/Third_Party/LwIP/src/core/ipv4/igmp.c.obj
[79/95] Building C object cmake/stm32cubemx/CMakeFiles/LwIP.dir/__/__/Middlewares/Third_Party/LwIP/src/core/ipv4/ip4.c.obj
[80/95] Building C object cmake/stm32cubemx/CMakeFiles/LwIP.dir/__/__/Middlewares/Third_Party/LwIP/src/core/ipv4/ip4_addr.c.obj
[81/95] Building C object cmake/stm32cubemx/CMakeFiles/LwIP.dir/__/__/Middlewares/Third_Party/LwIP/src/core/ipv4/ip4_frag.c.obj
[82/95] Building C object cmake/stm32cubemx/CMakeFiles/LwIP.dir/__/__/Middlewares/Third_Party/LwIP/src/core/ipv6/dhcp6.c.obj
[83/95] Building C object cmake/stm32cubemx/CMakeFiles/LwIP.dir/__/__/Middlewares/Third_Party/LwIP/src/core/ipv6/ethip6.c.obj
[84/95] Building C object cmake/stm32cubemx/CMakeFiles/LwIP.dir/__/__/Middlewares/Third_Party/LwIP/src/core/ipv6/icmp6.c.obj
[85/95] Building C object cmake/stm32cubemx/CMakeFiles/LwIP.dir/__/__/Middlewares/Third_Party/LwIP/src/core/ipv6/inet6.c.obj
[86/95] Building C object cmake/stm32cubemx/CMakeFiles/LwIP.dir/__/__/Middlewares/Third_Party/LwIP/src/core/ipv6/ip6.c.obj
[87/95] Building C object cmake/stm32cubemx/CMakeFiles/LwIP.dir/__/__/Middlewares/Third_Party/LwIP/src/core/ipv6/ip6_addr.c.obj
[88/95] Building C object cmake/stm32cubemx/CMakeFiles/LwIP.dir/__/__/Middlewares/Third_Party/LwIP/src/core/ipv6/mld6.c.obj
[89/95] Building C object cmake/stm32cubemx/CMakeFiles/LwIP.dir/__/__/Middlewares/Third_Party/LwIP/src/core/ipv6/ip6_frag.c.obj
[90/95] Building C object cmake/stm32cubemx/CMakeFiles/LwIP.dir/__/__/Middlewares/Third_Party/LwIP/src/core/ipv6/nd6.c.obj
[91/95] Building C object cmake/stm32cubemx/CMakeFiles/LwIP.dir/__/__/Middlewares/Third_Party/LwIP/system/OS/sys_arch.c.obj
[92/95] Building C object cmake/stm32cubemx/CMakeFiles/LwIP.dir/__/__/Middlewares/Third_Party/LwIP/src/apps/mqtt/mqtt.c.obj
[93/95] Building C object cmake/stm32cubemx/CMakeFiles/LwIP.dir/__/__/Middlewares/Third_Party/LwIP/src/apps/sntp/sntp.c.obj
[94/95] Building C object cmake/stm32cubemx/CMakeFiles/LwIP.dir/__/__/Middlewares/Third_Party/LwIP/src/apps/tftp/tftp_server.c.obj
[95/95] Linking C executable SensorConcentrator.elf; Building HEX file: SensorConcentrator.hex; Building BIN file: SensorConcentrator.bin
C:/Users/Lenovo/AppData/Local/stm32cube/bundles/gnu-tools-for-stm32/14.3.1+st.2/bin/../lib/gcc/arm-none-eabi/14.3.1/../../../../arm-none-eabi/bin/ld.exe: warning: SensorConcentrator.elf has a LOAD segment with RWX permissions
Memory region         Used Size  Region Size  %age Used
             RAM:      265264 B       512 KB     50.60%
           FLASH:      205740 B       512 KB     39.24%
