Archive member included to satisfy reference by file (symbol)

C:/Users/Lenovo/AppData/Local/stm32cube/bundles/gnu-tools-for-stm32/14.3.1+st.2/bin/../lib/gcc/arm-none-eabi/14.3.1/../../../../arm-none-eabi/lib/thumb/v7e-m+dp/hard\libg_nano.a(libc_a-exit.o)
                              C:/Users/Lenovo/AppData/Local/stm32cube/bundles/gnu-tools-for-stm32/14.3.1+st.2/bin/../lib/gcc/arm-none-eabi/14.3.1/../../../../arm-none-eabi/lib/thumb/v7e-m+dp/hard/crt0.o (exit)
C:/Users/Lenovo/AppData/Local/stm32cube/bundles/gnu-tools-for-stm32/14.3.1+st.2/bin/../lib/gcc/arm-none-eabi/14.3.1/../../../../arm-none-eabi/lib/thumb/v7e-m+dp/hard\libg_nano.a(libc_a-findfp.o)
                              C:/Users/Lenovo/AppData/Local/stm32cube/bundles/gnu-tools-for-stm32/14.3.1+st.2/bin/../lib/gcc/arm-none-eabi/14.3.1/../../../../arm-none-eabi/lib/thumb/v7e-m+dp/hard\libg_nano.a(libc_a-exit.o) (__stdio_exit_handler)
C:/Users/Lenovo/AppData/Local/stm32cube/bundles/gnu-tools-for-stm32/14.3.1+st.2/bin/../lib/gcc/arm-none-eabi/14.3.1/../../../../arm-none-eabi/lib/thumb/v7e-m+dp/hard\libg_nano.a(libc_a-fwalk.o)
                              C:/Users/Lenovo/AppData/Local/stm32cube/bundles/gnu-tools-for-stm32/14.3.1+st.2/bin/../lib/gcc/arm-none-eabi/14.3.1/../../../../arm-none-eabi/lib/thumb/v7e-m+dp/hard\libg_nano.a(libc_a-findfp.o) (_fwalk_sglue)
C:/Users/Lenovo/AppData/Local/stm32cube/bundles/gnu-tools-for-stm32/14.3.1+st.2/bin/../lib/gcc/arm-none-eabi/14.3.1/../../../../arm-none-eabi/lib/thumb/v7e-m+dp/hard\libg_nano.a(libc_a-stdio.o)
                              C:/Users/Lenovo/AppData/Local/stm32cube/bundles/gnu-tools-for-stm32/14.3.1+st.2/bin/../lib/gcc/arm-none-eabi/14.3.1/../../../../arm-none-eabi/lib/thumb/v7e-m+dp/hard\libg_nano.a(libc_a-findfp.o) (__sread)
C:/Users/Lenovo/AppData/Local/stm32cube/bundles/gnu-tools-for-stm32/14.3.1+st.2/bin/../lib/gcc/arm-none-eabi/14.3.1/../../../../arm-none-eabi/lib/thumb/v7e-m+dp/hard\libg_nano.a(libc_a-memset.o)
                              C:/Users/Lenovo/AppData/Local/stm32cube/bundles/gnu-tools-for-stm32/14.3.1+st.2/bin/../lib/gcc/arm-none-eabi/14.3.1/../../../../arm-none-eabi/lib/thumb/v7e-m+dp/hard/crt0.o (memset)
C:/Users/Lenovo/AppData/Local/stm32cube/bundles/gnu-tools-for-stm32/14.3.1+st.2/bin/../lib/gcc/arm-none-eabi/14.3.1/../../../../arm-none-eabi/lib/thumb/v7e-m+dp/hard\libg_nano.a(libc_a-closer.o)
                              C:/Users/Lenovo/AppData/Local/stm32cube/bundles/gnu-tools-for-stm32/14.3.1+st.2/bin/../lib/gcc/arm-none-eabi/14.3.1/../../../../arm-none-eabi/lib/thumb/v7e-m+dp/hard\libg_nano.a(libc_a-stdio.o) (_close_r)
C:/Users/Lenovo/AppData/Local/stm32cube/bundles/gnu-tools-for-stm32/14.3.1+st.2/bin/../lib/gcc/arm-none-eabi/14.3.1/../../../../arm-none-eabi/lib/thumb/v7e-m+dp/hard\libg_nano.a(libc_a-reent.o)
                              C:/Users/Lenovo/AppData/Local/stm32cube/bundles/gnu-tools-for-stm32/14.3.1+st.2/bin/../lib/gcc/arm-none-eabi/14.3.1/../../../../arm-none-eabi/lib/thumb/v7e-m+dp/hard\libg_nano.a(libc_a-closer.o) (errno)
C:/Users/Lenovo/AppData/Local/stm32cube/bundles/gnu-tools-for-stm32/14.3.1+st.2/bin/../lib/gcc/arm-none-eabi/14.3.1/../../../../arm-none-eabi/lib/thumb/v7e-m+dp/hard\libg_nano.a(libc_a-impure.o)
                              C:/Users/Lenovo/AppData/Local/stm32cube/bundles/gnu-tools-for-stm32/14.3.1+st.2/bin/../lib/gcc/arm-none-eabi/14.3.1/../../../../arm-none-eabi/lib/thumb/v7e-m+dp/hard\libg_nano.a(libc_a-reent.o) (_impure_ptr)
C:/Users/Lenovo/AppData/Local/stm32cube/bundles/gnu-tools-for-stm32/14.3.1+st.2/bin/../lib/gcc/arm-none-eabi/14.3.1/../../../../arm-none-eabi/lib/thumb/v7e-m+dp/hard\libg_nano.a(libc_a-lseekr.o)
                              C:/Users/Lenovo/AppData/Local/stm32cube/bundles/gnu-tools-for-stm32/14.3.1+st.2/bin/../lib/gcc/arm-none-eabi/14.3.1/../../../../arm-none-eabi/lib/thumb/v7e-m+dp/hard\libg_nano.a(libc_a-stdio.o) (_lseek_r)
C:/Users/Lenovo/AppData/Local/stm32cube/bundles/gnu-tools-for-stm32/14.3.1+st.2/bin/../lib/gcc/arm-none-eabi/14.3.1/../../../../arm-none-eabi/lib/thumb/v7e-m+dp/hard\libg_nano.a(libc_a-readr.o)
                              C:/Users/Lenovo/AppData/Local/stm32cube/bundles/gnu-tools-for-stm32/14.3.1+st.2/bin/../lib/gcc/arm-none-eabi/14.3.1/../../../../arm-none-eabi/lib/thumb/v7e-m+dp/hard\libg_nano.a(libc_a-stdio.o) (_read_r)
C:/Users/Lenovo/AppData/Local/stm32cube/bundles/gnu-tools-for-stm32/14.3.1+st.2/bin/../lib/gcc/arm-none-eabi/14.3.1/../../../../arm-none-eabi/lib/thumb/v7e-m+dp/hard\libg_nano.a(libc_a-writer.o)
                              C:/Users/Lenovo/AppData/Local/stm32cube/bundles/gnu-tools-for-stm32/14.3.1+st.2/bin/../lib/gcc/arm-none-eabi/14.3.1/../../../../arm-none-eabi/lib/thumb/v7e-m+dp/hard\libg_nano.a(libc_a-stdio.o) (_write_r)
C:/Users/Lenovo/AppData/Local/stm32cube/bundles/gnu-tools-for-stm32/14.3.1+st.2/bin/../lib/gcc/arm-none-eabi/14.3.1/../../../../arm-none-eabi/lib/thumb/v7e-m+dp/hard\libg_nano.a(libc_a-init.o)
[...]
Memory Configuration

Name             Origin             Length             Attributes
FLASH            0x08000000         0x00010000         xr
DTCMRAM          0x20000000         0x00020000         xrw
RAM_D1           0x24000000         0x00080000         xrw
RAM_D2           0x30000000         0x00048000         xrw
RAM_D3           0x38000000         0x00010000         xrw
ITCMRAM          0x00000000         0x00010000         xrw
*default*        0x00000000         0xffffffff

Linker script and memory map

LOAD C:/Users/Lenovo/AppData/Local/stm32cube/bundles/gnu-tools-for-stm32/14.3.1+st.2/bin/../lib/gcc/arm-none-eabi/14.3.1/thumb/v7e-m+dp/hard/crti.o
LOAD C:/Users/Lenovo/AppData/Local/stm32cube/bundles/gnu-tools-for-stm32/14.3.1+st.2/bin/../lib/gcc/arm-none-eabi/14.3.1/thumb/v7e-m+dp/hard/crtbegin.o
LOAD C:/Users/Lenovo/AppData/Local/stm32cube/bundles/gnu-tools-for-stm32/14.3.1+st.2/bin/../lib/gcc/arm-none-eabi/14.3.1/../../../../arm-none-eabi/lib/thumb/v7e-m+dp/hard/crt0.o
LOAD CMakeFiles/boot.dir/startup_stm32h743xx.s.obj
LOAD CMakeFiles/boot.dir/Core/Src/main_boot.c.obj
LOAD CMakeFiles/boot.dir/Core/Src/spi.c.obj
LOAD CMakeFiles/boot.dir/Core/Src/stm32h7xx_hal_msp.c.obj
LOAD CMakeFiles/boot.dir/Core/Src/boot_crc.c.obj
LOAD CMakeFiles/boot.dir/Core/Src/boot_w25q.c.obj
LOAD CMakeFiles/boot.dir/Core/Src/system_stm32h7xx.c.obj
LOAD CMakeFiles/boot.dir/Drivers/STM32H7xx_HAL_Driver/Src/stm32h7xx_hal.c.obj
LOAD CMakeFiles/boot.dir/Drivers/STM32H7xx_HAL_Driver/Src/stm32h7xx_hal_cortex.c.obj
LOAD CMakeFiles/boot.dir/Drivers/STM32H7xx_HAL_Driver/Src/stm32h7xx_hal_rcc.c.obj
LOAD CMakeFiles/boot.dir/Drivers/STM32H7xx_HAL_Driver/Src/stm32h7xx_hal_rcc_ex.c.obj
LOAD CMakeFiles/boot.dir/Drivers/STM32H7xx_HAL_Driver/Src/stm32h7xx_hal_gpio.c.obj
LOAD CMakeFiles/boot.dir/Drivers/STM32H7xx_HAL_Driver/Src/stm32h7xx_hal_dma.c.obj
LOAD CMakeFiles/boot.dir/Drivers/STM32H7xx_HAL_Driver/Src/stm32h7xx_hal_spi.c.obj
LOAD CMakeFiles/boot.dir/Drivers/STM32H7xx_HAL_Driver/Src/stm32h7xx_hal_spi_ex.c.obj
LOAD CMakeFiles/boot.dir/Drivers/STM32H7xx_HAL_Driver/Src/stm32h7xx_hal_flash.c.obj
LOAD CMakeFiles/boot.dir/Drivers/STM32H7xx_HAL_Driver/Src/stm32h7xx_hal_flash_ex.c.obj
LOAD CMakeFiles/boot.dir/Drivers/STM32H7xx_HAL_Driver/Src/stm32h7xx_hal_pwr.c.obj
LOAD CMakeFiles/boot.dir/Drivers/STM32H7xx_HAL_Driver/Src/stm32h7xx_hal_pwr_ex.c.obj
LOAD CMakeFiles/boot.dir/Drivers/STM32H7xx_HAL_Driver/Src/stm32h7xx_hal_exti.c.obj
START GROUP
LOAD C:/Users/Lenovo/AppData/Local/stm32cube/bundles/gnu-tools-for-stm32/14.3.1+st.2/bin/../lib/gcc/arm-none-eabi/14.3.1/thumb/v7e-m+dp/hard\libgcc.a
LOAD C:/Users/Lenovo/AppData/Local/stm32cube/bundles/gnu-tools-for-stm32/14.3.1+st.2/bin/../lib/gcc/arm-none-eabi/14.3.1/../../../../arm-none-eabi/lib/thumb/v7e-m+dp/hard\libg_nano.a
LOAD C:/Users/Lenovo/AppData/Local/stm32cube/bundles/gnu-tools-for-stm32/14.3.1+st.2/bin/../lib/gcc/arm-none-eabi/14.3.1/../../../../arm-none-eabi/lib/thumb/v7e-m+dp/hard\libc_nano.a
END GROUP
START GROUP
LOAD C:/Users/Lenovo/AppData/Local/stm32cube/bundles/gnu-tools-for-stm32/14.3.1+st.2/bin/../lib/gcc/arm-none-eabi/14.3.1/thumb/v7e-m+dp/hard\libgcc.a
LOAD C:/Users/Lenovo/AppData/Local/stm32cube/bundles/gnu-tools-for-stm32/14.3.1+st.2/bin/../lib/gcc/arm-none-eabi/14.3.1/../../../../arm-none-eabi/lib/thumb/v7e-m+dp/hard\libc_nano.a
END GROUP
LOAD C:/Users/Lenovo/AppData/Local/stm32cube/bundles/gnu-tools-for-stm32/14.3.1+st.2/bin/../lib/gcc/arm-none-eabi/14.3.1/thumb/v7e-m+dp/hard/crtend.o
LOAD C:/Users/Lenovo/AppData/Local/stm32cube/bundles/gnu-tools-for-stm32/14.3.1+st.2/bin/../lib/gcc/arm-none-eabi/14.3.1/thumb/v7e-m+dp/hard/crtn.o
                0x24080000                        _estack = (ORIGIN (RAM_D1) + LENGTH (RAM_D1))
                0x00000400                        _Min_Heap_Size = 0x400
                0x00000800                        _Min_Stack_Size = 0x800

.isr_vector     0x08000000      0x298
                0x08000000                        . = ALIGN (0x4)
 *(.isr_vector)
 .isr_vector    0x08000000      0x298 CMakeFiles/boot.dir/startup_stm32h743xx.s.obj
                0x08000000                g_pfnVectors
                0x08000298                        . = ALIGN (0x4)

.text           0x08000298     0x42fc
                0x08000298                        . = ALIGN (0x4)
 *(.text)
 .text          0x08000298       0x40 C:/Users/Lenovo/AppData/Local/stm32cube/bundles/gnu-tools-for-stm32/14.3.1+st.2/bin/../lib/gcc/arm-none-eabi/14.3.1/thumb/v7e-m+dp/hard/crtbegin.o
 *(.text*)
 .text.Reset_Handler
                0x080002d8       0x54 CMakeFiles/boot.dir/startup_stm32h743xx.s.obj
                0x080002d8                Reset_Handler
 .text.Default_Handler
                0x0800032c        0x2 CMakeFiles/boot.dir/startup_stm32h743xx.s.obj
                0x0800032c                RTC_Alarm_IRQHandler
                0x0800032c                EXTI2_IRQHandler
                0x0800032c                TIM8_CC_IRQHandler
                0x0800032c                HRTIM1_Master_IRQHandler
                0x0800032c                DebugMon_Handler
                0x0800032c                UART8_IRQHandler
                0x0800032c                SPI4_IRQHandler
                0x0800032c                TIM1_CC_IRQHandler
                0x0800032c                BDMA_Channel6_IRQHandler
                0x0800032c                DMA2_Stream5_IRQHandler
                0x0800032c                HRTIM1_FLT_IRQHandler
                0x0800032c                JPEG_IRQHandler
                0x0800032c                DMA1_Stream5_IRQHandler
                0x0800032c                BDMA_Channel1_IRQHandler
                0x0800032c                HRTIM1_TIMD_IRQHandler
                0x0800032c                TAMP_STAMP_IRQHandler
                0x0800032c                PendSV_Handler
                0x0800032c                NMI_Handler
                0x0800032c                EXTI3_IRQHandler
                0x0800032c                LPTIM4_IRQHandler
                0x0800032c                TIM8_TRG_COM_TIM14_IRQHandler
                0x0800032c                LPTIM2_IRQHandler
                0x0800032c                DFSDM1_FLT1_IRQHandler
                0x0800032c                DMAMUX2_OVR_IRQHandler
                0x0800032c                TIM8_UP_TIM13_IRQHandler
                0x0800032c                I2C3_ER_IRQHandler
                0x0800032c                DFSDM1_FLT2_IRQHandler
                0x0800032c                MDMA_IRQHandler
                0x0800032c                LPTIM3_IRQHandler
                0x0800032c                HSEM1_IRQHandler
                0x0800032c                EXTI0_IRQHandler
                0x0800032c                I2C2_EV_IRQHandler
                0x0800032c                DMA1_Stream2_IRQHandler
                0x0800032c                FPU_IRQHandler
                0x0800032c                OTG_HS_WKUP_IRQHandler
                0x0800032c                FDCAN1_IT1_IRQHandler
                0x0800032c                UsageFault_Handler
                0x0800032c                LTDC_ER_IRQHandler
                0x0800032c                DMA2_Stream2_IRQHandler
                0x0800032c                HRTIM1_TIME_IRQHandler
                0x0800032c                SPI1_IRQHandler
                0x0800032c                TIM6_DAC_IRQHandler
                0x0800032c                DCMI_IRQHandler
                0x0800032c                HRTIM1_TIMC_IRQHandler
                0x0800032c                DMA2_Stream3_IRQHandler
                0x0800032c                SAI2_IRQHandler
                0x0800032c                DFSDM1_FLT3_IRQHandler
                0x0800032c                USART6_IRQHandler
                0x0800032c                TIM17_IRQHandler
                0x0800032c                USART3_IRQHandler
                0x0800032c                BDMA_Channel7_IRQHandler
                0x0800032c                LPTIM5_IRQHandler
                0x0800032c                UART5_IRQHandler
                0x0800032c                ADC3_IRQHandler
                0x0800032c                DMA2_Stream0_IRQHandler
                0x0800032c                TIM4_IRQHandler
                0x0800032c                BDMA_Channel2_IRQHandler
                0x0800032c                QUADSPI_IRQHandler
                0x0800032c                I2C1_EV_IRQHandler
                0x0800032c                DMA1_Stream6_IRQHandler
                0x0800032c                DMAMUX1_OVR_IRQHandler
                0x0800032c                DMA1_Stream1_IRQHandler
                0x0800032c                TIM16_IRQHandler
                0x0800032c                UART4_IRQHandler
                0x0800032c                BDMA_Channel5_IRQHandler
                0x0800032c                TIM3_IRQHandler
                0x0800032c                RCC_IRQHandler
                0x0800032c                TIM8_BRK_TIM12_IRQHandler
                0x0800032c                TIM1_TRG_COM_IRQHandler
                0x0800032c                Default_Handler
                0x0800032c                ECC_IRQHandler
                0x0800032c                CEC_IRQHandler
                0x0800032c                EXTI15_10_IRQHandler
                0x0800032c                BDMA_Channel0_IRQHandler
                0x0800032c                ADC_IRQHandler
                0x0800032c                DMA1_Stream7_IRQHandler
                0x0800032c                HRTIM1_TIMA_IRQHandler
                0x0800032c                SPI5_IRQHandler
                0x0800032c                TIM7_IRQHandler
                0x0800032c                SDMMC1_IRQHandler
                0x0800032c                TIM5_IRQHandler
                0x0800032c                DMA2_Stream7_IRQHandler
                0x0800032c                TIM15_IRQHandler
                0x0800032c                PVD_AVD_IRQHandler
                0x0800032c                I2C3_EV_IRQHandler
                0x0800032c                EXTI9_5_IRQHandler
                0x0800032c                RTC_WKUP_IRQHandler
                0x0800032c                LTDC_IRQHandler
                0x0800032c                SAI3_IRQHandler
                0x0800032c                ETH_WKUP_IRQHandler
                0x0800032c                SPDIF_RX_IRQHandler
                0x0800032c                SPI2_IRQHandler
                0x0800032c                OTG_HS_EP1_IN_IRQHandler
                0x0800032c                MemManage_Handler
                0x0800032c                DMA1_Stream0_IRQHandler
                0x0800032c                SVC_Handler
                0x0800032c                CRS_IRQHandler
                0x0800032c                EXTI4_IRQHandler
                0x0800032c                RNG_IRQHandler
                0x0800032c                HRTIM1_TIMB_IRQHandler
                0x0800032c                FDCAN2_IT1_IRQHandler
                0x0800032c                ETH_IRQHandler
                0x0800032c                TIM1_UP_IRQHandler
                0x0800032c                BDMA_Channel4_IRQHandler
                0x0800032c                OTG_HS_EP1_OUT_IRQHandler
                0x0800032c                WWDG_IRQHandler
                0x0800032c                SPI6_IRQHandler
                0x0800032c                MDIOS_IRQHandler
                0x0800032c                I2C4_EV_IRQHandler
                0x0800032c                FDCAN2_IT0_IRQHandler
                0x0800032c                LPUART1_IRQHandler
                0x0800032c                FDCAN1_IT0_IRQHandler
                0x0800032c                TIM2_IRQHandler
                0x0800032c                OTG_FS_WKUP_IRQHandler
                0x0800032c                OTG_HS_IRQHandler
                0x0800032c                DMA2D_IRQHandler
                0x0800032c                TIM1_BRK_IRQHandler
                0x0800032c                EXTI1_IRQHandler
                0x0800032c                SDMMC2_IRQHandler
                0x0800032c                OTG_FS_EP1_OUT_IRQHandler
                0x0800032c                BDMA_Channel3_IRQHandler
                0x0800032c                UART7_IRQHandler
                0x0800032c                MDIOS_WKUP_IRQHandler
                0x0800032c                USART2_IRQHandler
                0x0800032c                DFSDM1_FLT0_IRQHandler
                0x0800032c                SAI4_IRQHandler
                0x0800032c                I2C2_ER_IRQHandler
                0x0800032c                DMA2_Stream1_IRQHandler
                0x0800032c                FLASH_IRQHandler
                0x0800032c                DMA2_Stream4_IRQHandler
                0x0800032c                BusFault_Handler
                0x0800032c                USART1_IRQHandler
                0x0800032c                OTG_FS_IRQHandler
                0x0800032c                SPI3_IRQHandler
                0x0800032c                WAKEUP_PIN_IRQHandler
                0x0800032c                DMA1_Stream4_IRQHandler
                0x0800032c                OTG_FS_EP1_IN_IRQHandler
                0x0800032c                I2C1_ER_IRQHandler
                0x0800032c                FMC_IRQHandler
                0x0800032c                FDCAN_CAL_IRQHandler
                0x0800032c                SWPMI1_IRQHandler
                0x0800032c                COMP1_IRQHandler
                0x0800032c                LPTIM1_IRQHandler
                0x0800032c                I2C4_ER_IRQHandler
                0x0800032c                DMA2_Stream6_IRQHandler
                0x0800032c                SAI1_IRQHandler
                0x0800032c                DMA1_Stream3_IRQHandler
 .text.boot_clock_init
                0x0800032e       0x56 CMakeFiles/boot.dir/Core/Src/main_boot.c.obj
 .text.boot_kick_iwdg
                0x08000384       0x1c CMakeFiles/boot.dir/Core/Src/main_boot.c.obj
 .text.boot_print_reset_cause
                0x080003a0        0xe CMakeFiles/boot.dir/Core/Src/main_boot.c.obj
 *fill*         0x080003ae        0x2 
 .text.boot_uart_init
                0x080003b0       0xa4 CMakeFiles/boot.dir/Core/Src/main_boot.c.obj
 .text.boot_uart_putc
                0x08000454       0x30 CMakeFiles/boot.dir/Core/Src/main_boot.c.obj
 .text.boot_uart_puts
                0x08000484       0x2a CMakeFiles/boot.dir/Core/Src/main_boot.c.obj
 *fill*         0x080004ae        0x2 
 .text.boot_uart_puthex
                0x080004b0       0x64 CMakeFiles/boot.dir/Core/Src/main_boot.c.obj
 .text.boot_uart_putdec
                0x08000514       0x7c CMakeFiles/boot.dir/Core/Src/main_boot.c.obj
 .text.SysTick_Handler
                0x08000590        0xc CMakeFiles/boot.dir/Core/Src/main_boot.c.obj
                0x08000590                SysTick_Handler
 .text.Error_Handler
                0x0800059c        0x8 CMakeFiles/boot.dir/Core/Src/main_boot.c.obj
                0x0800059c                Error_Handler
 .text.HardFault_Handler
                0x080005a4       0xdc CMakeFiles/boot.dir/Core/Src/main_boot.c.obj
                0x080005a4                HardFault_Handler
 .text.boot_gpio_init
                0x08000680       0x88 CMakeFiles/boot.dir/Core/Src/main_boot.c.obj
 .text.JumpToApp
                0x08000708       0x38 CMakeFiles/boot.dir/Core/Src/main_boot.c.obj
 .text.app_valid
                0x08000740       0x48 CMakeFiles/boot.dir/Core/Src/main_boot.c.obj
 .text.flash_unlock
                0x08000788       0x38 CMakeFiles/boot.dir/Core/Src/main_boot.c.obj
 .text.flash_lock
                0x080007c0       0x24 CMakeFiles/boot.dir/Core/Src/main_boot.c.obj
 .text.flash_wait_bank2
                0x080007e4       0xf0 CMakeFiles/boot.dir/Core/Src/main_boot.c.obj
 .text.erase_app_internal
                0x080008d4       0x88 CMakeFiles/boot.dir/Core/Src/main_boot.c.obj
 .text.burn_spi_to_internal
                0x0800095c      0x1a8 CMakeFiles/boot.dir/Core/Src/main_boot.c.obj
 .text.backup_app_to_bak
                0x08000b04       0xc2 CMakeFiles/boot.dir/Core/Src/main_boot.c.obj
 .text.calc_internal_crc
                0x08000bc6       0x9a CMakeFiles/boot.dir/Core/Src/main_boot.c.obj
 .text.calc_spi_crc
                0x08000c60       0xae CMakeFiles/boot.dir/Core/Src/main_boot.c.obj
 .text.write_meta
                0x08000d0e       0x24 CMakeFiles/boot.dir/Core/Src/main_boot.c.obj
 *fill*         0x08000d32        0x2 
 .text.do_update
                0x08000d34      0x128 CMakeFiles/boot.dir/Core/Src/main_boot.c.obj
 .text.main     0x08000e5c      0x154 CMakeFiles/boot.dir/Core/Src/main_boot.c.obj
                0x08000e5c                main
 .text.MX_SPI1_Init
                0x08000fb0       0xac CMakeFiles/boot.dir/Core/Src/spi.c.obj
                0x08000fb0                MX_SPI1_Init
 .text.HAL_SPI_MspInit
                0x0800105c       0xd4 CMakeFiles/boot.dir/Core/Src/spi.c.obj
                0x0800105c                HAL_SPI_MspInit
 .text.HAL_MspInit
                0x08001130       0x3c CMakeFiles/boot.dir/Core/Src/stm32h7xx_hal_msp.c.obj
                0x08001130                HAL_MspInit
 .text.boot_calc_crc32
                0x0800116c       0x54 CMakeFiles/boot.dir/Core/Src/boot_crc.c.obj
                0x0800116c                boot_calc_crc32
 .text.cs_low   0x080011c0       0x18 CMakeFiles/boot.dir/Core/Src/boot_w25q.c.obj
 .text.cs_high  0x080011d8       0x18 CMakeFiles/boot.dir/Core/Src/boot_w25q.c.obj
 .text.spi_tx   0x080011f0       0x28 CMakeFiles/boot.dir/Core/Src/boot_w25q.c.obj
 .text.spi_tx_rx
                0x08001218       0x2c CMakeFiles/boot.dir/Core/Src/boot_w25q.c.obj
 .text.read_sr  0x08001244       0x2e CMakeFiles/boot.dir/Core/Src/boot_w25q.c.obj
 .text.wait_busy
                0x08001272       0x20 CMakeFiles/boot.dir/Core/Src/boot_w25q.c.obj
 .text.write_enable
                0x08001292       0x24 CMakeFiles/boot.dir/Core/Src/boot_w25q.c.obj
 *fill*         0x080012b6        0x2 
 .text.w25q_read
                0x080012b8       0xb4 CMakeFiles/boot.dir/Core/Src/boot_w25q.c.obj
                0x080012b8                w25q_read
 .text.w25q_write
                0x0800136c       0x98 CMakeFiles/boot.dir/Core/Src/boot_w25q.c.obj
                0x0800136c                w25q_write
 .text.w25q_erase_block64k
                0x08001404       0x48 CMakeFiles/boot.dir/Core/Src/boot_w25q.c.obj
                0x08001404                w25q_erase_block64k
 .text.w25q_erase_sector4k
                0x0800144c       0x48 CMakeFiles/boot.dir/Core/Src/boot_w25q.c.obj
                0x0800144c                w25q_erase_sector4k
 .text.SystemInit
                0x08001494      0x140 CMakeFiles/boot.dir/Core/Src/system_stm32h7xx.c.obj
                0x08001494                SystemInit
 .text.ExitRun0Mode
                0x080015d4       0x30 CMakeFiles/boot.dir/Core/Src/system_stm32h7xx.c.obj
                0x080015d4                ExitRun0Mode
 .text.HAL_Init
                0x08001604       0x78 CMakeFiles/boot.dir/Drivers/STM32H7xx_HAL_Driver/Src/stm32h7xx_hal.c.obj
                0x08001604                HAL_Init
 .text.HAL_InitTick
                0x0800167c       0x6c CMakeFiles/boot.dir/Drivers/STM32H7xx_HAL_Driver/Src/stm32h7xx_hal.c.obj
                0x0800167c                HAL_InitTick
 .text.HAL_IncTick
                0x080016e8       0x28 CMakeFiles/boot.dir/Drivers/STM32H7xx_HAL_Driver/Src/stm32h7xx_hal.c.obj
                0x080016e8                HAL_IncTick
 .text.HAL_GetTick
                0x08001710       0x18 CMakeFiles/boot.dir/Drivers/STM32H7xx_HAL_Driver/Src/stm32h7xx_hal.c.obj
                0x08001710                HAL_GetTick
 .text.HAL_Delay
                0x08001728       0x48 CMakeFiles/boot.dir/Drivers/STM32H7xx_HAL_Driver/Src/stm32h7xx_hal.c.obj
                0x08001728                HAL_Delay
 .text.__NVIC_SetPriorityGrouping
                0x08001770       0x48 CMakeFiles/boot.dir/Drivers/STM32H7xx_HAL_Driver/Src/stm32h7xx_hal_cortex.c.obj
 .text.__NVIC_GetPriorityGrouping
                0x080017b8       0x1c CMakeFiles/boot.dir/Drivers/STM32H7xx_HAL_Driver/Src/stm32h7xx_hal_cortex.c.obj
 .text.__NVIC_SetPriority
                0x080017d4       0x54 CMakeFiles/boot.dir/Drivers/STM32H7xx_HAL_Driver/Src/stm32h7xx_hal_cortex.c.obj
 .text.NVIC_EncodePriority
                0x08001828       0x66 CMakeFiles/boot.dir/Drivers/STM32H7xx_HAL_Driver/Src/stm32h7xx_hal_cortex.c.obj
 *fill*         0x0800188e        0x2 
 .text.SysTick_Config
                0x08001890       0x44 CMakeFiles/boot.dir/Drivers/STM32H7xx_HAL_Driver/Src/stm32h7xx_hal_cortex.c.obj
 .text.HAL_NVIC_SetPriorityGrouping
                0x080018d4       0x16 CMakeFiles/boot.dir/Drivers/STM32H7xx_HAL_Driver/Src/stm32h7xx_hal_cortex.c.obj
                0x080018d4                HAL_NVIC_SetPriorityGrouping
 .text.HAL_NVIC_SetPriority
                0x080018ea       0x34 CMakeFiles/boot.dir/Drivers/STM32H7xx_HAL_Driver/Src/stm32h7xx_hal_cortex.c.obj
                0x080018ea                HAL_NVIC_SetPriority
 .text.HAL_SYSTICK_Config
                0x0800191e       0x18 CMakeFiles/boot.dir/Drivers/STM32H7xx_HAL_Driver/Src/stm32h7xx_hal_cortex.c.obj
                0x0800191e                HAL_SYSTICK_Config
 *fill*         0x08001936        0x2 
 .text.HAL_RCC_GetSysClockFreq
                0x08001938      0x2f4 CMakeFiles/boot.dir/Drivers/STM32H7xx_HAL_Driver/Src/stm32h7xx_hal_rcc.c.obj
                0x08001938                HAL_RCC_GetSysClockFreq
 .text.HAL_RCCEx_PeriphCLKConfig
                0x08001c2c     0x1414 CMakeFiles/boot.dir/Drivers/STM32H7xx_HAL_Driver/Src/stm32h7xx_hal_rcc_ex.c.obj
                0x08001c2c                HAL_RCCEx_PeriphCLKConfig
 .text.RCCEx_PLL2_Config
                0x08003040      0x164 CMakeFiles/boot.dir/Drivers/STM32H7xx_HAL_Driver/Src/stm32h7xx_hal_rcc_ex.c.obj
 .text.RCCEx_PLL3_Config
                0x080031a4      0x164 CMakeFiles/boot.dir/Drivers/STM32H7xx_HAL_Driver/Src/stm32h7xx_hal_rcc_ex.c.obj
 .text.HAL_GPIO_Init
                0x08003308      0x360 CMakeFiles/boot.dir/Drivers/STM32H7xx_HAL_Driver/Src/stm32h7xx_hal_gpio.c.obj
                0x08003308                HAL_GPIO_Init
 .text.HAL_GPIO_WritePin
                0x08003668       0x32 CMakeFiles/boot.dir/Drivers/STM32H7xx_HAL_Driver/Src/stm32h7xx_hal_gpio.c.obj
                0x08003668                HAL_GPIO_WritePin
 *fill*         0x0800369a        0x2 
 .text.HAL_SPI_Init
                0x0800369c      0x248 CMakeFiles/boot.dir/Drivers/STM32H7xx_HAL_Driver/Src/stm32h7xx_hal_spi.c.obj
                0x0800369c                HAL_SPI_Init
 .text.HAL_SPI_Transmit
                0x080038e4      0x3dc CMakeFiles/boot.dir/Drivers/STM32H7xx_HAL_Driver/Src/stm32h7xx_hal_spi.c.obj
                0x080038e4                HAL_SPI_Transmit
 .text.HAL_SPI_TransmitReceive
                0x08003cc0      0x674 CMakeFiles/boot.dir/Drivers/STM32H7xx_HAL_Driver/Src/stm32h7xx_hal_spi.c.obj
                0x08003cc0                HAL_SPI_TransmitReceive
 .text.SPI_CloseTransfer
                0x08004334      0x140 CMakeFiles/boot.dir/Drivers/STM32H7xx_HAL_Driver/Src/stm32h7xx_hal_spi.c.obj
 .text.SPI_WaitOnFlagUntilTimeout
                0x08004474       0x5c CMakeFiles/boot.dir/Drivers/STM32H7xx_HAL_Driver/Src/stm32h7xx_hal_spi.c.obj
 .text.SPI_GetPacketSize
                0x080044d0       0x36 CMakeFiles/boot.dir/Drivers/STM32H7xx_HAL_Driver/Src/stm32h7xx_hal_spi.c.obj
 .text.memset   0x08004506       0x10 C:/Users/Lenovo/AppData/Local/stm32cube/bundles/gnu-tools-for-stm32/14.3.1+st.2/bin/../lib/gcc/arm-none-eabi/14.3.1/../../../../arm-none-eabi/lib/thumb/v7e-m+dp/hard\libg_nano.a(libc_a-memset.o)
                0x08004506                memset
 *fill*         0x08004516        0x2 
 .text.__libc_init_array
                0x08004518       0x48 C:/Users/Lenovo/AppData/Local/stm32cube/bundles/gnu-tools-for-stm32/14.3.1+st.2/bin/../lib/gcc/arm-none-eabi/14.3.1/../../../../arm-none-eabi/lib/thumb/v7e-m+dp/hard\libg_nano.a(libc_a-init.o)
                0x08004518                __libc_init_array
 .text.memcpy   0x08004560       0x1c C:/Users/Lenovo/AppData/Local/stm32cube/bundles/gnu-tools-for-stm32/14.3.1+st.2/bin/../lib/gcc/arm-none-eabi/14.3.1/../../../../arm-none-eabi/lib/thumb/v7e-m+dp/hard\libg_nano.a(libc_a-memcpy-stub.o)
                0x08004560                memcpy
 *(.glue_7)
 .glue_7        0x0800457c        0x0 linker stubs
 *(.glue_7t)
 .glue_7t       0x0800457c        0x0 linker stubs
 *(.eh_frame)
 .eh_frame      0x0800457c        0x0 C:/Users/Lenovo/AppData/Local/stm32cube/bundles/gnu-tools-for-stm32/14.3.1+st.2/bin/../lib/gcc/arm-none-eabi/14.3.1/thumb/v7e-m+dp/hard/crtbegin.o
 *(.init)
 .init          0x0800457c        0x4 C:/Users/Lenovo/AppData/Local/stm32cube/bundles/gnu-tools-for-stm32/14.3.1+st.2/bin/../lib/gcc/arm-none-eabi/14.3.1/thumb/v7e-m+dp/hard/crti.o
                0x0800457c                _init
 .init          0x08004580        0x8 C:/Users/Lenovo/AppData/Local/stm32cube/bundles/gnu-tools-for-stm32/14.3.1+st.2/bin/../lib/gcc/arm-none-eabi/14.3.1/thumb/v7e-m+dp/hard/crtn.o
 *(.fini)
 .fini          0x08004588        0x4 C:/Users/Lenovo/AppData/Local/stm32cube/bundles/gnu-tools-for-stm32/14.3.1+st.2/bin/../lib/gcc/arm-none-eabi/14.3.1/thumb/v7e-m+dp/hard/crti.o
                0x08004588                _fini
 .fini          0x0800458c        0x8 C:/Users/Lenovo/AppData/Local/stm32cube/bundles/gnu-tools-for-stm32/14.3.1+st.2/bin/../lib/gcc/arm-none-eabi/14.3.1/thumb/v7e-m+dp/hard/crtn.o
                0x08004594                        . = ALIGN (0x4)
                0x08004594                        _etext = .

.vfp11_veneer   0x08004594        0x0
 .vfp11_veneer  0x08004594        0x0 linker stubs

.v4_bx          0x08004594        0x0
 .v4_bx         0x08004594        0x0 linker stubs

.iplt           0x08004594        0x0
 .iplt          0x08004594        0x0 C:/Users/Lenovo/AppData/Local/stm32cube/bundles/gnu-tools-for-stm32/14.3.1+st.2/bin/../lib/gcc/arm-none-eabi/14.3.1/thumb/v7e-m+dp/hard/crtbegin.o

.rodata         0x08004594      0x724
                0x08004594                        . = ALIGN (0x4)
 *(.rodata)
 .rodata        0x08004594      0x2fe CMakeFiles/boot.dir/Core/Src/main_boot.c.obj
 *(.rodata*)
 *fill*         0x08004892        0x2 
 .rodata.hex.0  0x08004894       0x11 CMakeFiles/boot.dir/Core/Src/main_boot.c.obj
 *fill*         0x080048a5        0x3 
 .rodata.crc32_table
                0x080048a8      0x400 CMakeFiles/boot.dir/Core/Src/boot_crc.c.obj
 .rodata.D1CorePrescTable
                0x08004ca8       0x10 CMakeFiles/boot.dir/Core/Src/system_stm32h7xx.c.obj
                0x08004ca8                D1CorePrescTable
                0x08004cb8                        . = ALIGN (0x4)

.ARM.extab      0x08004cb8        0x0
                0x08004cb8                        . = ALIGN (0x4)
 *(.ARM.extab* .gnu.linkonce.armextab.*)
                0x08004cb8                        . = ALIGN (0x4)

.ARM            0x08004cb8        0x0
                0x08004cb8                        . = ALIGN (0x4)
                0x08004cb8                        __exidx_start = .
 *(.ARM.exidx*)
                0x08004cb8                        __exidx_end = .
                0x08004cb8                        . = ALIGN (0x4)

.preinit_array  0x08004cb8        0x0
                0x08004cb8                        . = ALIGN (0x4)
                0x08004cb8                        PROVIDE (__preinit_array_start = .)
 *(.preinit_array*)
                0x08004cb8                        PROVIDE (__preinit_array_end = .)
                0x08004cb8                        . = ALIGN (0x4)

.init_array     0x08004cb8        0x4
                0x08004cb8                        . = ALIGN (0x4)
                0x08004cb8                        PROVIDE (__init_array_start = .)
 *(SORT_BY_NAME(.init_array.*))
 *(.init_array*)
 .init_array    0x08004cb8        0x4 C:/Users/Lenovo/AppData/Local/stm32cube/bundles/gnu-tools-for-stm32/14.3.1+st.2/bin/../lib/gcc/arm-none-eabi/14.3.1/thumb/v7e-m+dp/hard/crtbegin.o
                0x08004cbc                        PROVIDE (__init_array_end = .)
                0x08004cbc                        . = ALIGN (0x4)

.fini_array     0x08004cbc        0x4
                0x08004cbc                        . = ALIGN (0x4)
                [!provide]                        PROVIDE (__fini_array_start = .)
 *(SORT_BY_NAME(.fini_array.*))
 *(.fini_array*)
 .fini_array    0x08004cbc        0x4 C:/Users/Lenovo/AppData/Local/stm32cube/bundles/gnu-tools-for-stm32/14.3.1+st.2/bin/../lib/gcc/arm-none-eabi/14.3.1/thumb/v7e-m+dp/hard/crtbegin.o
                [!provide]                        PROVIDE (__fini_array_end = .)
                0x08004cc0                        . = ALIGN (0x4)
                0x08004cc0                        _sidata = LOADADDR (.data)

.rel.dyn        0x08004cc0        0x0
 .rel.iplt      0x08004cc0        0x0 C:/Users/Lenovo/AppData/Local/stm32cube/bundles/gnu-tools-for-stm32/14.3.1+st.2/bin/../lib/gcc/arm-none-eabi/14.3.1/thumb/v7e-m+dp/hard/crtbegin.o

.data           0x24000000       0x10 load address 0x08004cc0
                0x24000000                        . = ALIGN (0x4)
                0x24000000                        _sdata = .
 *(.data)
 *(.data*)
 .data.SystemCoreClock
                0x24000000        0x4 CMakeFiles/boot.dir/Core/Src/system_stm32h7xx.c.obj
                0x24000000                SystemCoreClock
 .data.SystemD2Clock
                0x24000004        0x4 CMakeFiles/boot.dir/Core/Src/system_stm32h7xx.c.obj
                0x24000004                SystemD2Clock
 .data.uwTickPrio
                0x24000008        0x4 CMakeFiles/boot.dir/Drivers/STM32H7xx_HAL_Driver/Src/stm32h7xx_hal.c.obj
                0x24000008                uwTickPrio
 .data.uwTickFreq
                0x2400000c        0x1 CMakeFiles/boot.dir/Drivers/STM32H7xx_HAL_Driver/Src/stm32h7xx_hal.c.obj
                0x2400000c                uwTickFreq
 *(.RamFunc)
 *(.RamFunc*)
                0x24000010                        . = ALIGN (0x4)
 *fill*         0x2400000d        0x3 
                0x24000010                        _edata = .

.igot.plt       0x24000010        0x0 load address 0x08004cd0
 .igot.plt      0x24000010        0x0 C:/Users/Lenovo/AppData/Local/stm32cube/bundles/gnu-tools-for-stm32/14.3.1+st.2/bin/../lib/gcc/arm-none-eabi/14.3.1/thumb/v7e-m+dp/hard/crtbegin.o
                0x24000010                        . = ALIGN (0x4)

.bss            0x24000010      0x2a8 load address 0x08004cd0
                0x24000010                        _sbss = .
                0x24000010                        __bss_start__ = _sbss
 *(.bss)
 .bss           0x24000010       0x1c C:/Users/Lenovo/AppData/Local/stm32cube/bundles/gnu-tools-for-stm32/14.3.1+st.2/bin/../lib/gcc/arm-none-eabi/14.3.1/thumb/v7e-m+dp/hard/crtbegin.o
 *(.bss*)
 .bss.hspi1     0x2400002c       0x88 CMakeFiles/boot.dir/Core/Src/spi.c.obj
                0x2400002c                hspi1
 .bss.tmp.0     0x240000b4      0x200 CMakeFiles/boot.dir/Core/Src/boot_w25q.c.obj
 .bss.uwTick    0x240002b4        0x4 CMakeFiles/boot.dir/Drivers/STM32H7xx_HAL_Driver/Src/stm32h7xx_hal.c.obj
                0x240002b4                uwTick
 *(COMMON)
                0x240002b8                        . = ALIGN (0x4)
                0x240002b8                        _ebss = .
                0x240002b8                        __bss_end__ = _ebss

._user_heap_stack
                0x240002b8      0xc00 load address 0x08004cd0
                0x240002b8                        . = ALIGN (0x8)
                [!provide]                        PROVIDE (end = .)
                [!provide]                        PROVIDE (_end = .)
                0x240006b8                        . = (. + _Min_Heap_Size)
 *fill*         0x240002b8      0x400 
                0x24000eb8                        . = (. + _Min_Stack_Size)
 *fill*         0x240006b8      0x800 
                0x24000eb8                        . = ALIGN (0x8)

/DISCARD/
 libc.a(*)
 libm.a(*)
 libgcc.a(*)

.ARM.attributes
                0x00000000       0x2e
 *(.ARM.attributes)
 .ARM.attributes
                0x00000000       0x20 C:/Users/Lenovo/AppData/Local/stm32cube/bundles/gnu-tools-for-stm32/14.3.1+st.2/bin/../lib/gcc/arm-none-eabi/14.3.1/thumb/v7e-m+dp/hard/crti.o
 .ARM.attributes
                0x00000020       0x32 C:/Users/Lenovo/AppData/Local/stm32cube/bundles/gnu-tools-for-stm32/14.3.1+st.2/bin/../lib/gcc/arm-none-eabi/14.3.1/thumb/v7e-m+dp/hard/crtbegin.o
 .ARM.attributes
                0x00000052       0x21 CMakeFiles/boot.dir/startup_stm32h743xx.s.obj
 .ARM.attributes
                0x00000073       0x32 CMakeFiles/boot.dir/Core/Src/main_boot.c.obj
 .ARM.attributes
                0x000000a5       0x32 CMakeFiles/boot.dir/Core/Src/spi.c.obj
 .ARM.attributes
                0x000000d7       0x32 CMakeFiles/boot.dir/Core/Src/stm32h7xx_hal_msp.c.obj
 .ARM.attributes
                0x00000109       0x32 CMakeFiles/boot.dir/Core/Src/boot_crc.c.obj
 .ARM.attributes
                0x0000013b       0x32 CMakeFiles/boot.dir/Core/Src/boot_w25q.c.obj
 .ARM.attributes
                0x0000016d       0x32 CMakeFiles/boot.dir/Core/Src/system_stm32h7xx.c.obj
 .ARM.attributes
                0x0000019f       0x32 CMakeFiles/boot.dir/Drivers/STM32H7xx_HAL_Driver/Src/stm32h7xx_hal.c.obj
 .ARM.attributes
                0x000001d1       0x32 CMakeFiles/boot.dir/Drivers/STM32H7xx_HAL_Driver/Src/stm32h7xx_hal_cortex.c.obj
 .ARM.attributes
                0x00000203       0x32 CMakeFiles/boot.dir/Drivers/STM32H7xx_HAL_Driver/Src/stm32h7xx_hal_rcc.c.obj
 .ARM.attributes
                0x00000235       0x32 CMakeFiles/boot.dir/Drivers/STM32H7xx_HAL_Driver/Src/stm32h7xx_hal_rcc_ex.c.obj
 .ARM.attributes
                0x00000267       0x32 CMakeFiles/boot.dir/Drivers/STM32H7xx_HAL_Driver/Src/stm32h7xx_hal_gpio.c.obj
 .ARM.attributes
                0x00000299       0x32 CMakeFiles/boot.dir/Drivers/STM32H7xx_HAL_Driver/Src/stm32h7xx_hal_spi.c.obj
 .ARM.attributes
                0x000002cb       0x32 C:/Users/Lenovo/AppData/Local/stm32cube/bundles/gnu-tools-for-stm32/14.3.1+st.2/bin/../lib/gcc/arm-none-eabi/14.3.1/../../../../arm-none-eabi/lib/thumb/v7e-m+dp/hard\libg_nano.a(libc_a-memset.o)
 .ARM.attributes
                0x000002fd       0x32 C:/Users/Lenovo/AppData/Local/stm32cube/bundles/gnu-tools-for-stm32/14.3.1+st.2/bin/../lib/gcc/arm-none-eabi/14.3.1/../../../../arm-none-eabi/lib/thumb/v7e-m+dp/hard\libg_nano.a(libc_a-init.o)
 .ARM.attributes
                0x0000032f       0x32 C:/Users/Lenovo/AppData/Local/stm32cube/bundles/gnu-tools-for-stm32/14.3.1+st.2/bin/../lib/gcc/arm-none-eabi/14.3.1/../../../../arm-none-eabi/lib/thumb/v7e-m+dp/hard\libg_nano.a(libc_a-memcpy-stub.o)
 .ARM.attributes
                0x00000361       0x20 C:/Users/Lenovo/AppData/Local/stm32cube/bundles/gnu-tools-for-stm32/14.3.1+st.2/bin/../lib/gcc/arm-none-eabi/14.3.1/thumb/v7e-m+dp/hard/crtn.o
OUTPUT(boot.elf elf32-littlearm)
LOAD linker stubs
LOAD C:/Users/Lenovo/AppData/Local/stm32cube/bundles/gnu-tools-for-stm32/14.3.1+st.2/bin/../lib/gcc/arm-none-eabi/14.3.1/../../../../arm-none-eabi/lib/thumb/v7e-m+dp/hard\libc.a
LOAD C:/Users/Lenovo/AppData/Local/stm32cube/bundles/gnu-tools-for-stm32/14.3.1+st.2/bin/../lib/gcc/arm-none-eabi/14.3.1/../../../../arm-none-eabi/lib/thumb/v7e-m+dp/hard\libm.a
LOAD C:/Users/Lenovo/AppData/Local/stm32cube/bundles/gnu-tools-for-stm32/14.3.1+st.2/bin/../lib/gcc/arm-none-eabi/14.3.1/thumb/v7e-m+dp/hard\libgcc.a

.debug_line     0x00000000     0xab97
 .debug_line    0x00000000       0x7b CMakeFiles/boot.dir/startup_stm32h743xx.s.obj
 .debug_line    0x0000007b      0xe9b CMakeFiles/boot.dir/Core/Src/main_boot.c.obj
 .debug_line    0x00000f16      0x787 CMakeFiles/boot.dir/Core/Src/spi.c.obj
 .debug_line    0x0000169d      0x6e2 CMakeFiles/boot.dir/Core/Src/stm32h7xx_hal_msp.c.obj
 .debug_line    0x00001d7f      0x365 CMakeFiles/boot.dir/Core/Src/boot_crc.c.obj
 .debug_line    0x000020e4      0x91d CMakeFiles/boot.dir/Core/Src/boot_w25q.c.obj
 .debug_line    0x00002a01      0x8bf CMakeFiles/boot.dir/Core/Src/system_stm32h7xx.c.obj
 .debug_line    0x000032c0      0xc9b CMakeFiles/boot.dir/Drivers/STM32H7xx_HAL_Driver/Src/stm32h7xx_hal.c.obj
 .debug_line    0x00003f5b      0xc82 CMakeFiles/boot.dir/Drivers/STM32H7xx_HAL_Driver/Src/stm32h7xx_hal_cortex.c.obj
 .debug_line    0x00004bdd     0x133f CMakeFiles/boot.dir/Drivers/STM32H7xx_HAL_Driver/Src/stm32h7xx_hal_rcc.c.obj
 .debug_line    0x00005f1c     0x1c4b CMakeFiles/boot.dir/Drivers/STM32H7xx_HAL_Driver/Src/stm32h7xx_hal_rcc_ex.c.obj
 .debug_line    0x00007b67      0xb1e CMakeFiles/boot.dir/Drivers/STM32H7xx_HAL_Driver/Src/stm32h7xx_hal_gpio.c.obj
 .debug_line    0x00008685     0x202a CMakeFiles/boot.dir/Drivers/STM32H7xx_HAL_Driver/Src/stm32h7xx_hal_spi.c.obj
 .debug_line    0x0000a6af      0x17e C:/Users/Lenovo/AppData/Local/stm32cube/bundles/gnu-tools-for-stm32/14.3.1+st.2/bin/../lib/gcc/arm-none-eabi/14.3.1/../../../../arm-none-eabi/lib/thumb/v7e-m+dp/hard\libg_nano.a(libc_a-memset.o)
 .debug_line    0x0000a82d      0x168 C:/Users/Lenovo/AppData/Local/stm32cube/bundles/gnu-tools-for-stm32/14.3.1+st.2/bin/../lib/gcc/arm-none-eabi/14.3.1/../../../../arm-none-eabi/lib/thumb/v7e-m+dp/hard\libg_nano.a(libc_a-init.o)
 .debug_line    0x0000a995      0x202 C:/Users/Lenovo/AppData/Local/stm32cube/bundles/gnu-tools-for-stm32/14.3.1+st.2/bin/../lib/gcc/arm-none-eabi/14.3.1/../../../../arm-none-eabi/lib/thumb/v7e-m+dp/hard\libg_nano.a(libc_a-memcpy-stub.o)

.debug_line_str
                0x00000000       0x3c
 .debug_line_str
                0x00000000       0x3c CMakeFiles/boot.dir/startup_stm32h743xx.s.obj

.debug_info     0x00000000     0xb360
 .debug_info    0x00000000       0x30 CMakeFiles/boot.dir/startup_stm32h743xx.s.obj
 .debug_info    0x00000030     0x18cb CMakeFiles/boot.dir/Core/Src/main_boot.c.obj
 .debug_info    0x000018fb      0xd53 CMakeFiles/boot.dir/Core/Src/spi.c.obj
 .debug_info    0x0000264e      0x814 CMakeFiles/boot.dir/Core/Src/stm32h7xx_hal_msp.c.obj
 .debug_info    0x00002e62      0x141 CMakeFiles/boot.dir/Core/Src/boot_crc.c.obj
 .debug_info    0x00002fa3      0xbe0 CMakeFiles/boot.dir/Core/Src/boot_w25q.c.obj
 .debug_info    0x00003b83      0xdb2 CMakeFiles/boot.dir/Core/Src/system_stm32h7xx.c.obj
 .debug_info    0x00004935     0x153b CMakeFiles/boot.dir/Drivers/STM32H7xx_HAL_Driver/Src/stm32h7xx_hal.c.obj
 .debug_info    0x00005e70     0x10b1 CMakeFiles/boot.dir/Drivers/STM32H7xx_HAL_Driver/Src/stm32h7xx_hal_cortex.c.obj
 .debug_info    0x00006f21      0xe6a CMakeFiles/boot.dir/Drivers/STM32H7xx_HAL_Driver/Src/stm32h7xx_hal_rcc.c.obj
 .debug_info    0x00007d8b     0x1225 CMakeFiles/boot.dir/Drivers/STM32H7xx_HAL_Driver/Src/stm32h7xx_hal_rcc_ex.c.obj
 .debug_info    0x00008fb0      0xc5a CMakeFiles/boot.dir/Drivers/STM32H7xx_HAL_Driver/Src/stm32h7xx_hal_gpio.c.obj
 .debug_info    0x00009c0a     0x144a CMakeFiles/boot.dir/Drivers/STM32H7xx_HAL_Driver/Src/stm32h7xx_hal_spi.c.obj
 .debug_info    0x0000b054       0xe0 C:/Users/Lenovo/AppData/Local/stm32cube/bundles/gnu-tools-for-stm32/14.3.1+st.2/bin/../lib/gcc/arm-none-eabi/14.3.1/../../../../arm-none-eabi/lib/thumb/v7e-m+dp/hard\libg_nano.a(libc_a-memset.o)
 .debug_info    0x0000b134      0x10b C:/Users/Lenovo/AppData/Local/stm32cube/bundles/gnu-tools-for-stm32/14.3.1+st.2/bin/../lib/gcc/arm-none-eabi/14.3.1/../../../../arm-none-eabi/lib/thumb/v7e-m+dp/hard\libg_nano.a(libc_a-init.o)
 .debug_info    0x0000b23f      0x121 C:/Users/Lenovo/AppData/Local/stm32cube/bundles/gnu-tools-for-stm32/14.3.1+st.2/bin/../lib/gcc/arm-none-eabi/14.3.1/../../../../arm-none-eabi/lib/thumb/v7e-m+dp/hard\libg_nano.a(libc_a-memcpy-stub.o)

.debug_abbrev   0x00000000     0x1e12
 .debug_abbrev  0x00000000       0x24 CMakeFiles/boot.dir/startup_stm32h743xx.s.obj
 .debug_abbrev  0x00000024      0x454 CMakeFiles/boot.dir/Core/Src/main_boot.c.obj
 .debug_abbrev  0x00000478      0x22a CMakeFiles/boot.dir/Core/Src/spi.c.obj
 .debug_abbrev  0x000006a2      0x11c CMakeFiles/boot.dir/Core/Src/stm32h7xx_hal_msp.c.obj
 .debug_abbrev  0x000007be       0xc6 CMakeFiles/boot.dir/Core/Src/boot_crc.c.obj
 .debug_abbrev  0x00000884      0x24c CMakeFiles/boot.dir/Core/Src/boot_w25q.c.obj
 .debug_abbrev  0x00000ad0      0x165 CMakeFiles/boot.dir/Core/Src/system_stm32h7xx.c.obj
 .debug_abbrev  0x00000c35      0x295 CMakeFiles/boot.dir/Drivers/STM32H7xx_HAL_Driver/Src/stm32h7xx_hal.c.obj
 .debug_abbrev  0x00000eca      0x339 CMakeFiles/boot.dir/Drivers/STM32H7xx_HAL_Driver/Src/stm32h7xx_hal_cortex.c.obj
 .debug_abbrev  0x00001203      0x2c8 CMakeFiles/boot.dir/Drivers/STM32H7xx_HAL_Driver/Src/stm32h7xx_hal_rcc.c.obj
 .debug_abbrev  0x000014cb      0x269 CMakeFiles/boot.dir/Drivers/STM32H7xx_HAL_Driver/Src/stm32h7xx_hal_rcc_ex.c.obj
 .debug_abbrev  0x00001734      0x205 CMakeFiles/boot.dir/Drivers/STM32H7xx_HAL_Driver/Src/stm32h7xx_hal_gpio.c.obj
 .debug_abbrev  0x00001939      0x2b1 CMakeFiles/boot.dir/Drivers/STM32H7xx_HAL_Driver/Src/stm32h7xx_hal_spi.c.obj
 .debug_abbrev  0x00001bea       0x9e C:/Users/Lenovo/AppData/Local/stm32cube/bundles/gnu-tools-for-stm32/14.3.1+st.2/bin/../lib/gcc/arm-none-eabi/14.3.1/../../../../arm-none-eabi/lib/thumb/v7e-m+dp/hard\libg_nano.a(libc_a-memset.o)
 .debug_abbrev  0x00001c88       0xc9 C:/Users/Lenovo/AppData/Local/stm32cube/bundles/gnu-tools-for-stm32/14.3.1+st.2/bin/../lib/gcc/arm-none-eabi/14.3.1/../../../../arm-none-eabi/lib/thumb/v7e-m+dp/hard\libg_nano.a(libc_a-init.o)
 .debug_abbrev  0x00001d51       0xc1 C:/Users/Lenovo/AppData/Local/stm32cube/bundles/gnu-tools-for-stm32/14.3.1+st.2/bin/../lib/gcc/arm-none-eabi/14.3.1/../../../../arm-none-eabi/lib/thumb/v7e-m+dp/hard\libg_nano.a(libc_a-memcpy-stub.o)

.debug_aranges  0x00000000      0x8c0
 .debug_aranges
                0x00000000       0x28 CMakeFiles/boot.dir/startup_stm32h743xx.s.obj
 .debug_aranges
                0x00000028       0xe0 CMakeFiles/boot.dir/Core/Src/main_boot.c.obj
 .debug_aranges
                0x00000108       0x30 CMakeFiles/boot.dir/Core/Src/spi.c.obj
 .debug_aranges
                0x00000138       0x20 CMakeFiles/boot.dir/Core/Src/stm32h7xx_hal_msp.c.obj
 .debug_aranges
                0x00000158       0x20 CMakeFiles/boot.dir/Core/Src/boot_crc.c.obj
 .debug_aranges
                0x00000178       0x70 CMakeFiles/boot.dir/Core/Src/boot_w25q.c.obj
 .debug_aranges
                0x000001e8       0x30 CMakeFiles/boot.dir/Core/Src/system_stm32h7xx.c.obj
 .debug_aranges
                0x00000218      0x198 CMakeFiles/boot.dir/Drivers/STM32H7xx_HAL_Driver/Src/stm32h7xx_hal.c.obj
 .debug_aranges
                0x000003b0      0x130 CMakeFiles/boot.dir/Drivers/STM32H7xx_HAL_Driver/Src/stm32h7xx_hal_cortex.c.obj
 .debug_aranges
                0x000004e0       0x88 CMakeFiles/boot.dir/Drivers/STM32H7xx_HAL_Driver/Src/stm32h7xx_hal_rcc.c.obj
 .debug_aranges
                0x00000568       0xf8 CMakeFiles/boot.dir/Drivers/STM32H7xx_HAL_Driver/Src/stm32h7xx_hal_rcc_ex.c.obj
 .debug_aranges
                0x00000660       0x58 CMakeFiles/boot.dir/Drivers/STM32H7xx_HAL_Driver/Src/stm32h7xx_hal_gpio.c.obj
 .debug_aranges
                0x000006b8      0x1a8 CMakeFiles/boot.dir/Drivers/STM32H7xx_HAL_Driver/Src/stm32h7xx_hal_spi.c.obj
 .debug_aranges
                0x00000860       0x20 C:/Users/Lenovo/AppData/Local/stm32cube/bundles/gnu-tools-for-stm32/14.3.1+st.2/bin/../lib/gcc/arm-none-eabi/14.3.1/../../../../arm-none-eabi/lib/thumb/v7e-m+dp/hard\libg_nano.a(libc_a-memset.o)
 .debug_aranges
                0x00000880       0x20 C:/Users/Lenovo/AppData/Local/stm32cube/bundles/gnu-tools-for-stm32/14.3.1+st.2/bin/../lib/gcc/arm-none-eabi/14.3.1/../../../../arm-none-eabi/lib/thumb/v7e-m+dp/hard\libg_nano.a(libc_a-init.o)
 .debug_aranges
                0x000008a0       0x20 C:/Users/Lenovo/AppData/Local/stm32cube/bundles/gnu-tools-for-stm32/14.3.1+st.2/bin/../lib/gcc/arm-none-eabi/14.3.1/../../../../arm-none-eabi/lib/thumb/v7e-m+dp/hard\libg_nano.a(libc_a-memcpy-stub.o)

.debug_str      0x00000000   0x14f4a3
 .debug_str     0x00000000   0x14f4a3 CMakeFiles/boot.dir/startup_stm32h743xx.s.obj
                                 0x58 (size before relaxing)
 .debug_str     0x0014f4a3   0x14c95a CMakeFiles/boot.dir/Core/Src/main_boot.c.obj
 .debug_str     0x0014f4a3   0x14c3d6 CMakeFiles/boot.dir/Core/Src/spi.c.obj
 .debug_str     0x0014f4a3   0x14c511 CMakeFiles/boot.dir/Core/Src/stm32h7xx_hal_msp.c.obj
 .debug_str     0x0014f4a3     0x417d CMakeFiles/boot.dir/Core/Src/boot_crc.c.obj
 .debug_str     0x0014f4a3   0x14c367 CMakeFiles/boot.dir/Core/Src/boot_w25q.c.obj
 .debug_str     0x0014f4a3   0x14b522 CMakeFiles/boot.dir/Core/Src/system_stm32h7xx.c.obj
 .debug_str     0x0014f4a3   0x14c3f9 CMakeFiles/boot.dir/Drivers/STM32H7xx_HAL_Driver/Src/stm32h7xx_hal.c.obj
 .debug_str     0x0014f4a3   0x14be34 CMakeFiles/boot.dir/Drivers/STM32H7xx_HAL_Driver/Src/stm32h7xx_hal_cortex.c.obj
 .debug_str     0x0014f4a3   0x14b87e CMakeFiles/boot.dir/Drivers/STM32H7xx_HAL_Driver/Src/stm32h7xx_hal_rcc.c.obj
 .debug_str     0x0014f4a3   0x14bd5f CMakeFiles/boot.dir/Drivers/STM32H7xx_HAL_Driver/Src/stm32h7xx_hal_rcc_ex.c.obj
 .debug_str     0x0014f4a3   0x14b49a CMakeFiles/boot.dir/Drivers/STM32H7xx_HAL_Driver/Src/stm32h7xx_hal_gpio.c.obj
 .debug_str     0x0014f4a3   0x14bba2 CMakeFiles/boot.dir/Drivers/STM32H7xx_HAL_Driver/Src/stm32h7xx_hal_spi.c.obj
 .debug_str     0x0014f4a3      0x214 C:/Users/Lenovo/AppData/Local/stm32cube/bundles/gnu-tools-for-stm32/14.3.1+st.2/bin/../lib/gcc/arm-none-eabi/14.3.1/../../../../arm-none-eabi/lib/thumb/v7e-m+dp/hard\libg_nano.a(libc_a-memset.o)
 .debug_str     0x0014f4a3      0x275 C:/Users/Lenovo/AppData/Local/stm32cube/bundles/gnu-tools-for-stm32/14.3.1+st.2/bin/../lib/gcc/arm-none-eabi/14.3.1/../../../../arm-none-eabi/lib/thumb/v7e-m+dp/hard\libg_nano.a(libc_a-init.o)
 .debug_str     0x0014f4a3      0x232 C:/Users/Lenovo/AppData/Local/stm32cube/bundles/gnu-tools-for-stm32/14.3.1+st.2/bin/../lib/gcc/arm-none-eabi/14.3.1/../../../../arm-none-eabi/lib/thumb/v7e-m+dp/hard\libg_nano.a(libc_a-memcpy-stub.o)

.debug_rnglists
                0x00000000      0x679
 .debug_rnglists
                0x00000000       0x19 CMakeFiles/boot.dir/startup_stm32h743xx.s.obj
 .debug_rnglists
                0x00000019       0xae CMakeFiles/boot.dir/Core/Src/main_boot.c.obj
 .debug_rnglists
                0x000000c7       0x21 CMakeFiles/boot.dir/Core/Src/spi.c.obj
 .debug_rnglists
                0x000000e8       0x13 CMakeFiles/boot.dir/Core/Src/stm32h7xx_hal_msp.c.obj
 .debug_rnglists
                0x000000fb       0x13 CMakeFiles/boot.dir/Core/Src/boot_crc.c.obj
 .debug_rnglists
                0x0000010e       0x51 CMakeFiles/boot.dir/Core/Src/boot_w25q.c.obj
 .debug_rnglists
                0x0000015f       0x21 CMakeFiles/boot.dir/Core/Src/system_stm32h7xx.c.obj
 .debug_rnglists
                0x00000180      0x131 CMakeFiles/boot.dir/Drivers/STM32H7xx_HAL_Driver/Src/stm32h7xx_hal.c.obj
 .debug_rnglists
                0x000002b1       0xe0 CMakeFiles/boot.dir/Drivers/STM32H7xx_HAL_Driver/Src/stm32h7xx_hal_cortex.c.obj
 .debug_rnglists
                0x00000391       0x68 CMakeFiles/boot.dir/Drivers/STM32H7xx_HAL_Driver/Src/stm32h7xx_hal_rcc.c.obj
 .debug_rnglists
                0x000003f9       0xc0 CMakeFiles/boot.dir/Drivers/STM32H7xx_HAL_Driver/Src/stm32h7xx_hal_rcc_ex.c.obj
 .debug_rnglists
                0x000004b9       0x3f CMakeFiles/boot.dir/Drivers/STM32H7xx_HAL_Driver/Src/stm32h7xx_hal_gpio.c.obj
 .debug_rnglists
                0x000004f8      0x148 CMakeFiles/boot.dir/Drivers/STM32H7xx_HAL_Driver/Src/stm32h7xx_hal_spi.c.obj
 .debug_rnglists
                0x00000640       0x13 C:/Users/Lenovo/AppData/Local/stm32cube/bundles/gnu-tools-for-stm32/14.3.1+st.2/bin/../lib/gcc/arm-none-eabi/14.3.1/../../../../arm-none-eabi/lib/thumb/v7e-m+dp/hard\libg_nano.a(libc_a-memset.o)
 .debug_rnglists
                0x00000653       0x13 C:/Users/Lenovo/AppData/Local/stm32cube/bundles/gnu-tools-for-stm32/14.3.1+st.2/bin/../lib/gcc/arm-none-eabi/14.3.1/../../../../arm-none-eabi/lib/thumb/v7e-m+dp/hard\libg_nano.a(libc_a-init.o)
 .debug_rnglists
                0x00000666       0x13 C:/Users/Lenovo/AppData/Local/stm32cube/bundles/gnu-tools-for-stm32/14.3.1+st.2/bin/../lib/gcc/arm-none-eabi/14.3.1/../../../../arm-none-eabi/lib/thumb/v7e-m+dp/hard\libg_nano.a(libc_a-memcpy-stub.o)

.debug_macro    0x00000000    0x34fb8
 .debug_macro   0x00000000      0x33d CMakeFiles/boot.dir/Core/Src/main_boot.c.obj
 .debug_macro   0x0000033d      0xaf0 CMakeFiles/boot.dir/Core/Src/main_boot.c.obj
 .debug_macro   0x00000e2d      0x220 CMakeFiles/boot.dir/Core/Src/main_boot.c.obj
 .debug_macro   0x0000104d       0x2e CMakeFiles/boot.dir/Core/Src/main_boot.c.obj
 .debug_macro   0x0000107b       0x3b CMakeFiles/boot.dir/Core/Src/main_boot.c.obj
 .debug_macro   0x000010b6       0x22 CMakeFiles/boot.dir/Core/Src/main_boot.c.obj
 .debug_macro   0x000010d8       0x8e CMakeFiles/boot.dir/Core/Src/main_boot.c.obj
 .debug_macro   0x00001166       0x51 CMakeFiles/boot.dir/Core/Src/main_boot.c.obj
 .debug_macro   0x000011b7      0x103 CMakeFiles/boot.dir/Core/Src/main_boot.c.obj
 .debug_macro   0x000012ba       0x6a CMakeFiles/boot.dir/Core/Src/main_boot.c.obj
 .debug_macro   0x00001324      0x1df CMakeFiles/boot.dir/Core/Src/main_boot.c.obj
 .debug_macro   0x00001503       0x1c CMakeFiles/boot.dir/Core/Src/main_boot.c.obj
 .debug_macro   0x0000151f       0x22 CMakeFiles/boot.dir/Core/Src/main_boot.c.obj
 .debug_macro   0x00001541       0xfb CMakeFiles/boot.dir/Core/Src/main_boot.c.obj
 .debug_macro   0x0000163c     0x1305 CMakeFiles/boot.dir/Core/Src/main_boot.c.obj
 .debug_macro   0x00002941      0x11f CMakeFiles/boot.dir/Core/Src/main_boot.c.obj
 .debug_macro   0x00002a60       0x27 CMakeFiles/boot.dir/Core/Src/main_boot.c.obj
 .debug_macro   0x00002a87    0x25b9b CMakeFiles/boot.dir/Core/Src/main_boot.c.obj
 .debug_macro   0x00028622       0x6d CMakeFiles/boot.dir/Core/Src/main_boot.c.obj
 .debug_macro   0x0002868f     0x3d79 CMakeFiles/boot.dir/Core/Src/main_boot.c.obj
 .debug_macro   0x0002c408      0x190 CMakeFiles/boot.dir/Core/Src/main_boot.c.obj
 .debug_macro   0x0002c598       0x74 CMakeFiles/boot.dir/Core/Src/main_boot.c.obj
 .debug_macro   0x0002c60c       0x29 CMakeFiles/boot.dir/Core/Src/main_boot.c.obj
 .debug_macro   0x0002c635       0x3c CMakeFiles/boot.dir/Core/Src/main_boot.c.obj
 .debug_macro   0x0002c671       0x34 CMakeFiles/boot.dir/Core/Src/main_boot.c.obj
 .debug_macro   0x0002c6a5      0x364 CMakeFiles/boot.dir/Core/Src/main_boot.c.obj
 .debug_macro   0x0002ca09       0x16 CMakeFiles/boot.dir/Core/Src/main_boot.c.obj
 .debug_macro   0x0002ca1f       0x4a CMakeFiles/boot.dir/Core/Src/main_boot.c.obj
 .debug_macro   0x0002ca69       0x34 CMakeFiles/boot.dir/Core/Src/main_boot.c.obj
 .debug_macro   0x0002ca9d       0x10 CMakeFiles/boot.dir/Core/Src/main_boot.c.obj
 .debug_macro   0x0002caad       0x58 CMakeFiles/boot.dir/Core/Src/main_boot.c.obj
 .debug_macro   0x0002cb05      0x1de CMakeFiles/boot.dir/Core/Src/main_boot.c.obj
 .debug_macro   0x0002cce3      0x19b CMakeFiles/boot.dir/Core/Src/main_boot.c.obj
 .debug_macro   0x0002ce7e       0x5d CMakeFiles/boot.dir/Core/Src/main_boot.c.obj
 .debug_macro   0x0002cedb     0x2382 CMakeFiles/boot.dir/Core/Src/main_boot.c.obj
 .debug_macro   0x0002f25d     0x102c CMakeFiles/boot.dir/Core/Src/main_boot.c.obj
 .debug_macro   0x00030289      0x154 CMakeFiles/boot.dir/Core/Src/main_boot.c.obj
 .debug_macro   0x000303dd      0x114 CMakeFiles/boot.dir/Core/Src/main_boot.c.obj
 .debug_macro   0x000304f1      0x3b6 CMakeFiles/boot.dir/Core/Src/main_boot.c.obj
 .debug_macro   0x000308a7       0xac CMakeFiles/boot.dir/Core/Src/main_boot.c.obj
 .debug_macro   0x00030953      0x72d CMakeFiles/boot.dir/Core/Src/main_boot.c.obj
 .debug_macro   0x00031080      0x228 CMakeFiles/boot.dir/Core/Src/main_boot.c.obj
 .debug_macro   0x000312a8       0x66 CMakeFiles/boot.dir/Core/Src/main_boot.c.obj
 .debug_macro   0x0003130e      0x3e4 CMakeFiles/boot.dir/Core/Src/main_boot.c.obj
 .debug_macro   0x000316f2      0x275 CMakeFiles/boot.dir/Core/Src/main_boot.c.obj
 .debug_macro   0x00031967      0x3ca CMakeFiles/boot.dir/Core/Src/main_boot.c.obj
 .debug_macro   0x00031d31      0x408 CMakeFiles/boot.dir/Core/Src/main_boot.c.obj
 .debug_macro   0x00032139       0x51 CMakeFiles/boot.dir/Core/Src/main_boot.c.obj
 .debug_macro   0x0003218a      0x1c4 CMakeFiles/boot.dir/Core/Src/main_boot.c.obj
 .debug_macro   0x0003234e      0x25e CMakeFiles/boot.dir/Core/Src/main_boot.c.obj
 .debug_macro   0x000325ac       0x35 CMakeFiles/boot.dir/Core/Src/main_boot.c.obj
 .debug_macro   0x000325e1      0x5e4 CMakeFiles/boot.dir/Core/Src/main_boot.c.obj
 .debug_macro   0x00032bc5       0xc1 CMakeFiles/boot.dir/Core/Src/main_boot.c.obj
 .debug_macro   0x00032c86      0x5ac CMakeFiles/boot.dir/Core/Src/main_boot.c.obj
 .debug_macro   0x00033232       0x1c CMakeFiles/boot.dir/Core/Src/main_boot.c.obj
 .debug_macro   0x0003324e       0x3c CMakeFiles/boot.dir/Core/Src/main_boot.c.obj
 .debug_macro   0x0003328a       0x10 CMakeFiles/boot.dir/Core/Src/main_boot.c.obj
 .debug_macro   0x0003329a       0x1c CMakeFiles/boot.dir/Core/Src/main_boot.c.obj
 .debug_macro   0x000332b6       0x16 CMakeFiles/boot.dir/Core/Src/main_boot.c.obj
 .debug_macro   0x000332cc      0x170 CMakeFiles/boot.dir/Core/Src/main_boot.c.obj
 .debug_macro   0x0003343c      0x106 CMakeFiles/boot.dir/Core/Src/main_boot.c.obj
 .debug_macro   0x00033542       0x58 CMakeFiles/boot.dir/Core/Src/main_boot.c.obj
 .debug_macro   0x0003359a       0x16 CMakeFiles/boot.dir/Core/Src/main_boot.c.obj
 .debug_macro   0x000335b0       0x20 CMakeFiles/boot.dir/Core/Src/main_boot.c.obj
 .debug_macro   0x000335d0      0x2aa CMakeFiles/boot.dir/Core/Src/spi.c.obj
 .debug_macro   0x0003387a      0x2a0 CMakeFiles/boot.dir/Core/Src/stm32h7xx_hal_msp.c.obj
 .debug_macro   0x00033b1a       0x76 CMakeFiles/boot.dir/Core/Src/boot_crc.c.obj
 .debug_macro   0x00033b90      0x322 CMakeFiles/boot.dir/Core/Src/boot_w25q.c.obj
 .debug_macro   0x00033eb2      0x25d CMakeFiles/boot.dir/Core/Src/system_stm32h7xx.c.obj
 .debug_macro   0x0003410f      0x287 CMakeFiles/boot.dir/Drivers/STM32H7xx_HAL_Driver/Src/stm32h7xx_hal.c.obj
 .debug_macro   0x00034396      0x25d CMakeFiles/boot.dir/Drivers/STM32H7xx_HAL_Driver/Src/stm32h7xx_hal_cortex.c.obj
 .debug_macro   0x000345f3      0x281 CMakeFiles/boot.dir/Drivers/STM32H7xx_HAL_Driver/Src/stm32h7xx_hal_rcc.c.obj
 .debug_macro   0x00034874      0x27b CMakeFiles/boot.dir/Drivers/STM32H7xx_HAL_Driver/Src/stm32h7xx_hal_rcc_ex.c.obj
 .debug_macro   0x00034aef      0x264 CMakeFiles/boot.dir/Drivers/STM32H7xx_HAL_Driver/Src/stm32h7xx_hal_gpio.c.obj
 .debug_macro   0x00034d53      0x265 CMakeFiles/boot.dir/Drivers/STM32H7xx_HAL_Driver/Src/stm32h7xx_hal_spi.c.obj

.comment        0x00000000       0x43
 .comment       0x00000000       0x43 CMakeFiles/boot.dir/Core/Src/main_boot.c.obj
                                 0x44 (size before relaxing)
 .comment       0x00000043       0x44 CMakeFiles/boot.dir/Core/Src/spi.c.obj
 .comment       0x00000043       0x44 CMakeFiles/boot.dir/Core/Src/stm32h7xx_hal_msp.c.obj
 .comment       0x00000043       0x44 CMakeFiles/boot.dir/Core/Src/boot_crc.c.obj
 .comment       0x00000043       0x44 CMakeFiles/boot.dir/Core/Src/boot_w25q.c.obj
 .comment       0x00000043       0x44 CMakeFiles/boot.dir/Core/Src/system_stm32h7xx.c.obj
 .comment       0x00000043       0x44 CMakeFiles/boot.dir/Drivers/STM32H7xx_HAL_Driver/Src/stm32h7xx_hal.c.obj
 .comment       0x00000043       0x44 CMakeFiles/boot.dir/Drivers/STM32H7xx_HAL_Driver/Src/stm32h7xx_hal_cortex.c.obj
 .comment       0x00000043       0x44 CMakeFiles/boot.dir/Drivers/STM32H7xx_HAL_Driver/Src/stm32h7xx_hal_rcc.c.obj
 .comment       0x00000043       0x44 CMakeFiles/boot.dir/Drivers/STM32H7xx_HAL_Driver/Src/stm32h7xx_hal_rcc_ex.c.obj
 .comment       0x00000043       0x44 CMakeFiles/boot.dir/Drivers/STM32H7xx_HAL_Driver/Src/stm32h7xx_hal_gpio.c.obj
 .comment       0x00000043       0x44 CMakeFiles/boot.dir/Drivers/STM32H7xx_HAL_Driver/Src/stm32h7xx_hal_spi.c.obj
 .comment       0x00000043       0x44 C:/Users/Lenovo/AppData/Local/stm32cube/bundles/gnu-tools-for-stm32/14.3.1+st.2/bin/../lib/gcc/arm-none-eabi/14.3.1/../../../../arm-none-eabi/lib/thumb/v7e-m+dp/hard\libg_nano.a(libc_a-memset.o)
 .comment       0x00000043       0x44 C:/Users/Lenovo/AppData/Local/stm32cube/bundles/gnu-tools-for-stm32/14.3.1+st.2/bin/../lib/gcc/arm-none-eabi/14.3.1/../../../../arm-none-eabi/lib/thumb/v7e-m+dp/hard\libg_nano.a(libc_a-init.o)
 .comment       0x00000043       0x44 C:/Users/Lenovo/AppData/Local/stm32cube/bundles/gnu-tools-for-stm32/14.3.1+st.2/bin/../lib/gcc/arm-none-eabi/14.3.1/../../../../arm-none-eabi/lib/thumb/v7e-m+dp/hard\libg_nano.a(libc_a-memcpy-stub.o)

.debug_frame    0x00000000     0x1f50
 .debug_frame   0x00000000      0x350 CMakeFiles/boot.dir/Core/Src/main_boot.c.obj
 .debug_frame   0x00000350       0x74 CMakeFiles/boot.dir/Core/Src/spi.c.obj
 .debug_frame   0x000003c4       0x34 CMakeFiles/boot.dir/Core/Src/stm32h7xx_hal_msp.c.obj
 .debug_frame   0x000003f8       0x34 CMakeFiles/boot.dir/Core/Src/boot_crc.c.obj
 .debug_frame   0x0000042c      0x184 CMakeFiles/boot.dir/Core/Src/boot_w25q.c.obj
 .debug_frame   0x000005b0       0x6c CMakeFiles/boot.dir/Core/Src/system_stm32h7xx.c.obj
 .debug_frame   0x0000061c      0x5e8 CMakeFiles/boot.dir/Drivers/STM32H7xx_HAL_Driver/Src/stm32h7xx_hal.c.obj
 .debug_frame   0x00000c04      0x4b8 CMakeFiles/boot.dir/Drivers/STM32H7xx_HAL_Driver/Src/stm32h7xx_hal_cortex.c.obj
 .debug_frame   0x000010bc      0x1e4 CMakeFiles/boot.dir/Drivers/STM32H7xx_HAL_Driver/Src/stm32h7xx_hal_rcc.c.obj
 .debug_frame   0x000012a0      0x3d4 CMakeFiles/boot.dir/Drivers/STM32H7xx_HAL_Driver/Src/stm32h7xx_hal_rcc_ex.c.obj
 .debug_frame   0x00001674      0x130 CMakeFiles/boot.dir/Drivers/STM32H7xx_HAL_Driver/Src/stm32h7xx_hal_gpio.c.obj
 .debug_frame   0x000017a4      0x738 CMakeFiles/boot.dir/Drivers/STM32H7xx_HAL_Driver/Src/stm32h7xx_hal_spi.c.obj
 .debug_frame   0x00001edc       0x20 C:/Users/Lenovo/AppData/Local/stm32cube/bundles/gnu-tools-for-stm32/14.3.1+st.2/bin/../lib/gcc/arm-none-eabi/14.3.1/../../../../arm-none-eabi/lib/thumb/v7e-m+dp/hard\libg_nano.a(libc_a-memset.o)
 .debug_frame   0x00001efc       0x2c C:/Users/Lenovo/AppData/Local/stm32cube/bundles/gnu-tools-for-stm32/14.3.1+st.2/bin/../lib/gcc/arm-none-eabi/14.3.1/../../../../arm-none-eabi/lib/thumb/v7e-m+dp/hard\libg_nano.a(libc_a-init.o)
 .debug_frame   0x00001f28       0x28 C:/Users/Lenovo/AppData/Local/stm32cube/bundles/gnu-tools-for-stm32/14.3.1+st.2/bin/../lib/gcc/arm-none-eabi/14.3.1/../../../../arm-none-eabi/lib/thumb/v7e-m+dp/hard\libg_nano.a(libc_a-memcpy-stub.o)

.debug_loclists
                0x00000000      0x14e
 .debug_loclists
                0x00000000       0x4d C:/Users/Lenovo/AppData/Local/stm32cube/bundles/gnu-tools-for-stm32/14.3.1+st.2/bin/../lib/gcc/arm-none-eabi/14.3.1/../../../../arm-none-eabi/lib/thumb/v7e-m+dp/hard\libg_nano.a(libc_a-memset.o)
 .debug_loclists
                0x0000004d       0x54 C:/Users/Lenovo/AppData/Local/stm32cube/bundles/gnu-tools-for-stm32/14.3.1+st.2/bin/../lib/gcc/arm-none-eabi/14.3.1/../../../../arm-none-eabi/lib/thumb/v7e-m+dp/hard\libg_nano.a(libc_a-init.o)
 .debug_loclists
                0x000000a1       0xad C:/Users/Lenovo/AppData/Local/stm32cube/bundles/gnu-tools-for-stm32/14.3.1+st.2/bin/../lib/gcc/arm-none-eabi/14.3.1/../../../../arm-none-eabi/lib/thumb/v7e-m+dp/hard\libg_nano.a(libc_a-memcpy-stub.o)
